Component: ARM Compiler 5.06 update 6 (build 750) Tool: armlink [4d35ed]

==============================================================================

Section Cross References

    startup_stm32f103xb.o(RESET) refers to startup_stm32f103xb.o(STACK) for __initial_sp
    startup_stm32f103xb.o(RESET) refers to startup_stm32f103xb.o(.text) for Reset_Handler
    startup_stm32f103xb.o(RESET) refers to stm32f1xx_it.o(i.NMI_Handler) for NMI_Handler
    startup_stm32f103xb.o(RESET) refers to stm32f1xx_it.o(i.HardFault_Handler) for HardFault_Handler
    startup_stm32f103xb.o(RESET) refers to stm32f1xx_it.o(i.MemManage_Handler) for MemManage_Handler
    startup_stm32f103xb.o(RESET) refers to stm32f1xx_it.o(i.BusFault_Handler) for BusFault_Handler
    startup_stm32f103xb.o(RESET) refers to stm32f1xx_it.o(i.UsageFault_Handler) for UsageFault_Handler
    startup_stm32f103xb.o(RESET) refers to port.o(.emb_text) for SVC_Handler
    startup_stm32f103xb.o(RESET) refers to stm32f1xx_it.o(i.DebugMon_Handler) for DebugMon_Handler
    startup_stm32f103xb.o(RESET) refers to stm32f1xx_it.o(i.SysTick_Handler) for SysTick_Handler
    startup_stm32f103xb.o(RESET) refers to stm32f1xx_it.o(i.DMA1_Channel1_IRQHandler) for DMA1_Channel1_IRQHandler
    startup_stm32f103xb.o(RESET) refers to stm32f1xx_it.o(i.DMA1_Channel5_IRQHandler) for DMA1_Channel5_IRQHandler
    startup_stm32f103xb.o(RESET) refers to stm32f1xx_it.o(i.ADC1_2_IRQHandler) for ADC1_2_IRQHandler
    startup_stm32f103xb.o(RESET) refers to stm32f1xx_it.o(i.USART1_IRQHandler) for USART1_IRQHandler
    startup_stm32f103xb.o(.text) refers to system_stm32f1xx.o(i.SystemInit) for SystemInit
    startup_stm32f103xb.o(.text) refers to entry.o(.ARM.Collect$$$$00000000) for __main
    main.o(i.SystemClock_Config) refers to memseta.o(.text) for __aeabi_memclr4
    main.o(i.SystemClock_Config) refers to stm32f1xx_hal_rcc.o(i.HAL_RCC_OscConfig) for HAL_RCC_OscConfig
    main.o(i.SystemClock_Config) refers to stm32f1xx_hal_rcc.o(i.HAL_RCC_ClockConfig) for HAL_RCC_ClockConfig
    main.o(i.SystemClock_Config) refers to stm32f1xx_hal_rcc_ex.o(i.HAL_RCCEx_PeriphCLKConfig) for HAL_RCCEx_PeriphCLKConfig
    main.o(i.main) refers to stm32f1xx_hal.o(i.HAL_Init) for HAL_Init
    main.o(i.main) refers to main.o(i.SystemClock_Config) for SystemClock_Config
    main.o(i.main) refers to gpio.o(i.MX_GPIO_Init) for MX_GPIO_Init
    main.o(i.main) refers to dma.o(i.MX_DMA_Init) for MX_DMA_Init
    main.o(i.main) refers to spi.o(i.MX_SPI1_Init) for MX_SPI1_Init
    main.o(i.main) refers to tim.o(i.MX_TIM2_Init) for MX_TIM2_Init
    main.o(i.main) refers to usart.o(i.MX_USART1_UART_Init) for MX_USART1_UART_Init
    main.o(i.main) refers to adc.o(i.MX_ADC1_Init) for MX_ADC1_Init
    main.o(i.main) refers to spi.o(i.MX_SPI2_Init) for MX_SPI2_Init
    main.o(i.main) refers to freertos.o(i.MX_FREERTOS_Init) for MX_FREERTOS_Init
    main.o(i.main) refers to cmsis_os.o(i.osKernelStart) for osKernelStart
    gpio.o(i.MX_GPIO_Init) refers to stm32f1xx_hal_gpio.o(i.HAL_GPIO_WritePin) for HAL_GPIO_WritePin
    gpio.o(i.MX_GPIO_Init) refers to stm32f1xx_hal_gpio.o(i.HAL_GPIO_Init) for HAL_GPIO_Init
    adc.o(i.HAL_ADC_MspDeInit) refers to stm32f1xx_hal_gpio.o(i.HAL_GPIO_DeInit) for HAL_GPIO_DeInit
    adc.o(i.HAL_ADC_MspDeInit) refers to stm32f1xx_hal_dma.o(i.HAL_DMA_DeInit) for HAL_DMA_DeInit
    adc.o(i.HAL_ADC_MspDeInit) refers to stm32f1xx_hal_cortex.o(i.HAL_NVIC_DisableIRQ) for HAL_NVIC_DisableIRQ
    adc.o(i.HAL_ADC_MspInit) refers to stm32f1xx_hal_gpio.o(i.HAL_GPIO_Init) for HAL_GPIO_Init
    adc.o(i.HAL_ADC_MspInit) refers to stm32f1xx_hal_dma.o(i.HAL_DMA_Init) for HAL_DMA_Init
    adc.o(i.HAL_ADC_MspInit) refers to main.o(i.Error_Handler) for Error_Handler
    adc.o(i.HAL_ADC_MspInit) refers to stm32f1xx_hal_cortex.o(i.HAL_NVIC_SetPriority) for HAL_NVIC_SetPriority
    adc.o(i.HAL_ADC_MspInit) refers to stm32f1xx_hal_cortex.o(i.HAL_NVIC_EnableIRQ) for HAL_NVIC_EnableIRQ
    adc.o(i.HAL_ADC_MspInit) refers to adc.o(.bss) for .bss
    adc.o(i.MX_ADC1_Init) refers to stm32f1xx_hal_adc.o(i.HAL_ADC_Init) for HAL_ADC_Init
    adc.o(i.MX_ADC1_Init) refers to main.o(i.Error_Handler) for Error_Handler
    adc.o(i.MX_ADC1_Init) refers to stm32f1xx_hal_adc.o(i.HAL_ADC_ConfigChannel) for HAL_ADC_ConfigChannel
    adc.o(i.MX_ADC1_Init) refers to adc.o(.bss) for .bss
    dma.o(i.MX_DMA_Init) refers to stm32f1xx_hal_cortex.o(i.HAL_NVIC_SetPriority) for HAL_NVIC_SetPriority
    dma.o(i.MX_DMA_Init) refers to stm32f1xx_hal_cortex.o(i.HAL_NVIC_EnableIRQ) for HAL_NVIC_EnableIRQ
    freertos.o(i.MX_FREERTOS_Init) refers to memcpya.o(.text) for __aeabi_memcpy4
    freertos.o(i.MX_FREERTOS_Init) refers to cmsis_os.o(i.osThreadCreate) for osThreadCreate
    freertos.o(i.MX_FREERTOS_Init) refers to z_freertos.o(i.z_taskCreate) for z_taskCreate
    freertos.o(i.MX_FREERTOS_Init) refers to freertos.o(.constdata) for .constdata
    freertos.o(i.MX_FREERTOS_Init) refers to freertos.o(.data) for .data
[...]
    i.vTaskSetTimeOutState                   0x080052a8   Section        0  tasks.o(i.vTaskSetTimeOutState)
    i.vTaskStartScheduler                    0x080052cc   Section        0  tasks.o(i.vTaskStartScheduler)
    i.vTaskSuspend                           0x0800533c   Section        0  tasks.o(i.vTaskSuspend)
    i.vTaskSuspendAll                        0x080053ec   Section        0  tasks.o(i.vTaskSuspendAll)
    i.vTaskSwitchContext                     0x080053fc   Section        0  tasks.o(i.vTaskSwitchContext)
    i.xPortStartScheduler                    0x08005458   Section        0  port.o(i.xPortStartScheduler)
    i.xPortSysTickHandler                    0x080054cc   Section        0  port.o(i.xPortSysTickHandler)
    i.xQueueGenericCreate                    0x080054f8   Section        0  queue.o(i.xQueueGenericCreate)
    i.xQueueGenericReceive                   0x08005540   Section        0  queue.o(i.xQueueGenericReceive)
    i.xQueueGenericReset                     0x080056ac   Section        0  queue.o(i.xQueueGenericReset)
    i.xQueueGenericSend                      0x08005734   Section        0  queue.o(i.xQueueGenericSend)
    i.xQueueGenericSendFromISR               0x08005894   Section        0  queue.o(i.xQueueGenericSendFromISR)
    i.xQueueGiveFromISR                      0x08005950   Section        0  queue.o(i.xQueueGiveFromISR)
    i.xTaskCheckForTimeOut                   0x080059ec   Section        0  tasks.o(i.xTaskCheckForTimeOut)
    i.xTaskCreate                            0x08005a58   Section        0  tasks.o(i.xTaskCreate)
    i.xTaskGetSchedulerState                 0x08005ab0   Section        0  tasks.o(i.xTaskGetSchedulerState)
    i.xTaskGetTickCount                      0x08005acc   Section        0  tasks.o(i.xTaskGetTickCount)
    i.xTaskIncrementTick                     0x08005ad8   Section        0  tasks.o(i.xTaskIncrementTick)
    i.xTaskPriorityDisinherit                0x08005ba0   Section        0  tasks.o(i.xTaskPriorityDisinherit)
    i.xTaskRemoveFromEventList               0x08005c38   Section        0  tasks.o(i.xTaskRemoveFromEventList)
    i.xTaskResumeAll                         0x08005cac   Section        0  tasks.o(i.xTaskResumeAll)
    i.xTimerCreateTimerTask                  0x08005d70   Section        0  timers.o(i.xTimerCreateTimerTask)
    i.xTimerGenericCommand                   0x08005db8   Section        0  timers.o(i.xTimerGenericCommand)
    i.zTF_sendOnceDist                       0x08005e20   Section        0  test.o(i.zTF_sendOnceDist)
    i.z_ListenerInit                         0x08005e54   Section        0  test.o(i.z_ListenerInit)
    i.z_analog_convert                       0x08005e7c   Section        0  z_analog.o(i.z_analog_convert)
    i.z_analog_covertDMA                     0x08005ec0   Section        0  z_analog.o(i.z_analog_covertDMA)
    i.z_serialDriverTask                     0x08005f10   Section        0  z_serial.o(i.z_serialDriverTask)
    i.z_serial_dma_start                     0x08005f5c   Section        0  z_serial.o(i.z_serial_dma_start)
    z_serial_dma_start                       0x08005f5d   Thumb Code    12  z_serial.o(i.z_serial_dma_start)
    i.z_serial_init                          0x08005f70   Section        0  z_serial.o(i.z_serial_init)
    i.z_serial_write                         0x08005f98   Section        0  z_serial.o(i.z_serial_write)
    i.z_taskCreate                           0x08005fac   Section        0  z_freertos.o(i.z_taskCreate)
    i.z_tiny_test                            0x08006030   Section        0  test.o(i.z_tiny_test)
    .constdata                               0x08006044   Section       20  freertos.o(.constdata)
    .constdata                               0x08006058   Section       16  system_stm32f1xx.o(.constdata)
    .constdata                               0x08006068   Section        8  system_stm32f1xx.o(.constdata)
    .constdata                               0x08006070   Section      512  tinyframe.o(.constdata)
    crc16_table                              0x08006070   Data         512  tinyframe.o(.constdata)
    .conststring                             0x08006270   Section       12  freertos.o(.conststring)
    .data                                    0x20000000   Section        4  freertos.o(.data)
    .data                                    0x20000004   Section       12  stm32f1xx_hal.o(.data)
    .data                                    0x20000010   Section        4  system_stm32f1xx.o(.data)
    .data                                    0x20000014   Section       60  tasks.o(.data)
    uxDeletedTasksWaitingCleanUp             0x20000018   Data           4  tasks.o(.data)
    uxCurrentNumberOfTasks                   0x2000001c   Data           4  tasks.o(.data)
    xTickCount                               0x20000020   Data           4  tasks.o(.data)
    uxTopReadyPriority                       0x20000024   Data           4  tasks.o(.data)
    xSchedulerRunning                        0x20000028   Data           4  tasks.o(.data)
    uxPendedTicks                            0x2000002c   Data           4  tasks.o(.data)
    xYieldPending                            0x20000030   Data           4  tasks.o(.data)
    xNumOfOverflows                          0x20000034   Data           4  tasks.o(.data)
    uxTaskNumber                             0x20000038   Data           4  tasks.o(.data)
    xNextTaskUnblockTime                     0x2000003c   Data           4  tasks.o(.data)
    xIdleTaskHandle                          0x20000040   Data           4  tasks.o(.data)
    uxSchedulerSuspended                     0x20000044   Data           4  tasks.o(.data)
    pxDelayedTaskList                        0x20000048   Data           4  tasks.o(.data)
    pxOverflowDelayedTaskList                0x2000004c   Data           4  tasks.o(.data)
    .data                                    0x20000050   Section       20  timers.o(.data)
    xTimerQueue                              0x20000050   Data           4  timers.o(.data)
    xTimerTaskHandle                         0x20000054   Data           4  timers.o(.data)
    xLastTime                                0x20000058   Data           4  timers.o(.data)
    pxCurrentTimerList                       0x2000005c   Data           4  timers.o(.data)
    pxOverflowTimerList                      0x20000060   Data           4  timers.o(.data)
    .data                                    0x20000064   Section       24  heap_4.o(.data)
    pxEnd                                    0x20000064   Data           4  heap_4.o(.data)
    xFreeBytesRemaining                      0x20000068   Data           4  heap_4.o(.data)
    xMinimumEverFreeBytesRemaining           0x2000006c   Data           4  heap_4.o(.data)
    xBlockAllocatedBit                       0x20000070   Data           4  heap_4.o(.data)
    xStart                                   0x20000074   Data           8  heap_4.o(.data)
    .data                                    0x2000007c   Section       12  port.o(.data)
    ucMaxSysCallPriority                     0x2000007c   Data           1  port.o(.data)
    uxCriticalNesting                        0x20000080   Data           4  port.o(.data)
    ulMaxPRIGROUPValue                       0x20000084   Data           4  port.o(.data)
    .data                                    0x20000088   Section       24  tdc_gp21.o(.data)
    .data                                    0x200000a0   Section       12  z_serial.o(.data)
    count                                    0x200000a0   Data           1  z_serial.o(.data)
    .data                                    0x200000ac   Section       20  z_analog.o(.data)
    .data                                    0x200000c0   Section        4  tlc5618.o(.data)
    .data                                    0x200000c4   Section       16  z_lk02.o(.data)
    .data                                    0x200000d4   Section       23  test.o(.data)
    .data                                    0x200000ec   Section       40  z_freertos.o(.data)
    xHandleSerial                            0x200000f8   Data           4  z_freertos.o(.data)
    xHandleSerialDriver                      0x20000100   Data           4  z_freertos.o(.data)
    .data                                    0x20000114   Section        4  stdout.o(.data)
    .bss                                     0x20000118   Section      116  adc.o(.bss)
    .bss                                     0x2000018c   Section      176  spi.o(.bss)
    .bss                                     0x2000023c   Section       64  tim.o(.bss)
    .bss                                     0x2000027c   Section      132  usart.o(.bss)
    .bss                                     0x20000300   Section       64  queue.o(.bss)
    .bss                                     0x20000340   Section      240  tasks.o(.bss)
    pxReadyTasksLists                        0x20000340   Data         140  tasks.o(.bss)
    xDelayedTaskList1                        0x200003cc   Data          20  tasks.o(.bss)
    xDelayedTaskList2                        0x200003e0   Data          20  tasks.o(.bss)
    xPendingReadyList                        0x200003f4   Data          20  tasks.o(.bss)
    xTasksWaitingTermination                 0x20000408   Data          20  tasks.o(.bss)
    xSuspendedTaskList                       0x2000041c   Data          20  tasks.o(.bss)
    .bss                                     0x20000430   Section       40  timers.o(.bss)
    xActiveTimerList1                        0x20000430   Data          20  timers.o(.bss)
    xActiveTimerList2                        0x20000444   Data          20  timers.o(.bss)
    .bss                                     0x20000458   Section    10000  heap_4.o(.bss)
    ucHeap                                   0x20000458   Data       10000  heap_4.o(.bss)
    .bss                                     0x20002b68   Section       92  z_serial.o(.bss)
    .bss                                     0x20002bc4   Section       20  z_analog.o(.bss)
    .bss                                     0x20002bd8   Section       60  z_lk02.o(.bss)
    .bss                                     0x20002c14   Section     2392  test.o(.bss)
    STACK                                    0x20003570   Section     1024  startup_stm32f103xb.o(STACK)

    Global Symbols

    Symbol Name                              Value     Ov Type        Size  Object(Section)

    BuildAttributes$$THM_ISAv4$P$D$K$B$S$PE$A:L22UL41UL21$X:L11$S22US41US21$IEEE1$IW$USESV6$~STKCKD$USESV7$~SHL$OTIME$ROPI$EBA8$MICROLIB$REQ8$PRES8$EABIv2 0x00000000   Number         0  anon$$obj.o ABSOLUTE
    __ARM_use_no_argv                        0x00000000   Number         0  main.o ABSOLUTE
    _printf_a                                0x00000000   Number         0  stubs.o ABSOLUTE
    _printf_c                                0x00000000   Number         0  stubs.o ABSOLUTE
    _printf_charcount                        0x00000000   Number         0  stubs.o ABSOLUTE
    _printf_d                                0x00000000   Number         0  stubs.o ABSOLUTE
    _printf_e                                0x00000000   Number         0  stubs.o ABSOLUTE
    _printf_f                                0x00000000   Number         0  stubs.o ABSOLUTE
    _printf_flags                            0x00000000   Number         0  stubs.o ABSOLUTE
    _printf_fp_dec                           0x00000000   Number         0  stubs.o ABSOLUTE
    _printf_fp_hex                           0x00000000   Number         0  stubs.o ABSOLUTE
    _printf_g                                0x00000000   Number         0  stubs.o ABSOLUTE
    _printf_i                                0x00000000   Number         0  stubs.o ABSOLUTE
    _printf_int_dec                          0x00000000   Number         0  stubs.o ABSOLUTE
    _printf_l                                0x00000000   Number         0  stubs.o ABSOLUTE
    _printf_lc                               0x00000000   Number         0  stubs.o ABSOLUTE
    _printf_ll                               0x00000000   Number         0  stubs.o ABSOLUTE
    _printf_lld                              0x00000000   Number         0  stubs.o ABSOLUTE
    _printf_lli                              0x00000000   Number         0  stubs.o ABSOLUTE
    _printf_llo                              0x00000000   Number         0  stubs.o ABSOLUTE
    _printf_llu                              0x00000000   Number         0  stubs.o ABSOLUTE
    _printf_llx                              0x00000000   Number         0  stubs.o ABSOLUTE
    _printf_longlong_dec                     0x00000000   Number         0  stubs.o ABSOLUTE
    _printf_longlong_hex                     0x00000000   Number         0  stubs.o ABSOLUTE
    _printf_longlong_oct                     0x00000000   Number         0  stubs.o ABSOLUTE
    _printf_ls                               0x00000000   Number         0  stubs.o ABSOLUTE
    _printf_mbtowc                           0x00000000   Number         0  stubs.o ABSOLUTE
    _printf_n                                0x00000000   Number         0  stubs.o ABSOLUTE
    _printf_o                                0x00000000   Number         0  stubs.o ABSOLUTE
    _printf_p                                0x00000000   Number         0  stubs.o ABSOLUTE
    _printf_percent                          0x00000000   Number         0  stubs.o ABSOLUTE
    _printf_pre_padding                      0x00000000   Number         0  stubs.o ABSOLUTE
    _printf_return_value                     0x00000000   Number         0  stubs.o ABSOLUTE
    _printf_s                                0x00000000   Number         0  stubs.o ABSOLUTE
    _printf_sizespec                         0x00000000   Number         0  stubs.o ABSOLUTE
    _printf_str                              0x00000000   Number         0  stubs.o ABSOLUTE
    _printf_truncate_signed                  0x00000000   Number         0  stubs.o ABSOLUTE
    _printf_truncate_unsigned                0x00000000   Number         0  stubs.o ABSOLUTE
    _printf_u                                0x00000000   Number         0  stubs.o ABSOLUTE
    _printf_wc                               0x00000000   Number         0  stubs.o ABSOLUTE
    _printf_wctomb                           0x00000000   Number         0  stubs.o ABSOLUTE
    _printf_widthprec                        0x00000000   Number         0  stubs.o ABSOLUTE
    _printf_x                                0x00000000   Number         0  stubs.o ABSOLUTE
    __cpp_initialize__aeabi_                  - Undefined Weak Reference
    __cxa_finalize                            - Undefined Weak Reference
    __decompress                              - Undefined Weak Reference
    _clock_init                               - Undefined Weak Reference
    _microlib_exit                            - Undefined Weak Reference
    __Vectors_Size                           0x000000ec   Number         0  startup_stm32f103xb.o ABSOLUTE
    __Vectors                                0x08000000   Data           4  startup_stm32f103xb.o(RESET)
    __Vectors_End                            0x080000ec   Data           0  startup_stm32f103xb.o(RESET)
    __main                                   0x080000ed   Thumb Code     0  entry.o(.ARM.Collect$$$$00000000)
    _main_stk                                0x080000ed   Thumb Code     0  entry2.o(.ARM.Collect$$$$00000001)
    _main_scatterload                        0x080000f1   Thumb Code     0  entry5.o(.ARM.Collect$$$$00000004)
    __main_after_scatterload                 0x080000f5   Thumb Code     0  entry5.o(.ARM.Collect$$$$00000004)
    _main_clock                              0x080000f5   Thumb Code     0  entry7b.o(.ARM.Collect$$$$00000008)
    _main_cpp_init                           0x080000f5   Thumb Code     0  entry8b.o(.ARM.Collect$$$$0000000A)
    _main_init                               0x080000f5   Thumb Code     0  entry9a.o(.ARM.Collect$$$$0000000B)
    __rt_final_cpp                           0x080000fd   Thumb Code     0  entry10a.o(.ARM.Collect$$$$0000000D)
    __rt_final_exit                          0x080000fd   Thumb Code     0  entry11a.o(.ARM.Collect$$$$0000000F)
    SVC_Handler                              0x08000101   Thumb Code    32  port.o(.emb_text)
    __asm___6_port_c_39a90d8d__prvStartFirstTask 0x08000125   Thumb Code    28  port.o(.emb_text)
    PendSV_Handler                           0x08000145   Thumb Code    72  port.o(.emb_text)
    vPortGetIPSR                             0x08000191   Thumb Code     6  port.o(.emb_text)
    Reset_Handler                            0x08000199   Thumb Code     8  startup_stm32f103xb.o(.text)
    CAN1_RX1_IRQHandler                      0x080001b3   Thumb Code     0  startup_stm32f103xb.o(.text)
    CAN1_SCE_IRQHandler                      0x080001b3   Thumb Code     0  startup_stm32f103xb.o(.text)
    DMA1_Channel2_IRQHandler                 0x080001b3   Thumb Code     0  startup_stm32f103xb.o(.text)
    DMA1_Channel3_IRQHandler                 0x080001b3   Thumb Code     0  startup_stm32f103xb.o(.text)
    DMA1_Channel4_IRQHandler                 0x080001b3   Thumb Code     0  startup_stm32f103xb.o(.text)
    DMA1_Channel6_IRQHandler                 0x080001b3   Thumb Code     0  startup_stm32f103xb.o(.text)
    DMA1_Channel7_IRQHandler                 0x080001b3   Thumb Code     0  startup_stm32f103xb.o(.text)
    EXTI0_IRQHandler                         0x080001b3   Thumb Code     0  startup_stm32f103xb.o(.text)
    EXTI15_10_IRQHandler                     0x080001b3   Thumb Code     0  startup_stm32f103xb.o(.text)
    EXTI1_IRQHandler                         0x080001b3   Thumb Code     0  startup_stm32f103xb.o(.text)
    EXTI2_IRQHandler                         0x080001b3   Thumb Code     0  startup_stm32f103xb.o(.text)
    EXTI3_IRQHandler                         0x080001b3   Thumb Code     0  startup_stm32f103xb.o(.text)
    EXTI4_IRQHandler                         0x080001b3   Thumb Code     0  startup_stm32f103xb.o(.text)
    EXTI9_5_IRQHandler                       0x080001b3   Thumb Code     0  startup_stm32f103xb.o(.text)
    FLASH_IRQHandler                         0x080001b3   Thumb Code     0  startup_stm32f103xb.o(.text)
    I2C1_ER_IRQHandler                       0x080001b3   Thumb Code     0  startup_stm32f103xb.o(.text)
    I2C1_EV_IRQHandler                       0x080001b3   Thumb Code     0  startup_stm32f103xb.o(.text)
    I2C2_ER_IRQHandler                       0x080001b3   Thumb Code     0  startup_stm32f103xb.o(.text)
    I2C2_EV_IRQHandler                       0x080001b3   Thumb Code     0  startup_stm32f103xb.o(.text)
    PVD_IRQHandler                           0x080001b3   Thumb Code     0  startup_stm32f103xb.o(.text)
    RCC_IRQHandler                           0x080001b3   Thumb Code     0  startup_stm32f103xb.o(.text)
    RTC_Alarm_IRQHandler                     0x080001b3   Thumb Code     0  startup_stm32f103xb.o(.text)
    RTC_IRQHandler                           0x080001b3   Thumb Code     0  startup_stm32f103xb.o(.text)
    SPI1_IRQHandler                          0x080001b3   Thumb Code     0  startup_stm32f103xb.o(.text)
    SPI2_IRQHandler                          0x080001b3   Thumb Code     0  startup_stm32f103xb.o(.text)
    TAMPER_IRQHandler                        0x080001b3   Thumb Code     0  startup_stm32f103xb.o(.text)
    TIM1_BRK_IRQHandler                      0x080001b3   Thumb Code     0  startup_stm32f103xb.o(.text)
    TIM1_CC_IRQHandler                       0x080001b3   Thumb Code     0  startup_stm32f103xb.o(.text)
    TIM1_TRG_COM_IRQHandler                  0x080001b3   Thumb Code     0  startup_stm32f103xb.o(.text)
    TIM1_UP_IRQHandler                       0x080001b3   Thumb Code     0  startup_stm32f103xb.o(.text)
    TIM2_IRQHandler                          0x080001b3   Thumb Code     0  startup_stm32f103xb.o(.text)
    TIM3_IRQHandler                          0x080001b3   Thumb Code     0  startup_stm32f103xb.o(.text)
    TIM4_IRQHandler                          0x080001b3   Thumb Code     0  startup_stm32f103xb.o(.text)
    USART2_IRQHandler                        0x080001b3   Thumb Code     0  startup_stm32f103xb.o(.text)
    USART3_IRQHandler                        0x080001b3   Thumb Code     0  startup_stm32f103xb.o(.text)
    USBWakeUp_IRQHandler                     0x080001b3   Thumb Code     0  startup_stm32f103xb.o(.text)
    USB_HP_CAN1_TX_IRQHandler                0x080001b3   Thumb Code     0  startup_stm32f103xb.o(.text)
    USB_LP_CAN1_RX0_IRQHandler               0x080001b3   Thumb Code     0  startup_stm32f103xb.o(.text)
    WWDG_IRQHandler                          0x080001b3   Thumb Code     0  startup_stm32f103xb.o(.text)
    __aeabi_llsr                             0x080001bd   Thumb Code    32  llushr.o(.text)
    _ll_ushift_r                             0x080001bd   Thumb Code     0  llushr.o(.text)
    __aeabi_memcpy                           0x080001dd   Thumb Code    36  memcpya.o(.text)
    __aeabi_memcpy4                          0x080001dd   Thumb Code     0  memcpya.o(.text)
    __aeabi_memcpy8                          0x080001dd   Thumb Code     0  memcpya.o(.text)
    __aeabi_memset                           0x08000201   Thumb Code    14  memseta.o(.text)
    __aeabi_memset4                          0x08000201   Thumb Code     0  memseta.o(.text)
    __aeabi_memset8                          0x08000201   Thumb Code     0  memseta.o(.text)
    __aeabi_memclr                           0x0800020f   Thumb Code     4  memseta.o(.text)
    __aeabi_memclr4                          0x0800020f   Thumb Code     0  memseta.o(.text)
    __aeabi_memclr8                          0x0800020f   Thumb Code     0  memseta.o(.text)
    _memset$wrapper                          0x08000213   Thumb Code    18  memseta.o(.text)
    __aeabi_fadd                             0x08000225   Thumb Code   164  fadd.o(.text)
    __aeabi_fsub                             0x080002c9   Thumb Code     6  fadd.o(.text)
    __aeabi_frsub                            0x080002cf   Thumb Code     6  fadd.o(.text)
    __aeabi_fmul                             0x080002d5   Thumb Code   100  fmul.o(.text)
    __aeabi_fdiv                             0x08000339   Thumb Code   124  fdiv.o(.text)
    __ARM_scalbnf                            0x080003b5   Thumb Code    24  fscalb.o(.text)
    scalbnf                                  0x080003b5   Thumb Code     0  fscalb.o(.text)
    __aeabi_dmul                             0x080003cd   Thumb Code   228  dmul.o(.text)
    __ARM_scalbn                             0x080004b1   Thumb Code    46  dscalb.o(.text)
    scalbn                                   0x080004b1   Thumb Code     0  dscalb.o(.text)
    __aeabi_i2f                              0x080004df   Thumb Code    18  fflti.o(.text)
    __aeabi_ui2f                             0x080004f1   Thumb Code    10  ffltui.o(.text)
    __aeabi_f2iz                             0x080004fb   Thumb Code    50  ffixi.o(.text)
    __aeabi_f2uiz                            0x0800052d   Thumb Code    40  ffixui.o(.text)
    __aeabi_f2d                              0x08000555   Thumb Code    38  f2d.o(.text)
    __aeabi_d2f                              0x0800057b   Thumb Code    56  d2f.o(.text)
    __aeabi_uldivmod                         0x080005b3   Thumb Code    98  uldiv.o(.text)
    __I$use$fp                               0x08000615   Thumb Code     0  iusefp.o(.text)
    _float_round                             0x08000615   Thumb Code    18  fepilogue.o(.text)
    _float_epilogue                          0x08000627   Thumb Code    92  fepilogue.o(.text)
    _double_round                            0x08000683   Thumb Code    30  depilogue.o(.text)
    _double_epilogue                         0x080006a1   Thumb Code   156  depilogue.o(.text)
    __scatterload                            0x0800073d   Thumb Code    28  init.o(.text)
    __scatterload_rt2                        0x0800073d   Thumb Code     0  init.o(.text)
    __aeabi_llsl                             0x08000761   Thumb Code    30  llshl.o(.text)
    _ll_shift_l                              0x08000761   Thumb Code     0  llshl.o(.text)
    ADC1_2_IRQHandler                        0x08000781   Thumb Code     6  stm32f1xx_it.o(i.ADC1_2_IRQHandler)
    ADC_ConversionStop_Disable               0x0800078d   Thumb Code    76  stm32f1xx_hal_adc.o(i.ADC_ConversionStop_Disable)
    ADC_DMAConvCplt                          0x080007d9   Thumb Code    78  stm32f1xx_hal_adc.o(i.ADC_DMAConvCplt)
    ADC_DMAError                             0x08000827   Thumb Code    26  stm32f1xx_hal_adc.o(i.ADC_DMAError)
    ADC_DMAHalfConvCplt                      0x08000841   Thumb Code    10  stm32f1xx_hal_adc.o(i.ADC_DMAHalfConvCplt)
    ADC_Enable                               0x0800084d   Thumb Code   104  stm32f1xx_hal_adc.o(i.ADC_Enable)
    BusFault_Handler                         0x080008bd   Thumb Code     2  stm32f1xx_it.o(i.BusFault_Handler)
    DMA1_Channel1_IRQHandler                 0x080008c1   Thumb Code     6  stm32f1xx_it.o(i.DMA1_Channel1_IRQHandler)
    DMA1_Channel5_IRQHandler                 0x080008cd   Thumb Code     6  stm32f1xx_it.o(i.DMA1_Channel5_IRQHandler)
    DebugMon_Handler                         0x08000903   Thumb Code     2  stm32f1xx_it.o(i.DebugMon_Handler)
    Error_Handler                            0x08000905   Thumb Code     2  main.o(i.Error_Handler)
    GP21_Init                                0x08000909   Thumb Code    80  tdc_gp21.o(i.GP21_Init)
    GetRevBytes                              0x08000961   Thumb Code    20  z_serial.o(i.GetRevBytes)
    Gp21TrigTask                             0x08000979   Thumb Code   124  z_freertos.o(i.Gp21TrigTask)
    HAL_ADCEx_Calibration_Start              0x08000a05   Thumb Code   194  stm32f1xx_hal_adc_ex.o(i.HAL_ADCEx_Calibration_Start)
    HAL_ADCEx_InjectedConvCpltCallback       0x08000acd   Thumb Code     2  stm32f1xx_hal_adc_ex.o(i.HAL_ADCEx_InjectedConvCpltCallback)
    HAL_ADC_ConfigChannel                    0x08000ad1   Thumb Code   240  stm32f1xx_hal_adc.o(i.HAL_ADC_ConfigChannel)
    HAL_ADC_ConvCpltCallback                 0x08000bcd   Thumb Code    16  z_analog.o(i.HAL_ADC_ConvCpltCallback)
    HAL_ADC_ConvHalfCpltCallback             0x08000be1   Thumb Code     2  stm32f1xx_hal_adc.o(i.HAL_ADC_ConvHalfCpltCallback)
    HAL_ADC_ErrorCallback                    0x08000be3   Thumb Code     2  stm32f1xx_hal_adc.o(i.HAL_ADC_ErrorCallback)
    HAL_ADC_IRQHandler                       0x08000be5   Thumb Code   230  stm32f1xx_hal_adc.o(i.HAL_ADC_IRQHandler)
    HAL_ADC_Init                             0x08000ccd   Thumb Code   272  stm32f1xx_hal_adc.o(i.HAL_ADC_Init)
    HAL_ADC_LevelOutOfWindowCallback         0x08000de9   Thumb Code     2  stm32f1xx_hal_adc.o(i.HAL_ADC_LevelOutOfWindowCallback)
    HAL_ADC_MspInit                          0x08000ded   Thumb Code   136  adc.o(i.HAL_ADC_MspInit)
    HAL_ADC_Start_DMA                        0x08000e89   Thumb Code   246  stm32f1xx_hal_adc.o(i.HAL_ADC_Start_DMA)
    HAL_ADC_Stop_DMA                         0x08000f95   Thumb Code    76  stm32f1xx_hal_adc.o(i.HAL_ADC_Stop_DMA)
    HAL_DMA_Abort                            0x08000fe1   Thumb Code    48  stm32f1xx_hal_dma.o(i.HAL_DMA_Abort)
    HAL_DMA_Abort_IT                         0x08001011   Thumb Code   148  stm32f1xx_hal_dma.o(i.HAL_DMA_Abort_IT)
    HAL_DMA_IRQHandler                       0x080010a9   Thumb Code   316  stm32f1xx_hal_dma.o(i.HAL_DMA_IRQHandler)
    HAL_DMA_Init                             0x080011fd   Thumb Code    84  stm32f1xx_hal_dma.o(i.HAL_DMA_Init)
    HAL_DMA_Start_IT                         0x08001259   Thumb Code   112  stm32f1xx_hal_dma.o(i.HAL_DMA_Start_IT)
    HAL_Delay                                0x080012c9   Thumb Code    32  stm32f1xx_hal.o(i.HAL_Delay)
    HAL_GPIO_Init                            0x080012ed   Thumb Code   408  stm32f1xx_hal_gpio.o(i.HAL_GPIO_Init)
    HAL_GPIO_ReadPin                         0x080014a9   Thumb Code    10  stm32f1xx_hal_gpio.o(i.HAL_GPIO_ReadPin)
    HAL_GPIO_WritePin                        0x080014b3   Thumb Code    10  stm32f1xx_hal_gpio.o(i.HAL_GPIO_WritePin)
    HAL_GetTick                              0x080014bd   Thumb Code     6  stm32f1xx_hal.o(i.HAL_GetTick)
    HAL_IncTick                              0x080014c9   Thumb Code    12  stm32f1xx_hal.o(i.HAL_IncTick)
    HAL_Init                                 0x080014d9   Thumb Code    32  stm32f1xx_hal.o(i.HAL_Init)
    HAL_InitTick                             0x080014fd   Thumb Code    54  stm32f1xx_hal.o(i.HAL_InitTick)
    HAL_MspInit                              0x0800153d   Thumb Code    62  stm32f1xx_hal_msp_1.o(i.HAL_MspInit)
    HAL_NVIC_EnableIRQ                       0x08001585   Thumb Code    22  stm32f1xx_hal_cortex.o(i.HAL_NVIC_EnableIRQ)
    HAL_NVIC_SetPriority                     0x0800159d   Thumb Code    60  stm32f1xx_hal_cortex.o(i.HAL_NVIC_SetPriority)
    HAL_NVIC_SetPriorityGrouping             0x080015dd   Thumb Code    26  stm32f1xx_hal_cortex.o(i.HAL_NVIC_SetPriorityGrouping)
    HAL_RCCEx_GetPeriphCLKFreq               0x08001601   Thumb Code   166  stm32f1xx_hal_rcc_ex.o(i.HAL_RCCEx_GetPeriphCLKFreq)
    HAL_RCCEx_PeriphCLKConfig                0x080016c9   Thumb Code   224  stm32f1xx_hal_rcc_ex.o(i.HAL_RCCEx_PeriphCLKConfig)
    HAL_RCC_ClockConfig                      0x080017b5   Thumb Code   346  stm32f1xx_hal_rcc.o(i.HAL_RCC_ClockConfig)
    HAL_RCC_GetPCLK1Freq                     0x08001921   Thumb Code    20  stm32f1xx_hal_rcc.o(i.HAL_RCC_GetPCLK1Freq)
    HAL_RCC_GetPCLK2Freq                     0x08001941   Thumb Code    20  stm32f1xx_hal_rcc.o(i.HAL_RCC_GetPCLK2Freq)
    HAL_RCC_GetSysClockFreq                  0x08001961   Thumb Code    74  stm32f1xx_hal_rcc.o(i.HAL_RCC_GetSysClockFreq)
    HAL_RCC_OscConfig                        0x080019cd   Thumb Code   750  stm32f1xx_hal_rcc.o(i.HAL_RCC_OscConfig)
    HAL_SPI_Init                             0x08001cd1   Thumb Code   130  stm32f1xx_hal_spi_ex.o(i.HAL_SPI_Init)
    HAL_SPI_MspInit                          0x08001d55   Thumb Code   152  spi.o(i.HAL_SPI_MspInit)
    HAL_SPI_Transmit                         0x08001e01   Thumb Code   360  stm32f1xx_hal_spi.o(i.HAL_SPI_Transmit)
    HAL_SPI_TransmitReceive                  0x08001f69   Thumb Code   472  stm32f1xx_hal_spi.o(i.HAL_SPI_TransmitReceive)
    HAL_SYSTICK_Config                       0x08002141   Thumb Code    40  stm32f1xx_hal_cortex.o(i.HAL_SYSTICK_Config)
    HAL_TIMEx_MasterConfigSynchronization    0x08002169   Thumb Code    80  stm32f1xx_hal_tim_ex.o(i.HAL_TIMEx_MasterConfigSynchronization)
    HAL_TIM_Base_Init                        0x080021b9   Thumb Code    54  stm32f1xx_hal_tim.o(i.HAL_TIM_Base_Init)
    HAL_TIM_Base_MspInit                     0x080021f1   Thumb Code    30  tim.o(i.HAL_TIM_Base_MspInit)
    HAL_TIM_ConfigClockSource                0x08002215   Thumb Code   242  stm32f1xx_hal_tim.o(i.HAL_TIM_ConfigClockSource)
    HAL_TIM_MspPostInit                      0x08002309   Thumb Code    62  tim.o(i.HAL_TIM_MspPostInit)
    HAL_TIM_PWM_ConfigChannel                0x08002351   Thumb Code   208  stm32f1xx_hal_tim.o(i.HAL_TIM_PWM_ConfigChannel)
    HAL_TIM_PWM_Init                         0x08002421   Thumb Code    54  stm32f1xx_hal_tim.o(i.HAL_TIM_PWM_Init)
    HAL_TIM_PWM_MspInit                      0x08002457   Thumb Code     2  stm32f1xx_hal_tim.o(i.HAL_TIM_PWM_MspInit)
    HAL_TIM_PWM_Start                        0x08002459   Thumb Code    42  stm32f1xx_hal_tim.o(i.HAL_TIM_PWM_Start)
    HAL_UART_DMAStop                         0x08002489   Thumb Code    88  stm32f1xx_hal_uart.o(i.HAL_UART_DMAStop)
    HAL_UART_ErrorCallback                   0x080024e1   Thumb Code     2  stm32f1xx_hal_uart.o(i.HAL_UART_ErrorCallback)
    HAL_UART_IRQHandler                      0x080024e5   Thumb Code   266  stm32f1xx_hal_uart.o(i.HAL_UART_IRQHandler)
    HAL_UART_Init                            0x080025f5   Thumb Code    98  stm32f1xx_hal_uart.o(i.HAL_UART_Init)
    HAL_UART_MspInit                         0x08002659   Thumb Code   168  usart.o(i.HAL_UART_MspInit)
    HAL_UART_Receive_DMA                     0x08002719   Thumb Code   138  stm32f1xx_hal_uart.o(i.HAL_UART_Receive_DMA)
    HAL_UART_RxCpltCallback                  0x080027b1   Thumb Code     2  stm32f1xx_hal_uart.o(i.HAL_UART_RxCpltCallback)
    HAL_UART_RxHalfCpltCallback              0x080027b3   Thumb Code     2  stm32f1xx_hal_uart.o(i.HAL_UART_RxHalfCpltCallback)
    HAL_UART_Transmit                        0x080027b5   Thumb Code   186  stm32f1xx_hal_uart.o(i.HAL_UART_Transmit)
    HAL_UART_TxCpltCallback                  0x0800286f   Thumb Code     2  stm32f1xx_hal_uart.o(i.HAL_UART_TxCpltCallback)
    HardFault_Handler                        0x08002871   Thumb Code     2  stm32f1xx_it.o(i.HardFault_Handler)
    MX_ADC1_Init                             0x08002875   Thumb Code    68  adc.o(i.MX_ADC1_Init)
    MX_DMA_Init                              0x080028c1   Thumb Code    56  dma.o(i.MX_DMA_Init)
    MX_FREERTOS_Init                         0x080028fd   Thumb Code    34  freertos.o(i.MX_FREERTOS_Init)
    MX_GPIO_Init                             0x08002929   Thumb Code   198  gpio.o(i.MX_GPIO_Init)
    MX_SPI1_Init                             0x08002a01   Thumb Code    62  spi.o(i.MX_SPI1_Init)
    MX_SPI2_Init                             0x08002a49   Thumb Code    60  spi.o(i.MX_SPI2_Init)
    MX_TIM2_Init                             0x08002a8d   Thumb Code   144  tim.o(i.MX_TIM2_Init)
    MX_USART1_UART_Init                      0x08002b21   Thumb Code    48  usart.o(i.MX_USART1_UART_Init)
    MemManage_Handler                        0x08002b59   Thumb Code     2  stm32f1xx_it.o(i.MemManage_Handler)
    NMI_Handler                              0x08002b5b   Thumb Code     2  stm32f1xx_it.o(i.NMI_Handler)
    Send_Pose_Data                           0x08002c33   Thumb Code   116  connect_format.o(i.Send_Pose_Data)
    SerialTask                               0x08002ca9   Thumb Code    42  z_freertos.o(i.SerialTask)
    StartDefaultTask                         0x08002cd9   Thumb Code    12  freertos.o(i.StartDefaultTask)
    SysTick_Handler                          0x08002ce5   Thumb Code    14  stm32f1xx_it.o(i.SysTick_Handler)
    SystemClock_Config                       0x08002cf3   Thumb Code   114  main.o(i.SystemClock_Config)
    SystemInit                               0x08002d65   Thumb Code    56  system_stm32f1xx.o(i.SystemInit)
    TF_Accept                                0x08002dad   Thumb Code    32  tinyframe.o(i.TF_Accept)
    TF_AcceptChar                            0x08002dcd   Thumb Code   440  tinyframe.o(i.TF_AcceptChar)
    TF_AddGenericListener                    0x08002ff9   Thumb Code    56  tinyframe.o(i.TF_AddGenericListener)
    TF_AddIdListener                         0x08003059   Thumb Code    76  tinyframe.o(i.TF_AddIdListener)
    TF_InitStatic                            0x080032c5   Thumb Code    44  tinyframe.o(i.TF_InitStatic)
    TF_Respond                               0x0800331d   Thumb Code    12  tinyframe.o(i.TF_Respond)
    TF_WriteImpl                             0x080034b9   Thumb Code     8  test.o(i.TF_WriteImpl)
    TIM_Base_SetConfig                       0x080034c1   Thumb Code    94  stm32f1xx_hal_tim.o(i.TIM_Base_SetConfig)
    TIM_CCxChannelCmd                        0x0800352d   Thumb Code    22  stm32f1xx_hal_tim.o(i.TIM_CCxChannelCmd)
    TIM_OC2_SetConfig                        0x080035b9   Thumb Code    84  stm32f1xx_hal_tim.o(i.TIM_OC2_SetConfig)
    USART1_IRQHandler                        0x08003a91   Thumb Code    16  stm32f1xx_it.o(i.USART1_IRQHandler)
    UsageFault_Handler                       0x08003aa5   Thumb Code     2  stm32f1xx_it.o(i.UsageFault_Handler)
    __0printf$8                              0x08003aa9   Thumb Code    22  printf8.o(i.__0printf$8)
    __1printf$8                              0x08003aa9   Thumb Code     0  printf8.o(i.__0printf$8)
    __2printf                                0x08003aa9   Thumb Code     0  printf8.o(i.__0printf$8)
    __scatterload_copy                       0x08003ac9   Thumb Code    14  handlers.o(i.__scatterload_copy)
    __scatterload_null                       0x08003ad7   Thumb Code     2  handlers.o(i.__scatterload_null)
    __scatterload_zeroinit                   0x08003ad9   Thumb Code    14  handlers.o(i.__scatterload_zeroinit)
    addUartDmaRevListen                      0x08003f4d   Thumb Code    28  z_serial.o(i.addUartDmaRevListen)
    dataGetCmdSlect                          0x08003fd9   Thumb Code    66  test.o(i.dataGetCmdSlect)
    fputc                                    0x08004025   Thumb Code    20  z_serial.o(i.fputc)
    get_gp21_statu                           0x0800403d   Thumb Code    12  tdc_gp21.o(i.get_gp21_statu)
    get_revLens                              0x08004049   Thumb Code     8  z_serial.o(i.get_revLens)
    gp21_defaultcofg                         0x08004055   Thumb Code    68  tdc_gp21.o(i.gp21_defaultcofg)
    gp21_distance_cal                        0x080040a9   Thumb Code   186  z_lk02.o(i.gp21_distance_cal)
    gp21_read_diatance                       0x08004179   Thumb Code     6  tdc_gp21.o(i.gp21_read_diatance)
    gp21_read_dword                          0x08004181   Thumb Code    84  tdc_gp21.o(i.gp21_read_dword)
    gp21_startOneSignal                      0x080041dd   Thumb Code    22  tdc_gp21.o(i.gp21_startOneSignal)
    gp21_write                               0x080041f9   Thumb Code    46  tdc_gp21.o(i.gp21_write)
    gp21_write_cfg                           0x08004231   Thumb Code    84  tdc_gp21.o(i.gp21_write_cfg)
    main                                     0x0800428d   Thumb Code    46  main.o(i.main)
    myGenericListener                        0x080042c9   Thumb Code    48  test.o(i.myGenericListener)
    osDelay                                  0x080042fd   Thumb Code    14  cmsis_os.o(i.osDelay)
    osKernelStart                            0x0800430b   Thumb Code    10  cmsis_os.o(i.osKernelStart)
    osSystickHandler                         0x08004315   Thumb Code    20  cmsis_os.o(i.osSystickHandler)
    osThreadCreate                           0x08004329   Thumb Code    46  cmsis_os.o(i.osThreadCreate)
    paramDataSaveCMD                         0x08004359   Thumb Code    50  test.o(i.paramDataSaveCMD)
    paramGetCmdSlect                         0x08004391   Thumb Code    10  test.o(i.paramGetCmdSlect)
    pvPortMalloc                             0x08004ae5   Thumb Code   210  heap_4.o(i.pvPortMalloc)
    pvTaskIncrementMutexHeldCount            0x08004bbd   Thumb Code    18  tasks.o(i.pvTaskIncrementMutexHeldCount)
    pxPortInitialiseStack                    0x08004bd5   Thumb Code    32  port.o(i.pxPortInitialiseStack)
    rx_pwmHv                                 0x08004bf9   Thumb Code    10  z_lk02.o(i.rx_pwmHv)
    tdc_agc_control                          0x08004c09   Thumb Code   130  z_freertos.o(i.tdc_agc_control)
    tdc_board_init                           0x08004c91   Thumb Code    78  z_lk02.o(i.tdc_board_init)
    tdc_delay                                0x08004ced   Thumb Code     6  tdc_gp21.o(i.tdc_delay)
    tdc_rx_voltge_relese                     0x08004cf5   Thumb Code    38  z_lk02.o(i.tdc_rx_voltge_relese)
    tinyRecFunc                              0x08004d21   Thumb Code    62  test.o(i.tinyRecFunc)
    tlc5618_send_16byte                      0x08004d65   Thumb Code    60  tlc5618.o(i.tlc5618_send_16byte)
    tlc5618_write                            0x08004da9   Thumb Code    32  tlc5618.o(i.tlc5618_write)
    tlc5618_writeAchannal                    0x08004dc9   Thumb Code     8  tlc5618.o(i.tlc5618_writeAchannal)
    tlc5618_writeBchannal                    0x08004dd1   Thumb Code    18  tlc5618.o(i.tlc5618_writeBchannal)
    tlc_rx_pwmHvStart                        0x08004de5   Thumb Code     8  z_lk02.o(i.tlc_rx_pwmHvStart)
    trigEnough                               0x08004df1   Thumb Code    30  z_freertos.o(i.trigEnough)
    trigGetData                              0x08004e19   Thumb Code    76  z_freertos.o(i.trigGetData)
    trigOnce                                 0x08004e71   Thumb Code    26  z_freertos.o(i.trigOnce)
    usartIdleInt                             0x08004e91   Thumb Code    38  z_serial.o(i.usartIdleInt)
    uxListRemove                             0x08004ebd   Thumb Code    36  list.o(i.uxListRemove)
    vListInitialise                          0x08004ee1   Thumb Code    22  list.o(i.vListInitialise)
    vListInitialiseItem                      0x08004ef7   Thumb Code     6  list.o(i.vListInitialiseItem)
    vListInsert                              0x08004efd   Thumb Code    48  list.o(i.vListInsert)
    vListInsertEnd                           0x08004f2d   Thumb Code    24  list.o(i.vListInsertEnd)
    vPortEnterCritical                       0x08004f45   Thumb Code    54  port.o(i.vPortEnterCritical)
    vPortExitCritical                        0x08004f85   Thumb Code    34  port.o(i.vPortExitCritical)
    vPortFree                                0x08004fad   Thumb Code    88  heap_4.o(i.vPortFree)
    vPortSetupTimerInterrupt                 0x08005009   Thumb Code    26  port.o(i.vPortSetupTimerInterrupt)
    vPortValidateInterruptPriority           0x08005029   Thumb Code    74  port.o(i.vPortValidateInterruptPriority)
    vQueueAddToRegistry                      0x0800507d   Thumb Code    34  queue.o(i.vQueueAddToRegistry)
    vQueueWaitForMessageRestricted           0x080050a5   Thumb Code    68  queue.o(i.vQueueWaitForMessageRestricted)
    vTaskDelay                               0x080050e9   Thumb Code    66  tasks.o(i.vTaskDelay)
    vTaskMissedYield                         0x08005135   Thumb Code     8  tasks.o(i.vTaskMissedYield)
    vTaskPlaceOnEventList                    0x08005141   Thumb Code    44  tasks.o(i.vTaskPlaceOnEventList)
    vTaskPlaceOnEventListRestricted          0x08005171   Thumb Code    52  tasks.o(i.vTaskPlaceOnEventListRestricted)
    vTaskPriorityInherit                     0x080051a9   Thumb Code   124  tasks.o(i.vTaskPriorityInherit)
    vTaskResume                              0x0800522d   Thumb Code   112  tasks.o(i.vTaskResume)
    vTaskSetTimeOutState                     0x080052a9   Thumb Code    30  tasks.o(i.vTaskSetTimeOutState)
    vTaskStartScheduler                      0x080052cd   Thumb Code    94  tasks.o(i.vTaskStartScheduler)
    vTaskSuspend                             0x0800533d   Thumb Code   162  tasks.o(i.vTaskSuspend)
    vTaskSuspendAll                          0x080053ed   Thumb Code    10  tasks.o(i.vTaskSuspendAll)
    vTaskSwitchContext                       0x080053fd   Thumb Code    82  tasks.o(i.vTaskSwitchContext)
    xPortStartScheduler                      0x08005459   Thumb Code   102  port.o(i.xPortStartScheduler)
    xPortSysTickHandler                      0x080054cd   Thumb Code    38  port.o(i.xPortSysTickHandler)
    xQueueGenericCreate                      0x080054f9   Thumb Code    72  queue.o(i.xQueueGenericCreate)
    xQueueGenericReceive                     0x08005541   Thumb Code   360  queue.o(i.xQueueGenericReceive)
    xQueueGenericReset                       0x080056ad   Thumb Code   132  queue.o(i.xQueueGenericReset)
    xQueueGenericSend                        0x08005735   Thumb Code   346  queue.o(i.xQueueGenericSend)
    xQueueGenericSendFromISR                 0x08005895   Thumb Code   188  queue.o(i.xQueueGenericSendFromISR)
    xQueueGiveFromISR                        0x08005951   Thumb Code   156  queue.o(i.xQueueGiveFromISR)
    xTaskCheckForTimeOut                     0x080059ed   Thumb Code   102  tasks.o(i.xTaskCheckForTimeOut)
    xTaskCreate                              0x08005a59   Thumb Code    86  tasks.o(i.xTaskCreate)
    xTaskGetSchedulerState                   0x08005ab1   Thumb Code    22  tasks.o(i.xTaskGetSchedulerState)
    xTaskGetTickCount                        0x08005acd   Thumb Code     6  tasks.o(i.xTaskGetTickCount)
    xTaskIncrementTick                       0x08005ad9   Thumb Code   192  tasks.o(i.xTaskIncrementTick)
    xTaskPriorityDisinherit                  0x08005ba1   Thumb Code   144  tasks.o(i.xTaskPriorityDisinherit)
    xTaskRemoveFromEventList                 0x08005c39   Thumb Code   108  tasks.o(i.xTaskRemoveFromEventList)
    xTaskResumeAll                           0x08005cad   Thumb Code   182  tasks.o(i.xTaskResumeAll)
    xTimerCreateTimerTask                    0x08005d71   Thumb Code    56  timers.o(i.xTimerCreateTimerTask)
    xTimerGenericCommand                     0x08005db9   Thumb Code    98  timers.o(i.xTimerGenericCommand)
    zTF_sendOnceDist                         0x08005e21   Thumb Code    46  test.o(i.zTF_sendOnceDist)
    z_ListenerInit                           0x08005e55   Thumb Code    26  test.o(i.z_ListenerInit)
    z_analog_convert                         0x08005e7d   Thumb Code    60  z_analog.o(i.z_analog_convert)
    z_analog_covertDMA                       0x08005ec1   Thumb Code    64  z_analog.o(i.z_analog_covertDMA)
    z_serialDriverTask                       0x08005f11   Thumb Code    66  z_serial.o(i.z_serialDriverTask)
    z_serial_init                            0x08005f71   Thumb Code    34  z_serial.o(i.z_serial_init)
    z_serial_write                           0x08005f99   Thumb Code    14  z_serial.o(i.z_serial_write)
    z_taskCreate                             0x08005fad   Thumb Code    68  z_freertos.o(i.z_taskCreate)
    z_tiny_test                              0x08006031   Thumb Code    16  test.o(i.z_tiny_test)
    AHBPrescTable                            0x08006058   Data          16  system_stm32f1xx.o(.constdata)
    APBPrescTable                            0x08006068   Data           8  system_stm32f1xx.o(.constdata)
    Region$$Table$$Base                      0x0800627c   Number         0  anon$$obj.o(Region$$Table)
    Region$$Table$$Limit                     0x0800629c   Number         0  anon$$obj.o(Region$$Table)
    defaultTaskHandle                        0x20000000   Data           4  freertos.o(.data)
    uwTickFreq                               0x20000004   Data           1  stm32f1xx_hal.o(.data)
    uwTickPrio                               0x20000008   Data           4  stm32f1xx_hal.o(.data)
    uwTick                                   0x2000000c   Data           4  stm32f1xx_hal.o(.data)
    SystemCoreClock                          0x20000010   Data           4  system_stm32f1xx.o(.data)
    pxCurrentTCB                             0x20000014   Data           4  tasks.o(.data)
    gp21_statu                               0x20000088   Data           1  tdc_gp21.o(.data)
    tx_signalGpio                            0x2000008c   Data           4  tdc_gp21.o(.data)
    gp21_spi                                 0x20000090   Data           4  tdc_gp21.o(.data)
    rxbuf                                    0x20000094   Data           5  tdc_gp21.o(.data)
    id                                       0x20000099   Data           7  tdc_gp21.o(.data)
    rev_lens                                 0x200000a2   Data           2  z_serial.o(.data)
    z_serial                                 0x200000a4   Data           4  z_serial.o(.data)
    serialSemaphore                          0x200000a8   Data           4  z_serial.o(.data)
    adcDMAisComplete                         0x200000ac   Data           1  z_analog.o(.data)
    erro_count                               0x200000ad   Data           1  z_analog.o(.data)
    adc_value_DMA                            0x200000ae   Data           2  z_analog.o(.data)
    z_analog_value                           0x200000b0   Data           2  z_analog.o(.data)
    z_anlog                                  0x200000b4   Data           4  z_analog.o(.data)
    value                                    0x200000b8   Data           4  z_analog.o(.data)
    test_valuenum                            0x200000bc   Data           4  z_analog.o(.data)
    tlc5618_spi                              0x200000c0   Data           4  tlc5618.o(.data)
    test_dit                                 0x200000c4   Data           4  z_lk02.o(.data)
    test_distf                               0x200000c8   Data           4  z_lk02.o(.data)
    z_rx_pwm_hvCtl                           0x200000cc   Data           8  z_lk02.o(.data)
    demo_tf                                  0x200000d4   Data           4  test.o(.data)
    cmdMsg                                   0x200000d8   Data           4  test.o(.data)
    lk_param_statu                           0x200000dc   Data           5  test.o(.data)
    lk_parm                                  0x200000e1   Data          10  test.o(.data)
    tdc_statu                                0x200000ec   Data           1  z_freertos.o(.data)
    trigCount                                0x200000f0   Data           4  z_freertos.o(.data)
    erroTimeOutCount                         0x200000f4   Data           4  z_freertos.o(.data)
    xHandleGp21Trig                          0x200000fc   Data           4  z_freertos.o(.data)
    paramBuff                                0x20000104   Data           8  z_freertos.o(.data)
    flashParam                               0x2000010c   Data           8  z_freertos.o(.data)
    __stdout                                 0x20000114   Data           4  stdout.o(.data)
    hadc1                                    0x20000118   Data          48  adc.o(.bss)
    hdma_adc1                                0x20000148   Data          68  adc.o(.bss)
    hspi1                                    0x2000018c   Data          88  spi.o(.bss)
    hspi2                                    0x200001e4   Data          88  spi.o(.bss)
    htim2                                    0x2000023c   Data          64  tim.o(.bss)
    huart1                                   0x2000027c   Data          64  usart.o(.bss)
    hdma_usart1_rx                           0x200002bc   Data          68  usart.o(.bss)
    xQueueRegistry                           0x20000300   Data          64  queue.o(.bss)
    serial_rxbuf                             0x20002b68   Data          50  z_serial.o(.bss)
    dma_listen                               0x20002b9c   Data          40  z_serial.o(.bss)
    adc_buf                                  0x20002bc4   Data          20  z_analog.o(.bss)
    _TDC_GP21                                0x20002bd8   Data          60  z_lk02.o(.bss)
    zjk_tf                                   0x20002c14   Data        2392  test.o(.bss)
    __initial_sp                             0x20003970   Data           0  startup_stm32f103xb.o(STACK)



==============================================================================

Memory Map of the image

  Image Entry point : 0x080000ed

  Load Region LR_IROM1 (Base: 0x08000000, Size: 0x000063b4, Max: 0x00010000, ABSOLUTE)

    Execution Region ER_IROM1 (Exec base: 0x08000000, Load base: 0x08000000, Size: 0x0000629c, Max: 0x00010000, ABSOLUTE)

    Exec Addr    Load Addr    Size         Type   Attr      Idx    E Section Name        Object

    0x08000000   0x08000000   0x000000ec   Data   RO            3    RESET               startup_stm32f103xb.o
    0x080000ec   0x080000ec   0x00000000   Code   RO         5480  * .ARM.Collect$$$$00000000  mc_w.l(entry.o)
    0x080000ec   0x080000ec   0x00000004   Code   RO         5804    .ARM.Collect$$$$00000001  mc_w.l(entry2.o)
    0x080000f0   0x080000f0   0x00000004   Code   RO         5807    .ARM.Collect$$$$00000004  mc_w.l(entry5.o)
    0x080000f4   0x080000f4   0x00000000   Code   RO         5809    .ARM.Collect$$$$00000008  mc_w.l(entry7b.o)
    0x080000f4   0x080000f4   0x00000000   Code   RO         5811    .ARM.Collect$$$$0000000A  mc_w.l(entry8b.o)
    0x080000f4   0x080000f4   0x00000008   Code   RO         5812    .ARM.Collect$$$$0000000B  mc_w.l(entry9a.o)
    0x080000fc   0x080000fc   0x00000000   Code   RO         5814    .ARM.Collect$$$$0000000D  mc_w.l(entry10a.o)
    0x080000fc   0x080000fc   0x00000000   Code   RO         5816    .ARM.Collect$$$$0000000F  mc_w.l(entry11a.o)
    0x080000fc   0x080000fc   0x00000004   Code   RO         5805    .ARM.Collect$$$$00002712  mc_w.l(entry2.o)
    0x08000100   0x08000100   0x00000096   Code   RO         4543    .emb_text           port.o
    0x08000196   0x08000196   0x00000002   PAD
    0x08000198   0x08000198   0x00000024   Code   RO            4    .text               startup_stm32f103xb.o
    0x080001bc   0x080001bc   0x00000020   Code   RO         5483    .text               mc_w.l(llushr.o)
    0x080001dc   0x080001dc   0x00000024   Code   RO         5485    .text               mc_w.l(memcpya.o)
    0x08000200   0x08000200   0x00000024   Code   RO         5487    .text               mc_w.l(memseta.o)
    0x08000224   0x08000224   0x000000b0   Code   RO         5780    .text               mf_w.l(fadd.o)
    0x080002d4   0x080002d4   0x00000064   Code   RO         5782    .text               mf_w.l(fmul.o)
    0x08000338   0x08000338   0x0000007c   Code   RO         5784    .text               mf_w.l(fdiv.o)
    0x080003b4   0x080003b4   0x00000018   Code   RO         5786    .text               mf_w.l(fscalb.o)
    0x080003cc   0x080003cc   0x000000e4   Code   RO         5788    .text               mf_w.l(dmul.o)
    0x080004b0   0x080004b0   0x0000002e   Code   RO         5790    .text               mf_w.l(dscalb.o)
    0x080004de   0x080004de   0x00000012   Code   RO         5792    .text               mf_w.l(fflti.o)
    0x080004f0   0x080004f0   0x0000000a   Code   RO         5794    .text               mf_w.l(ffltui.o)
    0x080004fa   0x080004fa   0x00000032   Code   RO         5796    .text               mf_w.l(ffixi.o)
    0x0800052c   0x0800052c   0x00000028   Code   RO         5798    .text               mf_w.l(ffixui.o)
    0x08000554   0x08000554   0x00000026   Code   RO         5800    .text               mf_w.l(f2d.o)
    0x0800057a   0x0800057a   0x00000038   Code   RO         5802    .text               mf_w.l(d2f.o)
    0x080005b2   0x080005b2   0x00000062   Code   RO         5821    .text               mc_w.l(uldiv.o)
    0x08000614   0x08000614   0x00000000   Code   RO         5825    .text               mc_w.l(iusefp.o)
    0x08000614   0x08000614   0x0000006e   Code   RO         5826    .text               mf_w.l(fepilogue.o)
    0x08000682   0x08000682   0x000000ba   Code   RO         5828    .text               mf_w.l(depilogue.o)
    0x0800073c   0x0800073c   0x00000024   Code   RO         5838    .text               mc_w.l(init.o)
    0x08000760   0x08000760   0x0000001e   Code   RO         5840    .text               mc_w.l(llshl.o)
    0x0800077e   0x0800077e   0x00000002   PAD
    0x08000780   0x08000780   0x0000000c   Code   RO          536    i.ADC1_2_IRQHandler  stm32f1xx_it.o
    0x0800078c   0x0800078c   0x0000004c   Code   RO          684    i.ADC_ConversionStop_Disable  stm32f1xx_hal_adc.o
    0x080007d8   0x080007d8   0x0000004e   Code   RO          685    i.ADC_DMAConvCplt   stm32f1xx_hal_adc.o
    0x08000826   0x08000826   0x0000001a   Code   RO          686    i.ADC_DMAError      stm32f1xx_hal_adc.o
    0x08000840   0x08000840   0x0000000a   Code   RO          687    i.ADC_DMAHalfConvCplt  stm32f1xx_hal_adc.o
    0x0800084a   0x0800084a   0x00000002   PAD
    0x0800084c   0x0800084c   0x00000070   Code   RO          688    i.ADC_Enable        stm32f1xx_hal_adc.o
    0x080008bc   0x080008bc   0x00000002   Code   RO          537    i.BusFault_Handler  stm32f1xx_it.o
    0x080008be   0x080008be   0x00000002   PAD
    0x080008c0   0x080008c0   0x0000000c   Code   RO          538    i.DMA1_Channel1_IRQHandler  stm32f1xx_it.o
    0x080008cc   0x080008cc   0x0000000c   Code   RO          539    i.DMA1_Channel5_IRQHandler  stm32f1xx_it.o
    0x080008d8   0x080008d8   0x0000002a   Code   RO         2863    i.DMA_SetConfig     stm32f1xx_hal_dma.o
    0x08000902   0x08000902   0x00000002   Code   RO          540    i.DebugMon_Handler  stm32f1xx_it.o
    0x08000904   0x08000904   0x00000002   Code   RO           13    i.Error_Handler     main.o
    0x08000906   0x08000906   0x00000002   PAD
    0x08000908   0x08000908   0x00000058   Code   RO         4623    i.GP21_Init         tdc_gp21.o
    0x08000960   0x08000960   0x00000018   Code   RO         4716    i.GetRevBytes       z_serial.o
    0x08000978   0x08000978   0x0000008c   Code   RO         5408    i.Gp21TrigTask      z_freertos.o
    0x08000a04   0x08000a04   0x000000c8   Code   RO          864    i.HAL_ADCEx_Calibration_Start  stm32f1xx_hal_adc_ex.o
    0x08000acc   0x08000acc   0x00000002   Code   RO          866    i.HAL_ADCEx_InjectedConvCpltCallback  stm32f1xx_hal_adc_ex.o
    0x08000ace   0x08000ace   0x00000002   PAD
    0x08000ad0   0x08000ad0   0x000000fc   Code   RO          690    i.HAL_ADC_ConfigChannel  stm32f1xx_hal_adc.o
    0x08000bcc   0x08000bcc   0x00000014   Code   RO         4792    i.HAL_ADC_ConvCpltCallback  z_analog.o
    0x08000be0   0x08000be0   0x00000002   Code   RO          692    i.HAL_ADC_ConvHalfCpltCallback  stm32f1xx_hal_adc.o
    0x08000be2   0x08000be2   0x00000002   Code   RO          694    i.HAL_ADC_ErrorCallback  stm32f1xx_hal_adc.o
    0x08000be4   0x08000be4   0x000000e6   Code   RO          698    i.HAL_ADC_IRQHandler  stm32f1xx_hal_adc.o
    0x08000cca   0x08000cca   0x00000002   PAD
    0x08000ccc   0x08000ccc   0x0000011c   Code   RO          699    i.HAL_ADC_Init      stm32f1xx_hal_adc.o
    0x08000de8   0x08000de8   0x00000002   Code   RO          700    i.HAL_ADC_LevelOutOfWindowCallback  stm32f1xx_hal_adc.o
    0x08000dea   0x08000dea   0x00000002   PAD
    0x08000dec   0x08000dec   0x0000009c   Code   RO          233    i.HAL_ADC_MspInit   adc.o
    0x08000e88   0x08000e88   0x0000010c   Code   RO          706    i.HAL_ADC_Start_DMA  stm32f1xx_hal_adc.o
    0x08000f94   0x08000f94   0x0000004c   Code   RO          709    i.HAL_ADC_Stop_DMA  stm32f1xx_hal_adc.o
    0x08000fe0   0x08000fe0   0x00000030   Code   RO         2864    i.HAL_DMA_Abort     stm32f1xx_hal_dma.o
    0x08001010   0x08001010   0x00000098   Code   RO         2865    i.HAL_DMA_Abort_IT  stm32f1xx_hal_dma.o
    0x080010a8   0x080010a8   0x00000154   Code   RO         2869    i.HAL_DMA_IRQHandler  stm32f1xx_hal_dma.o
    0x080011fc   0x080011fc   0x0000005c   Code   RO         2870    i.HAL_DMA_Init      stm32f1xx_hal_dma.o
    0x08001258   0x08001258   0x00000070   Code   RO         2874    i.HAL_DMA_Start_IT  stm32f1xx_hal_dma.o
    0x080012c8   0x080012c8   0x00000024   Code   RO         2504    i.HAL_Delay         stm32f1xx_hal.o
    0x080012ec   0x080012ec   0x000001bc   Code   RO         2800    i.HAL_GPIO_Init     stm32f1xx_hal_gpio.o
    0x080014a8   0x080014a8   0x0000000a   Code   RO         2802    i.HAL_GPIO_ReadPin  stm32f1xx_hal_gpio.o
    0x080014b2   0x080014b2   0x0000000a   Code   RO         2804    i.HAL_GPIO_WritePin  stm32f1xx_hal_gpio.o
    0x080014bc   0x080014bc   0x0000000c   Code   RO         2508    i.HAL_GetTick       stm32f1xx_hal.o
    0x080014c8   0x080014c8   0x00000010   Code   RO         2512    i.HAL_IncTick       stm32f1xx_hal.o
    0x080014d8   0x080014d8   0x00000024   Code   RO         2513    i.HAL_Init          stm32f1xx_hal.o
    0x080014fc   0x080014fc   0x00000040   Code   RO         2514    i.HAL_InitTick      stm32f1xx_hal.o
    0x0800153c   0x0800153c   0x00000048   Code   RO          624    i.HAL_MspInit       stm32f1xx_hal_msp_1.o
    0x08001584   0x08001584   0x00000016   Code   RO         2960    i.HAL_NVIC_EnableIRQ  stm32f1xx_hal_cortex.o
    0x0800159a   0x0800159a   0x00000002   PAD
    0x0800159c   0x0800159c   0x00000040   Code   RO         2966    i.HAL_NVIC_SetPriority  stm32f1xx_hal_cortex.o
    0x080015dc   0x080015dc   0x00000024   Code   RO         2967    i.HAL_NVIC_SetPriorityGrouping  stm32f1xx_hal_cortex.o
    0x08001600   0x08001600   0x000000c8   Code   RO         2762    i.HAL_RCCEx_GetPeriphCLKFreq  stm32f1xx_hal_rcc_ex.o
    0x080016c8   0x080016c8   0x000000ec   Code   RO         2763    i.HAL_RCCEx_PeriphCLKConfig  stm32f1xx_hal_rcc_ex.o
    0x080017b4   0x080017b4   0x0000016c   Code   RO         2660    i.HAL_RCC_ClockConfig  stm32f1xx_hal_rcc.o
    0x08001920   0x08001920   0x00000020   Code   RO         2667    i.HAL_RCC_GetPCLK1Freq  stm32f1xx_hal_rcc.o
    0x08001940   0x08001940   0x00000020   Code   RO         2668    i.HAL_RCC_GetPCLK2Freq  stm32f1xx_hal_rcc.o
    0x08001960   0x08001960   0x0000006c   Code   RO         2669    i.HAL_RCC_GetSysClockFreq  stm32f1xx_hal_rcc.o
    0x080019cc   0x080019cc   0x00000304   Code   RO         2672    i.HAL_RCC_OscConfig  stm32f1xx_hal_rcc.o
    0x08001cd0   0x08001cd0   0x00000082   Code   RO         1283    i.HAL_SPI_Init      stm32f1xx_hal_spi_ex.o
    0x08001d52   0x08001d52   0x00000002   PAD
    0x08001d54   0x08001d54   0x000000ac   Code   RO          399    i.HAL_SPI_MspInit   spi.o
    0x08001e00   0x08001e00   0x00000168   Code   RO          979    i.HAL_SPI_Transmit  stm32f1xx_hal_spi.o
    0x08001f68   0x08001f68   0x000001d8   Code   RO          980    i.HAL_SPI_TransmitReceive  stm32f1xx_hal_spi.o
    0x08002140   0x08002140   0x00000028   Code   RO         2971    i.HAL_SYSTICK_Config  stm32f1xx_hal_cortex.o
    0x08002168   0x08002168   0x00000050   Code   RO         1955    i.HAL_TIMEx_MasterConfigSynchronization  stm32f1xx_hal_tim_ex.o
    0x080021b8   0x080021b8   0x00000036   Code   RO         1309    i.HAL_TIM_Base_Init  stm32f1xx_hal_tim.o
    0x080021ee   0x080021ee   0x00000002   PAD
    0x080021f0   0x080021f0   0x00000024   Code   RO          447    i.HAL_TIM_Base_MspInit  tim.o
    0x08002214   0x08002214   0x000000f2   Code   RO         1318    i.HAL_TIM_ConfigClockSource  stm32f1xx_hal_tim.o
    0x08002306   0x08002306   0x00000002   PAD
    0x08002308   0x08002308   0x00000048   Code   RO          448    i.HAL_TIM_MspPostInit  tim.o
    0x08002350   0x08002350   0x000000d0   Code   RO         1375    i.HAL_TIM_PWM_ConfigChannel  stm32f1xx_hal_tim.o
    0x08002420   0x08002420   0x00000036   Code   RO         1378    i.HAL_TIM_PWM_Init  stm32f1xx_hal_tim.o
    0x08002456   0x08002456   0x00000002   Code   RO         1380    i.HAL_TIM_PWM_MspInit  stm32f1xx_hal_tim.o
    0x08002458   0x08002458   0x00000030   Code   RO         1382    i.HAL_TIM_PWM_Start  stm32f1xx_hal_tim.o
    0x08002488   0x08002488   0x00000058   Code   RO         2190    i.HAL_UART_DMAStop  stm32f1xx_hal_uart.o
    0x080024e0   0x080024e0   0x00000002   Code   RO         2192    i.HAL_UART_ErrorCallback  stm32f1xx_hal_uart.o
    0x080024e2   0x080024e2   0x00000002   PAD
    0x080024e4   0x080024e4   0x00000110   Code   RO         2195    i.HAL_UART_IRQHandler  stm32f1xx_hal_uart.o
    0x080025f4   0x080025f4   0x00000062   Code   RO         2196    i.HAL_UART_Init     stm32f1xx_hal_uart.o
    0x08002656   0x08002656   0x00000002   PAD
    0x08002658   0x08002658   0x000000c0   Code   RO          495    i.HAL_UART_MspInit  usart.o
    0x08002718   0x08002718   0x00000098   Code   RO         2200    i.HAL_UART_Receive_DMA  stm32f1xx_hal_uart.o
    0x080027b0   0x080027b0   0x00000002   Code   RO         2202    i.HAL_UART_RxCpltCallback  stm32f1xx_hal_uart.o
    0x080027b2   0x080027b2   0x00000002   Code   RO         2203    i.HAL_UART_RxHalfCpltCallback  stm32f1xx_hal_uart.o
    0x080027b4   0x080027b4   0x000000ba   Code   RO         2204    i.HAL_UART_Transmit  stm32f1xx_hal_uart.o
    0x0800286e   0x0800286e   0x00000002   Code   RO         2207    i.HAL_UART_TxCpltCallback  stm32f1xx_hal_uart.o
    0x08002870   0x08002870   0x00000002   Code   RO          541    i.HardFault_Handler  stm32f1xx_it.o
    0x08002872   0x08002872   0x00000002   PAD
    0x08002874   0x08002874   0x0000004c   Code   RO          234    i.MX_ADC1_Init      adc.o
    0x080028c0   0x080028c0   0x0000003c   Code   RO          274    i.MX_DMA_Init       dma.o
    0x080028fc   0x080028fc   0x0000002c   Code   RO          298    i.MX_FREERTOS_Init  freertos.o
    0x08002928   0x08002928   0x000000d8   Code   RO          208    i.MX_GPIO_Init      gpio.o
    0x08002a00   0x08002a00   0x00000048   Code   RO          400    i.MX_SPI1_Init      spi.o
    0x08002a48   0x08002a48   0x00000044   Code   RO          401    i.MX_SPI2_Init      spi.o
    0x08002a8c   0x08002a8c   0x00000094   Code   RO          449    i.MX_TIM2_Init      tim.o
    0x08002b20   0x08002b20   0x00000038   Code   RO          496    i.MX_USART1_UART_Init  usart.o
    0x08002b58   0x08002b58   0x00000002   Code   RO          542    i.MemManage_Handler  stm32f1xx_it.o
    0x08002b5a   0x08002b5a   0x00000002   Code   RO          543    i.NMI_Handler       stm32f1xx_it.o
    0x08002b5c   0x08002b5c   0x00000020   Code   RO         2973    i.NVIC_SetPriority  stm32f1xx_hal_cortex.o
    0x08002b7c   0x08002b7c   0x00000020   Code   RO          995    i.SPI_CheckFlag_BSY  stm32f1xx_hal_spi.o
    0x08002b9c   0x08002b9c   0x00000096   Code   RO         1014    i.SPI_WaitFlagStateUntilTimeout  stm32f1xx_hal_spi.o
    0x08002c32   0x08002c32   0x00000074   Code   RO         4919    i.Send_Pose_Data    connect_format.o
    0x08002ca6   0x08002ca6   0x00000002   PAD
    0x08002ca8   0x08002ca8   0x00000030   Code   RO         5411    i.SerialTask        z_freertos.o
    0x08002cd8   0x08002cd8   0x0000000c   Code   RO          299    i.StartDefaultTask  freertos.o
    0x08002ce4   0x08002ce4   0x0000000e   Code   RO          544    i.SysTick_Handler   stm32f1xx_it.o
    0x08002cf2   0x08002cf2   0x00000072   Code   RO           14    i.SystemClock_Config  main.o
    0x08002d64   0x08002d64   0x00000048   Code   RO         3389    i.SystemInit        system_stm32f1xx.o
    0x08002dac   0x08002dac   0x00000020   Code   RO         5174    i.TF_Accept         tinyframe.o
    0x08002dcc   0x08002dcc   0x0000022c   Code   RO         5175    i.TF_AcceptChar     tinyframe.o
    0x08002ff8   0x08002ff8   0x00000060   Code   RO         5176    i.TF_AddGenericListener  tinyframe.o
    0x08003058   0x08003058   0x0000006c   Code   RO         5177    i.TF_AddIdListener  tinyframe.o
    0x080030c4   0x080030c4   0x00000014   Code   RO         5179    i.TF_CksumAdd       tinyframe.o
    0x080030d8   0x080030d8   0x000000a6   Code   RO         5180    i.TF_ComposeHead    tinyframe.o
    0x0800317e   0x0800317e   0x00000002   PAD
    0x08003180   0x08003180   0x00000144   Code   RO         5182    i.TF_HandleReceivedMessage  tinyframe.o
    0x080032c4   0x080032c4   0x00000058   Code   RO         5184    i.TF_InitStatic     tinyframe.o
    0x0800331c   0x0800331c   0x0000000c   Code   RO         5196    i.TF_Respond        tinyframe.o
    0x08003328   0x08003328   0x00000090   Code   RO         5199    i.TF_SendFrame      tinyframe.o
    0x080033b8   0x080033b8   0x00000090   Code   RO         5200    i.TF_SendFrame_Chunk  tinyframe.o
    0x08003448   0x08003448   0x00000070   Code   RO         5201    i.TF_SendFrame_End  tinyframe.o
    0x080034b8   0x080034b8   0x00000008   Code   RO         5068    i.TF_WriteImpl      test.o
    0x080034c0   0x080034c0   0x0000006c   Code   RO         1393    i.TIM_Base_SetConfig  stm32f1xx_hal_tim.o
    0x0800352c   0x0800352c   0x00000016   Code   RO         1394    i.TIM_CCxChannelCmd  stm32f1xx_hal_tim.o
    0x08003542   0x08003542   0x00000014   Code   RO         1400    i.TIM_ETR_SetConfig  stm32f1xx_hal_tim.o
    0x08003556   0x08003556   0x00000010   Code   RO         1401    i.TIM_ITRx_SetConfig  stm32f1xx_hal_tim.o
    0x08003566   0x08003566   0x00000002   PAD
    0x08003568   0x08003568   0x00000050   Code   RO         1402    i.TIM_OC1_SetConfig  stm32f1xx_hal_tim.o
    0x080035b8   0x080035b8   0x00000058   Code   RO         1403    i.TIM_OC2_SetConfig  stm32f1xx_hal_tim.o
    0x08003610   0x08003610   0x00000058   Code   RO         1404    i.TIM_OC3_SetConfig  stm32f1xx_hal_tim.o
    0x08003668   0x08003668   0x00000044   Code   RO         1405    i.TIM_OC4_SetConfig  stm32f1xx_hal_tim.o
    0x080036ac   0x080036ac   0x00000022   Code   RO         1407    i.TIM_TI1_ConfigInputStage  stm32f1xx_hal_tim.o
    0x080036ce   0x080036ce   0x00000024   Code   RO         1409    i.TIM_TI2_ConfigInputStage  stm32f1xx_hal_tim.o
    0x080036f2   0x080036f2   0x00000010   Code   RO         2209    i.UART_DMAAbortOnError  stm32f1xx_hal_uart.o
    0x08003702   0x08003702   0x0000004a   Code   RO         2210    i.UART_DMAError     stm32f1xx_hal_uart.o
    0x0800374c   0x0800374c   0x0000003c   Code   RO         2211    i.UART_DMAReceiveCplt  stm32f1xx_hal_uart.o
    0x08003788   0x08003788   0x0000000a   Code   RO         2213    i.UART_DMARxHalfCplt  stm32f1xx_hal_uart.o
    0x08003792   0x08003792   0x0000001c   Code   RO         2219    i.UART_EndRxTransfer  stm32f1xx_hal_uart.o
    0x080037ae   0x080037ae   0x00000012   Code   RO         2220    i.UART_EndTxTransfer  stm32f1xx_hal_uart.o
    0x080037c0   0x080037c0   0x00000096   Code   RO         2221    i.UART_Receive_IT   stm32f1xx_hal_uart.o
    0x08003856   0x08003856   0x00000002   PAD
    0x08003858   0x08003858   0x00000170   Code   RO         2222    i.UART_SetConfig    stm32f1xx_hal_uart.o
    0x080039c8   0x080039c8   0x00000062   Code   RO         2223    i.UART_Transmit_IT  stm32f1xx_hal_uart.o
    0x08003a2a   0x08003a2a   0x00000064   Code   RO         2224    i.UART_WaitOnFlagUntilTimeout  stm32f1xx_hal_uart.o
    0x08003a8e   0x08003a8e   0x00000002   PAD
    0x08003a90   0x08003a90   0x00000014   Code   RO          545    i.USART1_IRQHandler  stm32f1xx_it.o
    0x08003aa4   0x08003aa4   0x00000002   Code   RO          546    i.UsageFault_Handler  stm32f1xx_it.o
    0x08003aa6   0x08003aa6   0x00000002   PAD
    0x08003aa8   0x08003aa8   0x00000020   Code   RO         5698    i.__0printf$8       mc_w.l(printf8.o)
    0x08003ac8   0x08003ac8   0x0000000e   Code   RO         5846    i.__scatterload_copy  mc_w.l(handlers.o)
    0x08003ad6   0x08003ad6   0x00000002   Code   RO         5847    i.__scatterload_null  mc_w.l(handlers.o)
    0x08003ad8   0x08003ad8   0x0000000e   Code   RO         5848    i.__scatterload_zeroinit  mc_w.l(handlers.o)
    0x08003ae6   0x08003ae6   0x00000002   PAD
    0x08003ae8   0x08003ae8   0x00000410   Code   RO         5705    i._printf_core      mc_w.l(printf8.o)
    0x08003ef8   0x08003ef8   0x00000024   Code   RO         5706    i._printf_post_padding  mc_w.l(printf8.o)
    0x08003f1c   0x08003f1c   0x0000002e   Code   RO         5707    i._printf_pre_padding  mc_w.l(printf8.o)
    0x08003f4a   0x08003f4a   0x00000002   PAD
    0x08003f4c   0x08003f4c   0x00000024   Code   RO         4717    i.addUartDmaRevListen  z_serial.o
    0x08003f70   0x08003f70   0x00000014   Code   RO         5206    i.cleanup_generic_listener  tinyframe.o
    0x08003f84   0x08003f84   0x0000003e   Code   RO         5207    i.cleanup_id_listener  tinyframe.o
    0x08003fc2   0x08003fc2   0x00000014   Code   RO         5208    i.cleanup_type_listener  tinyframe.o
    0x08003fd6   0x08003fd6   0x00000002   PAD
    0x08003fd8   0x08003fd8   0x0000004c   Code   RO         5070    i.dataGetCmdSlect   test.o
    0x08004024   0x08004024   0x00000018   Code   RO         4718    i.fputc             z_serial.o
    0x0800403c   0x0800403c   0x0000000c   Code   RO         4624    i.get_gp21_statu    tdc_gp21.o
    0x08004048   0x08004048   0x0000000c   Code   RO         4719    i.get_revLens       z_serial.o
    0x08004054   0x08004054   0x00000054   Code   RO         4625    i.gp21_defaultcofg  tdc_gp21.o
    0x080040a8   0x080040a8   0x000000d0   Code   RO         4972    i.gp21_distance_cal  z_lk02.o
    0x08004178   0x08004178   0x00000006   Code   RO         4629    i.gp21_read_diatance  tdc_gp21.o
    0x0800417e   0x0800417e   0x00000002   PAD
    0x08004180   0x08004180   0x0000005c   Code   RO         4630    i.gp21_read_dword   tdc_gp21.o
    0x080041dc   0x080041dc   0x0000001c   Code   RO         4631    i.gp21_startOneSignal  tdc_gp21.o
    0x080041f8   0x080041f8   0x00000038   Code   RO         4632    i.gp21_write        tdc_gp21.o
    0x08004230   0x08004230   0x0000005c   Code   RO         4633    i.gp21_write_cfg    tdc_gp21.o
    0x0800428c   0x0800428c   0x0000002e   Code   RO           15    i.main              main.o
    0x080042ba   0x080042ba   0x0000000c   Code   RO         4121    i.makeFreeRtosPriority  cmsis_os.o
    0x080042c6   0x080042c6   0x00000002   PAD
    0x080042c8   0x080042c8   0x00000034   Code   RO         5071    i.myGenericListener  test.o
    0x080042fc   0x080042fc   0x0000000e   Code   RO         4123    i.osDelay           cmsis_os.o
    0x0800430a   0x0800430a   0x0000000a   Code   RO         4126    i.osKernelStart     cmsis_os.o
    0x08004314   0x08004314   0x00000014   Code   RO         4159    i.osSystickHandler  cmsis_os.o
    0x08004328   0x08004328   0x0000002e   Code   RO         4160    i.osThreadCreate    cmsis_os.o
    0x08004356   0x08004356   0x00000002   PAD
    0x08004358   0x08004358   0x00000038   Code   RO         5072    i.paramDataSaveCMD  test.o
    0x08004390   0x08004390   0x00000010   Code   RO         5073    i.paramGetCmdSlect  test.o
    0x080043a0   0x080043a0   0x00000070   Code   RO         3704    i.prvAddCurrentTaskToDelayedList  tasks.o
    0x08004410   0x08004410   0x000000d0   Code   RO         3705    i.prvAddNewTaskToReadyList  tasks.o
    0x080044e0   0x080044e0   0x00000050   Code   RO         3990    i.prvCheckForValidListAndQueue  timers.o
    0x08004530   0x08004530   0x00000050   Code   RO         3706    i.prvCheckTasksWaitingTermination  tasks.o
    0x08004580   0x08004580   0x00000026   Code   RO         3558    i.prvCopyDataFromQueue  queue.o
    0x080045a6   0x080045a6   0x0000006c   Code   RO         3559    i.prvCopyDataToQueue  queue.o
    0x08004612   0x08004612   0x00000014   Code   RO         3707    i.prvDeleteTCB      tasks.o
    0x08004626   0x08004626   0x00000002   PAD
    0x08004628   0x08004628   0x00000048   Code   RO         4494    i.prvHeapInit       heap_4.o
    0x08004670   0x08004670   0x00000028   Code   RO         3708    i.prvIdleTask       tasks.o
    0x08004698   0x08004698   0x0000008e   Code   RO         3709    i.prvInitialiseNewTask  tasks.o
    0x08004726   0x08004726   0x00000002   PAD
    0x08004728   0x08004728   0x0000004c   Code   RO         4495    i.prvInsertBlockIntoFreeList  heap_4.o
    0x08004774   0x08004774   0x00000038   Code   RO         3991    i.prvInsertTimerInActiveList  timers.o
    0x080047ac   0x080047ac   0x0000001c   Code   RO         3560    i.prvIsQueueEmpty   queue.o
    0x080047c8   0x080047c8   0x000000c8   Code   RO         3992    i.prvProcessReceivedCommands  timers.o
    0x08004890   0x08004890   0x000000b4   Code   RO         3993    i.prvProcessTimerOrBlockTask  timers.o
    0x08004944   0x08004944   0x00000020   Code   RO         3710    i.prvResetNextTaskUnblockTime  tasks.o
    0x08004964   0x08004964   0x00000028   Code   RO         3994    i.prvSampleTimeNow  timers.o
    0x0800498c   0x0800498c   0x0000006c   Code   RO         3995    i.prvSwitchTimerLists  timers.o
    0x080049f8   0x080049f8   0x00000028   Code   RO         4544    i.prvTaskExitError  port.o
    0x08004a20   0x08004a20   0x00000034   Code   RO         3711    i.prvTaskIsTaskSuspended  tasks.o
    0x08004a54   0x08004a54   0x00000024   Code   RO         3996    i.prvTimerTask      timers.o
    0x08004a78   0x08004a78   0x0000006a   Code   RO         3561    i.prvUnlockQueue    queue.o
    0x08004ae2   0x08004ae2   0x00000002   PAD
    0x08004ae4   0x08004ae4   0x000000d8   Code   RO         4496    i.pvPortMalloc      heap_4.o
    0x08004bbc   0x08004bbc   0x00000018   Code   RO         3712    i.pvTaskIncrementMutexHeldCount  tasks.o
    0x08004bd4   0x08004bd4   0x00000024   Code   RO         4545    i.pxPortInitialiseStack  port.o
    0x08004bf8   0x08004bf8   0x00000010   Code   RO         4973    i.rx_pwmHv          z_lk02.o
    0x08004c08   0x08004c08   0x00000088   Code   RO         5412    i.tdc_agc_control   z_freertos.o
    0x08004c90   0x08004c90   0x0000005c   Code   RO         4974    i.tdc_board_init    z_lk02.o
    0x08004cec   0x08004cec   0x00000006   Code   RO         4634    i.tdc_delay         tdc_gp21.o
    0x08004cf2   0x08004cf2   0x00000002   PAD
    0x08004cf4   0x08004cf4   0x0000002c   Code   RO         4975    i.tdc_rx_voltge_relese  z_lk02.o
    0x08004d20   0x08004d20   0x00000044   Code   RO         5076    i.tinyRecFunc       test.o
    0x08004d64   0x08004d64   0x00000044   Code   RO         4856    i.tlc5618_send_16byte  tlc5618.o
    0x08004da8   0x08004da8   0x00000020   Code   RO         4858    i.tlc5618_write     tlc5618.o
    0x08004dc8   0x08004dc8   0x00000008   Code   RO         4859    i.tlc5618_writeAchannal  tlc5618.o
    0x08004dd0   0x08004dd0   0x00000012   Code   RO         4860    i.tlc5618_writeBchannal  tlc5618.o
    0x08004de2   0x08004de2   0x00000002   PAD
    0x08004de4   0x08004de4   0x0000000c   Code   RO         4976    i.tlc_rx_pwmHvStart  z_lk02.o
    0x08004df0   0x08004df0   0x00000028   Code   RO         5413    i.trigEnough        z_freertos.o
    0x08004e18   0x08004e18   0x00000058   Code   RO         5414    i.trigGetData       z_freertos.o
    0x08004e70   0x08004e70   0x00000020   Code   RO         5415    i.trigOnce          z_freertos.o
    0x08004e90   0x08004e90   0x0000002c   Code   RO         4720    i.usartIdleInt      z_serial.o
    0x08004ebc   0x08004ebc   0x00000024   Code   RO         3521    i.uxListRemove      list.o
    0x08004ee0   0x08004ee0   0x00000016   Code   RO         3522    i.vListInitialise   list.o
    0x08004ef6   0x08004ef6   0x00000006   Code   RO         3523    i.vListInitialiseItem  list.o
    0x08004efc   0x08004efc   0x00000030   Code   RO         3524    i.vListInsert       list.o
    0x08004f2c   0x08004f2c   0x00000018   Code   RO         3525    i.vListInsertEnd    list.o
    0x08004f44   0x08004f44   0x00000040   Code   RO         4547    i.vPortEnterCritical  port.o
    0x08004f84   0x08004f84   0x00000028   Code   RO         4548    i.vPortExitCritical  port.o
    0x08004fac   0x08004fac   0x0000005c   Code   RO         4497    i.vPortFree         heap_4.o
    0x08005008   0x08005008   0x00000020   Code   RO         4549    i.vPortSetupTimerInterrupt  port.o
    0x08005028   0x08005028   0x00000054   Code   RO         4550    i.vPortValidateInterruptPriority  port.o
    0x0800507c   0x0800507c   0x00000028   Code   RO         3565    i.vQueueAddToRegistry  queue.o
    0x080050a4   0x080050a4   0x00000044   Code   RO         3568    i.vQueueWaitForMessageRestricted  queue.o
    0x080050e8   0x080050e8   0x0000004c   Code   RO         3718    i.vTaskDelay        tasks.o
    0x08005134   0x08005134   0x0000000c   Code   RO         3721    i.vTaskMissedYield  tasks.o
    0x08005140   0x08005140   0x00000030   Code   RO         3723    i.vTaskPlaceOnEventList  tasks.o
    0x08005170   0x08005170   0x00000038   Code   RO         3724    i.vTaskPlaceOnEventListRestricted  tasks.o
    0x080051a8   0x080051a8   0x00000084   Code   RO         3726    i.vTaskPriorityInherit  tasks.o
    0x0800522c   0x0800522c   0x0000007c   Code   RO         3728    i.vTaskResume       tasks.o
    0x080052a8   0x080052a8   0x00000024   Code   RO         3729    i.vTaskSetTimeOutState  tasks.o
    0x080052cc   0x080052cc   0x00000070   Code   RO         3730    i.vTaskStartScheduler  tasks.o
    0x0800533c   0x0800533c   0x000000b0   Code   RO         3731    i.vTaskSuspend      tasks.o
    0x080053ec   0x080053ec   0x00000010   Code   RO         3732    i.vTaskSuspendAll   tasks.o
    0x080053fc   0x080053fc   0x0000005c   Code   RO         3733    i.vTaskSwitchContext  tasks.o
    0x08005458   0x08005458   0x00000074   Code   RO         4551    i.xPortStartScheduler  port.o
    0x080054cc   0x080054cc   0x0000002c   Code   RO         4552    i.xPortSysTickHandler  port.o
    0x080054f8   0x080054f8   0x00000048   Code   RO         3570    i.xQueueGenericCreate  queue.o
    0x08005540   0x08005540   0x0000016c   Code   RO         3571    i.xQueueGenericReceive  queue.o
    0x080056ac   0x080056ac   0x00000088   Code   RO         3572    i.xQueueGenericReset  queue.o
    0x08005734   0x08005734   0x00000160   Code   RO         3573    i.xQueueGenericSend  queue.o
    0x08005894   0x08005894   0x000000bc   Code   RO         3574    i.xQueueGenericSendFromISR  queue.o
    0x08005950   0x08005950   0x0000009c   Code   RO         3575    i.xQueueGiveFromISR  queue.o
    0x080059ec   0x080059ec   0x0000006c   Code   RO         3734    i.xTaskCheckForTimeOut  tasks.o
    0x08005a58   0x08005a58   0x00000056   Code   RO         3735    i.xTaskCreate       tasks.o
    0x08005aae   0x08005aae   0x00000002   PAD
    0x08005ab0   0x08005ab0   0x0000001c   Code   RO         3739    i.xTaskGetSchedulerState  tasks.o
    0x08005acc   0x08005acc   0x0000000c   Code   RO         3740    i.xTaskGetTickCount  tasks.o
    0x08005ad8   0x08005ad8   0x000000c8   Code   RO         3742    i.xTaskIncrementTick  tasks.o
    0x08005ba0   0x08005ba0   0x00000098   Code   RO         3745    i.xTaskPriorityDisinherit  tasks.o
    0x08005c38   0x08005c38   0x00000074   Code   RO         3746    i.xTaskRemoveFromEventList  tasks.o
    0x08005cac   0x08005cac   0x000000c4   Code   RO         3748    i.xTaskResumeAll    tasks.o
    0x08005d70   0x08005d70   0x00000048   Code   RO         4000    i.xTimerCreateTimerTask  timers.o
    0x08005db8   0x08005db8   0x00000068   Code   RO         4001    i.xTimerGenericCommand  timers.o
    0x08005e20   0x08005e20   0x00000034   Code   RO         5077    i.zTF_sendOnceDist  test.o
    0x08005e54   0x08005e54   0x00000028   Code   RO         5078    i.z_ListenerInit    test.o
    0x08005e7c   0x08005e7c   0x00000044   Code   RO         4795    i.z_analog_convert  z_analog.o
    0x08005ec0   0x08005ec0   0x00000050   Code   RO         4797    i.z_analog_covertDMA  z_analog.o
    0x08005f10   0x08005f10   0x0000004c   Code   RO         4721    i.z_serialDriverTask  z_serial.o
    0x08005f5c   0x08005f5c   0x00000014   Code   RO         4722    i.z_serial_dma_start  z_serial.o
    0x08005f70   0x08005f70   0x00000028   Code   RO         4723    i.z_serial_init     z_serial.o
    0x08005f98   0x08005f98   0x00000014   Code   RO         4724    i.z_serial_write    z_serial.o
    0x08005fac   0x08005fac   0x00000084   Code   RO         5416    i.z_taskCreate      z_freertos.o
    0x08006030   0x08006030   0x00000014   Code   RO         5079    i.z_tiny_test       test.o
    0x08006044   0x08006044   0x00000014   Data   RO          300    .constdata          freertos.o
    0x08006058   0x08006058   0x00000010   Data   RO         3390    .constdata          system_stm32f1xx.o
    0x08006068   0x08006068   0x00000008   Data   RO         3391    .constdata          system_stm32f1xx.o
    0x08006070   0x08006070   0x00000200   Data   RO         5209    .constdata          tinyframe.o
    0x08006270   0x08006270   0x0000000c   Data   RO          301    .conststring        freertos.o
    0x0800627c   0x0800627c   0x00000020   Data   RO         5844    Region$$Table       anon$$obj.o


    Execution Region RW_IRAM1 (Exec base: 0x20000000, Load base: 0x0800629c, Size: 0x00003970, Max: 0x00005000, ABSOLUTE)

    Exec Addr    Load Addr    Size         Type   Attr      Idx    E Section Name        Object

    0x20000000   0x0800629c   0x00000004   Data   RW          305    .data               freertos.o
    0x20000004   0x080062a0   0x0000000c   Data   RW         2520    .data               stm32f1xx_hal.o
    0x20000010   0x080062ac   0x00000004   Data   RW         3392    .data               system_stm32f1xx.o
    0x20000014   0x080062b0   0x0000003c   Data   RW         3751    .data               tasks.o
    0x20000050   0x080062ec   0x00000014   Data   RW         4009    .data               timers.o
    0x20000064   0x08006300   0x00000018   Data   RW         4502    .data               heap_4.o
    0x2000007c   0x08006318   0x0000000c   Data   RW         4553    .data               port.o
    0x20000088   0x08006324   0x00000018   Data   RW         4635    .data               tdc_gp21.o
    0x200000a0   0x0800633c   0x0000000c   Data   RW         4726    .data               z_serial.o
    0x200000ac   0x08006348   0x00000014   Data   RW         4799    .data               z_analog.o
    0x200000c0   0x0800635c   0x00000004   Data   RW         4862    .data               tlc5618.o
    0x200000c4   0x08006360   0x00000010   Data   RW         4978    .data               z_lk02.o
    0x200000d4   0x08006370   0x00000017   Data   RW         5082    .data               test.o
    0x200000eb   0x08006387   0x00000001   PAD
    0x200000ec   0x08006388   0x00000028   Data   RW         5417    .data               z_freertos.o
    0x20000114   0x080063b0   0x00000004   Data   RW         5818    .data               mc_w.l(stdout.o)
    0x20000118        -       0x00000074   Zero   RW          235    .bss                adc.o
    0x2000018c        -       0x000000b0   Zero   RW          402    .bss                spi.o
    0x2000023c        -       0x00000040   Zero   RW          450    .bss                tim.o
    0x2000027c        -       0x00000084   Zero   RW          497    .bss                usart.o
    0x20000300        -       0x00000040   Zero   RW         3580    .bss                queue.o
    0x20000340        -       0x000000f0   Zero   RW         3750    .bss                tasks.o
    0x20000430        -       0x00000028   Zero   RW         4008    .bss                timers.o
    0x20000458        -       0x00002710   Zero   RW         4501    .bss                heap_4.o
    0x20002b68        -       0x0000005c   Zero   RW         4725    .bss                z_serial.o
    0x20002bc4        -       0x00000014   Zero   RW         4798    .bss                z_analog.o
    0x20002bd8        -       0x0000003c   Zero   RW         4977    .bss                z_lk02.o
    0x20002c14        -       0x00000958   Zero   RW         5081    .bss                test.o
    0x2000356c   0x080063b4   0x00000004   PAD
    0x20003570        -       0x00000400   Zero   RW            1    STACK               startup_stm32f103xb.o


==============================================================================

Image component sizes


      Code (inc. data)   RO Data    RW Data    ZI Data      Debug   Object Name

       232         28          0          0        116       1571   adc.o
       102          0          0          0          0      12936   cmsis_os.o
       116          0          0          0          0       1157   connect_format.o
        60          4          0          0          0        682   dma.o
         0          0          0          0          0       9476   event_groups.o
        56         10         32          4          0       7369   freertos.o
       216         18          0          0          0        875   gpio.o
       456         22          0         24      10000       4491   heap_4.o
       136          0          0          0          0       3210   list.o
       162          0          0          0          0     477552   main.o
       606         72          0         12          0      10677   port.o
      1656         20          0          0         64      14749   queue.o
       312         38          0          0        176       2090   spi.o
        36          8        236          0       1024        772   startup_stm32f103xb.o
       164         28          0         12          0       5665   stm32f1xx_hal.o
      1418         54          0          0          0       9618   stm32f1xx_hal_adc.o
       202          6          0          0          0       1871   stm32f1xx_hal_adc_ex.o
       194         14          0          0          0      25571   stm32f1xx_hal_cortex.o
       786         36          0          0          0       4686   stm32f1xx_hal_dma.o
       464         36          0          0          0       3383   stm32f1xx_hal_gpio.o
        72         10          0          0          0        786   stm32f1xx_hal_msp_1.o
      1308         98          0          0          0       5040   stm32f1xx_hal_rcc.o
       436         46          0          0          0       2445   stm32f1xx_hal_rcc_ex.o
      1014          0          0          0          0       4717   stm32f1xx_hal_spi.o
       130          0          0          0          0       1007   stm32f1xx_hal_spi_ex.o
      1168         40          0          0          0      11362   stm32f1xx_hal_tim.o
        80          0          0          0          0       1212   stm32f1xx_hal_tim_ex.o
      1726         24          0          0          0      12771   stm32f1xx_hal_uart.o
        82         22          0          0          0       4453   stm32f1xx_it.o
        72         16         24          4          0       1067   system_stm32f1xx.o
      2488        212          0         60        240      24676   tasks.o
       464         56          0         24          0       5636   tdc_gp21.o
       388         56          0         23       2392       9480   test.o
       256         20          0          0         64       2088   tim.o
       876         82          0         20         40      17167   timers.o
      1904        316        512          0          0      13464   tinyframe.o
       126          8          0          4          0       3230   tlc5618.o
       248         32          0          0        132       1649   usart.o
       168         28          0         20         20       2581   z_analog.o
       616        120          0         40          0       4842   z_freertos.o
       372         52          0         16         60       4564   z_lk02.o
       296         56          0         12         92       5151   z_serial.o

    ----------------------------------------------------------------------
     21724       1688        836        276      14424     737789   Object Totals
         0          0         32          0          0          0   (incl. Generated)
        60          0          0          1          4          0   (incl. Padding)

    ----------------------------------------------------------------------

      Code (inc. data)   RO Data    RW Data    ZI Data      Debug   Library Member Name

         0          0          0          0          0          0   entry.o
         0          0          0          0          0          0   entry10a.o
         0          0          0          0          0          0   entry11a.o
         8          4          0          0          0          0   entry2.o
         4          0          0          0          0          0   entry5.o
         0          0          0          0          0          0   entry7b.o
         0          0          0          0          0          0   entry8b.o
         8          4          0          0          0          0   entry9a.o
        30          0          0          0          0          0   handlers.o
        36          8          0          0          0         68   init.o
         0          0          0          0          0          0   iusefp.o
        30          0          0          0          0         68   llshl.o
        32          0          0          0          0         68   llushr.o
        36          0          0          0          0         68   memcpya.o
        36          0          0          0          0        108   memseta.o
      1154         54          0          0          0        352   printf8.o
         0          0          0          4          0          0   stdout.o
        98          0          0          0          0         92   uldiv.o
        56          0          0          0          0         88   d2f.o
       186          0          0          0          0        176   depilogue.o
       228          0          0          0          0         96   dmul.o
        46          0          0          0          0         80   dscalb.o
        38          0          0          0          0         68   f2d.o
       176          0          0          0          0        140   fadd.o
       124          0          0          0          0         88   fdiv.o
       110          0          0          0          0        168   fepilogue.o
        50          0          0          0          0         68   ffixi.o
        40          0          0          0          0         68   ffixui.o
        18          0          0          0          0         68   fflti.o
        10          0          0          0          0         68   ffltui.o
       100          0          0          0          0         76   fmul.o
        24          0          0          0          0         68   fscalb.o

    ----------------------------------------------------------------------
      2684         70          0          4          0       2144   Library Totals
         6          0          0          0          0          0   (incl. Padding)

    ----------------------------------------------------------------------

      Code (inc. data)   RO Data    RW Data    ZI Data      Debug   Library Name

      1472         70          0          4          0        824   mc_w.l
      1206          0          0          0          0       1320   mf_w.l

    ----------------------------------------------------------------------
      2684         70          0          4          0       2144   Library Totals

    ----------------------------------------------------------------------

==============================================================================


      Code (inc. data)   RO Data    RW Data    ZI Data      Debug   

     24408       1758        836        280      14424     726357   Grand Totals
     24408       1758        836        280      14424     726357   ELF Image Totals
     24408       1758        836        280          0          0   ROM Totals

==============================================================================

    Total RO  Size (Code + RO Data)                25244 (  24.65kB)
    Total RW  Size (RW Data + ZI Data)             14704 (  14.36kB)
    Total ROM Size (Code + RO Data + RW Data)      25524 (  24.93kB)

==============================================================================

