Component: ARM Compiler 5.06 update 6 (build 750) Tool: armlink [4d35ed]

==============================================================================

Section Cross References

    startup_stm32f103xb.o(RESET) refers to startup_stm32f103xb.o(STACK) for __initial_sp
    startup_stm32f103xb.o(RESET) refers to startup_stm32f103xb.o(.text) for Reset_Handler
    startup_stm32f103xb.o(RESET) refers to stm32f1xx_it.o(i.NMI_Handler) for NMI_Handler
    startup_stm32f103xb.o(RESET) refers to stm32f1xx_it.o(i.HardFault_Handler) for HardFault_Handler
    startup_stm32f103xb.o(RESET) refers to stm32f1xx_it.o(i.MemManage_Handler) for MemManage_Handler
    startup_stm32f103xb.o(RESET) refers to stm32f1xx_it.o(i.BusFault_Handler) for BusFault_Handler
    startup_stm32f103xb.o(RESET) refers to stm32f1xx_it.o(i.UsageFault_Handler) for UsageFault_Handler
    startup_stm32f103xb.o(RESET) refers to port.o(.emb_text) for SVC_Handler
    startup_stm32f103xb.o(RESET) refers to stm32f1xx_it.o(i.DebugMon_Handler) for DebugMon_Handler
    startup_stm32f103xb.o(RESET) refers to stm32f1xx_it.o(i.SysTick_Handler) for SysTick_Handler
    startup_stm32f103xb.o(RESET) refers to stm32f1xx_it.o(i.DMA1_Channel1_IRQHandler) for DMA1_Channel1_IRQHandler
    startup_stm32f103xb.o(RESET) refers to stm32f1xx_it.o(i.DMA1_Channel5_IRQHandler) for DMA1_Channel5_IRQHandler
    startup_stm32f103xb.o(RESET) refers to stm32f1xx_it.o(i.ADC1_2_IRQHandler) for ADC1_2_IRQHandler
    startup_stm32f103xb.o(RESET) refers to stm32f1xx_it.o(i.USART1_IRQHandler) for USART1_IRQHandler
    startup_stm32f103xb.o(RESET) refers to stm32f1xx_it.o(i.EXTI15_10_IRQHandler) for EXTI15_10_IRQHandler
    startup_stm32f103xb.o(.text) refers to system_stm32f1xx.o(i.SystemInit) for SystemInit
    startup_stm32f103xb.o(.text) refers to entry.o(.ARM.Collect$$$$00000000) for __main
    main.o(i.SystemClock_Config) refers to memseta.o(.text) for __aeabi_memclr4
    main.o(i.SystemClock_Config) refers to stm32f1xx_hal_rcc.o(i.HAL_RCC_OscConfig) for HAL_RCC_OscConfig
    main.o(i.SystemClock_Config) refers to stm32f1xx_hal_rcc.o(i.HAL_RCC_ClockConfig) for HAL_RCC_ClockConfig
    main.o(i.SystemClock_Config) refers to stm32f1xx_hal_rcc_ex.o(i.HAL_RCCEx_PeriphCLKConfig) for HAL_RCCEx_PeriphCLKConfig
    main.o(i.main) refers to stm32f1xx_hal.o(i.HAL_Init) for HAL_Init
    main.o(i.main) refers to main.o(i.SystemClock_Config) for SystemClock_Config
    main.o(i.main) refers to gpio.o(i.MX_GPIO_Init) for MX_GPIO_Init
    main.o(i.main) refers to dma.o(i.MX_DMA_Init) for MX_DMA_Init
    main.o(i.main) refers to spi.o(i.MX_SPI1_Init) for MX_SPI1_Init
    main.o(i.main) refers to tim.o(i.MX_TIM2_Init) for MX_TIM2_Init
    main.o(i.main) refers to usart.o(i.MX_USART1_UART_Init) for MX_USART1_UART_Init
    main.o(i.main) refers to adc.o(i.MX_ADC1_Init) for MX_ADC1_Init
    main.o(i.main) refers to spi.o(i.MX_SPI2_Init) for MX_SPI2_Init
    main.o(i.main) refers to tim.o(i.MX_TIM3_Init) for MX_TIM3_Init
    main.o(i.main) refers to freertos.o(i.MX_FREERTOS_Init) for MX_FREERTOS_Init
    main.o(i.main) refers to cmsis_os.o(i.osKernelStart) for osKernelStart
    gpio.o(i.MX_GPIO_Init) refers to stm32f1xx_hal_gpio.o(i.HAL_GPIO_WritePin) for HAL_GPIO_WritePin
    gpio.o(i.MX_GPIO_Init) refers to stm32f1xx_hal_gpio.o(i.HAL_GPIO_Init) for HAL_GPIO_Init
    gpio.o(i.MX_GPIO_Init) refers to stm32f1xx_hal_cortex.o(i.HAL_NVIC_SetPriority) for HAL_NVIC_SetPriority
    gpio.o(i.MX_GPIO_Init) refers to stm32f1xx_hal_cortex.o(i.HAL_NVIC_EnableIRQ) for HAL_NVIC_EnableIRQ
    adc.o(i.HAL_ADC_MspDeInit) refers to stm32f1xx_hal_gpio.o(i.HAL_GPIO_DeInit) for HAL_GPIO_DeInit
    adc.o(i.HAL_ADC_MspDeInit) refers to stm32f1xx_hal_dma.o(i.HAL_DMA_DeInit) for HAL_DMA_DeInit
    adc.o(i.HAL_ADC_MspDeInit) refers to stm32f1xx_hal_cortex.o(i.HAL_NVIC_DisableIRQ) for HAL_NVIC_DisableIRQ
    adc.o(i.HAL_ADC_MspInit) refers to stm32f1xx_hal_gpio.o(i.HAL_GPIO_Init) for HAL_GPIO_Init
    adc.o(i.HAL_ADC_MspInit) refers to stm32f1xx_hal_dma.o(i.HAL_DMA_Init) for HAL_DMA_Init
    adc.o(i.HAL_ADC_MspInit) refers to main.o(i.Error_Handler) for Error_Handler
    adc.o(i.HAL_ADC_MspInit) refers to stm32f1xx_hal_cortex.o(i.HAL_NVIC_SetPriority) for HAL_NVIC_SetPriority
    adc.o(i.HAL_ADC_MspInit) refers to stm32f1xx_hal_cortex.o(i.HAL_NVIC_EnableIRQ) for HAL_NVIC_EnableIRQ
    adc.o(i.HAL_ADC_MspInit) refers to adc.o(.bss) for .bss
    adc.o(i.MX_ADC1_Init) refers to stm32f1xx_hal_adc.o(i.HAL_ADC_Init) for HAL_ADC_Init
    adc.o(i.MX_ADC1_Init) refers to main.o(i.Error_Handler) for Error_Handler
    adc.o(i.MX_ADC1_Init) refers to stm32f1xx_hal_adc.o(i.HAL_ADC_ConfigChannel) for HAL_ADC_ConfigChannel
    adc.o(i.MX_ADC1_Init) refers to adc.o(.bss) for .bss
    dma.o(i.MX_DMA_Init) refers to stm32f1xx_hal_cortex.o(i.HAL_NVIC_SetPriority) for HAL_NVIC_SetPriority
    dma.o(i.MX_DMA_Init) refers to stm32f1xx_hal_cortex.o(i.HAL_NVIC_EnableIRQ) for HAL_NVIC_EnableIRQ
[...]
    i.vTaskDelay                             0x08004ef0   Section        0  tasks.o(i.vTaskDelay)
    i.vTaskMissedYield                       0x08004f3c   Section        0  tasks.o(i.vTaskMissedYield)
    i.vTaskPlaceOnEventList                  0x08004f48   Section        0  tasks.o(i.vTaskPlaceOnEventList)
    i.vTaskPlaceOnEventListRestricted        0x08004f78   Section        0  tasks.o(i.vTaskPlaceOnEventListRestricted)
    i.vTaskPriorityInherit                   0x08004fb0   Section        0  tasks.o(i.vTaskPriorityInherit)
    i.vTaskResume                            0x08005034   Section        0  tasks.o(i.vTaskResume)
    i.vTaskSetTimeOutState                   0x080050b0   Section        0  tasks.o(i.vTaskSetTimeOutState)
    i.vTaskStartScheduler                    0x080050d4   Section        0  tasks.o(i.vTaskStartScheduler)
    i.vTaskSuspend                           0x08005144   Section        0  tasks.o(i.vTaskSuspend)
    i.vTaskSuspendAll                        0x080051f4   Section        0  tasks.o(i.vTaskSuspendAll)
    i.vTaskSwitchContext                     0x08005204   Section        0  tasks.o(i.vTaskSwitchContext)
    i.xPortStartScheduler                    0x08005260   Section        0  port.o(i.xPortStartScheduler)
    i.xPortSysTickHandler                    0x080052d4   Section        0  port.o(i.xPortSysTickHandler)
    i.xQueueGenericCreate                    0x08005300   Section        0  queue.o(i.xQueueGenericCreate)
    i.xQueueGenericReceive                   0x08005348   Section        0  queue.o(i.xQueueGenericReceive)
    i.xQueueGenericReset                     0x080054b4   Section        0  queue.o(i.xQueueGenericReset)
    i.xQueueGenericSend                      0x0800553c   Section        0  queue.o(i.xQueueGenericSend)
    i.xQueueGenericSendFromISR               0x0800569c   Section        0  queue.o(i.xQueueGenericSendFromISR)
    i.xQueueGiveFromISR                      0x08005758   Section        0  queue.o(i.xQueueGiveFromISR)
    i.xTaskCheckForTimeOut                   0x080057f4   Section        0  tasks.o(i.xTaskCheckForTimeOut)
    i.xTaskCreate                            0x08005860   Section        0  tasks.o(i.xTaskCreate)
    i.xTaskGetSchedulerState                 0x080058b8   Section        0  tasks.o(i.xTaskGetSchedulerState)
    i.xTaskGetTickCount                      0x080058d4   Section        0  tasks.o(i.xTaskGetTickCount)
    i.xTaskIncrementTick                     0x080058e0   Section        0  tasks.o(i.xTaskIncrementTick)
    i.xTaskPriorityDisinherit                0x080059a8   Section        0  tasks.o(i.xTaskPriorityDisinherit)
    i.xTaskRemoveFromEventList               0x08005a40   Section        0  tasks.o(i.xTaskRemoveFromEventList)
    i.xTaskResumeAll                         0x08005ab4   Section        0  tasks.o(i.xTaskResumeAll)
    i.xTimerCreateTimerTask                  0x08005b78   Section        0  timers.o(i.xTimerCreateTimerTask)
    i.xTimerGenericCommand                   0x08005bc0   Section        0  timers.o(i.xTimerGenericCommand)
    i.z_ListenerInit                         0x08005c28   Section        0  test.o(i.z_ListenerInit)
    i.z_analog_convert                       0x08005c50   Section        0  z_analog.o(i.z_analog_convert)
    i.z_analog_covertDMA                     0x08005c94   Section        0  z_analog.o(i.z_analog_covertDMA)
    i.z_serialDriverTask                     0x08005ce4   Section        0  z_serial.o(i.z_serialDriverTask)
    i.z_serial_dma_start                     0x08005d30   Section        0  z_serial.o(i.z_serial_dma_start)
    z_serial_dma_start                       0x08005d31   Thumb Code    12  z_serial.o(i.z_serial_dma_start)
    i.z_serial_init                          0x08005d44   Section        0  z_serial.o(i.z_serial_init)
    i.z_serial_write                         0x08005d6c   Section        0  z_serial.o(i.z_serial_write)
    i.z_taskCreate                           0x08005d80   Section        0  z_freertos.o(i.z_taskCreate)
    i.z_tiny_test                            0x08005e04   Section        0  test.o(i.z_tiny_test)
    .constdata                               0x08005e18   Section       20  freertos.o(.constdata)
    .constdata                               0x08005e2c   Section       16  system_stm32f1xx.o(.constdata)
    .constdata                               0x08005e3c   Section        8  system_stm32f1xx.o(.constdata)
    .constdata                               0x08005e44   Section      512  tinyframe.o(.constdata)
    crc16_table                              0x08005e44   Data         512  tinyframe.o(.constdata)
    .conststring                             0x08006044   Section       12  freertos.o(.conststring)
    .data                                    0x20000000   Section        4  freertos.o(.data)
    .data                                    0x20000004   Section       12  stm32f1xx_hal.o(.data)
    .data                                    0x20000010   Section        4  system_stm32f1xx.o(.data)
    .data                                    0x20000014   Section       60  tasks.o(.data)
    uxDeletedTasksWaitingCleanUp             0x20000018   Data           4  tasks.o(.data)
    uxCurrentNumberOfTasks                   0x2000001c   Data           4  tasks.o(.data)
    xTickCount                               0x20000020   Data           4  tasks.o(.data)
    uxTopReadyPriority                       0x20000024   Data           4  tasks.o(.data)
    xSchedulerRunning                        0x20000028   Data           4  tasks.o(.data)
    uxPendedTicks                            0x2000002c   Data           4  tasks.o(.data)
    xYieldPending                            0x20000030   Data           4  tasks.o(.data)
    xNumOfOverflows                          0x20000034   Data           4  tasks.o(.data)
    uxTaskNumber                             0x20000038   Data           4  tasks.o(.data)
    xNextTaskUnblockTime                     0x2000003c   Data           4  tasks.o(.data)
    xIdleTaskHandle                          0x20000040   Data           4  tasks.o(.data)
    uxSchedulerSuspended                     0x20000044   Data           4  tasks.o(.data)
    pxDelayedTaskList                        0x20000048   Data           4  tasks.o(.data)
    pxOverflowDelayedTaskList                0x2000004c   Data           4  tasks.o(.data)
    .data                                    0x20000050   Section       20  timers.o(.data)
    xTimerQueue                              0x20000050   Data           4  timers.o(.data)
    xTimerTaskHandle                         0x20000054   Data           4  timers.o(.data)
    xLastTime                                0x20000058   Data           4  timers.o(.data)
    pxCurrentTimerList                       0x2000005c   Data           4  timers.o(.data)
    pxOverflowTimerList                      0x20000060   Data           4  timers.o(.data)
    .data                                    0x20000064   Section       24  heap_4.o(.data)
    pxEnd                                    0x20000064   Data           4  heap_4.o(.data)
    xFreeBytesRemaining                      0x20000068   Data           4  heap_4.o(.data)
    xMinimumEverFreeBytesRemaining           0x2000006c   Data           4  heap_4.o(.data)
    xBlockAllocatedBit                       0x20000070   Data           4  heap_4.o(.data)
    xStart                                   0x20000074   Data           8  heap_4.o(.data)
    .data                                    0x2000007c   Section       12  port.o(.data)
    ucMaxSysCallPriority                     0x2000007c   Data           1  port.o(.data)
    uxCriticalNesting                        0x20000080   Data           4  port.o(.data)
    ulMaxPRIGROUPValue                       0x20000084   Data           4  port.o(.data)
    .data                                    0x20000088   Section       24  tdc_gp21.o(.data)
    .data                                    0x200000a0   Section       12  z_serial.o(.data)
    count                                    0x200000a0   Data           1  z_serial.o(.data)
    .data                                    0x200000ac   Section       20  z_analog.o(.data)
    .data                                    0x200000c0   Section        4  tlc5618.o(.data)
    .data                                    0x200000c4   Section       20  z_lk02.o(.data)
    .data                                    0x200000d8   Section       23  test.o(.data)
    .data                                    0x200000f0   Section       48  z_freertos.o(.data)
    xHandleSerial                            0x200000fc   Data           4  z_freertos.o(.data)
    xHandleSerialDriver                      0x20000104   Data           4  z_freertos.o(.data)
    .data                                    0x20000120   Section        4  stdout.o(.data)
    .bss                                     0x20000124   Section      116  adc.o(.bss)
    .bss                                     0x20000198   Section      176  spi.o(.bss)
    .bss                                     0x20000248   Section      128  tim.o(.bss)
    .bss                                     0x200002c8   Section      132  usart.o(.bss)
    .bss                                     0x2000034c   Section       64  queue.o(.bss)
    .bss                                     0x2000038c   Section      240  tasks.o(.bss)
    pxReadyTasksLists                        0x2000038c   Data         140  tasks.o(.bss)
    xDelayedTaskList1                        0x20000418   Data          20  tasks.o(.bss)
    xDelayedTaskList2                        0x2000042c   Data          20  tasks.o(.bss)
    xPendingReadyList                        0x20000440   Data          20  tasks.o(.bss)
    xTasksWaitingTermination                 0x20000454   Data          20  tasks.o(.bss)
    xSuspendedTaskList                       0x20000468   Data          20  tasks.o(.bss)
    .bss                                     0x2000047c   Section       40  timers.o(.bss)
    xActiveTimerList1                        0x2000047c   Data          20  timers.o(.bss)
    xActiveTimerList2                        0x20000490   Data          20  timers.o(.bss)
    .bss                                     0x200004a4   Section    10000  heap_4.o(.bss)
    ucHeap                                   0x200004a4   Data       10000  heap_4.o(.bss)
    .bss                                     0x20002bb4   Section       92  z_serial.o(.bss)
    .bss                                     0x20002c10   Section       20  z_analog.o(.bss)
    .bss                                     0x20002c24   Section       60  z_lk02.o(.bss)
    .bss                                     0x20002c60   Section     2392  test.o(.bss)
    STACK                                    0x200035b8   Section     1024  startup_stm32f103xb.o(STACK)

    Global Symbols

    Symbol Name                              Value     Ov Type        Size  Object(Section)

    BuildAttributes$$THM_ISAv4$P$D$K$B$S$PE$A:L22UL41UL21$X:L11$S22US41US21$IEEE1$IW$USESV6$~STKCKD$USESV7$~SHL$OTIME$ROPI$EBA8$MICROLIB$REQ8$PRES8$EABIv2 0x00000000   Number         0  anon$$obj.o ABSOLUTE
    __ARM_use_no_argv                        0x00000000   Number         0  main.o ABSOLUTE
    _printf_a                                0x00000000   Number         0  stubs.o ABSOLUTE
    _printf_c                                0x00000000   Number         0  stubs.o ABSOLUTE
    _printf_charcount                        0x00000000   Number         0  stubs.o ABSOLUTE
    _printf_d                                0x00000000   Number         0  stubs.o ABSOLUTE
    _printf_e                                0x00000000   Number         0  stubs.o ABSOLUTE
    _printf_f                                0x00000000   Number         0  stubs.o ABSOLUTE
    _printf_flags                            0x00000000   Number         0  stubs.o ABSOLUTE
    _printf_fp_dec                           0x00000000   Number         0  stubs.o ABSOLUTE
    _printf_fp_hex                           0x00000000   Number         0  stubs.o ABSOLUTE
    _printf_g                                0x00000000   Number         0  stubs.o ABSOLUTE
    _printf_i                                0x00000000   Number         0  stubs.o ABSOLUTE
    _printf_int_dec                          0x00000000   Number         0  stubs.o ABSOLUTE
    _printf_l                                0x00000000   Number         0  stubs.o ABSOLUTE
    _printf_lc                               0x00000000   Number         0  stubs.o ABSOLUTE
    _printf_ll                               0x00000000   Number         0  stubs.o ABSOLUTE
    _printf_lld                              0x00000000   Number         0  stubs.o ABSOLUTE
    _printf_lli                              0x00000000   Number         0  stubs.o ABSOLUTE
    _printf_llo                              0x00000000   Number         0  stubs.o ABSOLUTE
    _printf_llu                              0x00000000   Number         0  stubs.o ABSOLUTE
    _printf_llx                              0x00000000   Number         0  stubs.o ABSOLUTE
    _printf_longlong_dec                     0x00000000   Number         0  stubs.o ABSOLUTE
    _printf_longlong_hex                     0x00000000   Number         0  stubs.o ABSOLUTE
    _printf_longlong_oct                     0x00000000   Number         0  stubs.o ABSOLUTE
    _printf_ls                               0x00000000   Number         0  stubs.o ABSOLUTE
    _printf_mbtowc                           0x00000000   Number         0  stubs.o ABSOLUTE
    _printf_n                                0x00000000   Number         0  stubs.o ABSOLUTE
    _printf_o                                0x00000000   Number         0  stubs.o ABSOLUTE
    _printf_p                                0x00000000   Number         0  stubs.o ABSOLUTE
    _printf_percent                          0x00000000   Number         0  stubs.o ABSOLUTE
    _printf_pre_padding                      0x00000000   Number         0  stubs.o ABSOLUTE
    _printf_return_value                     0x00000000   Number         0  stubs.o ABSOLUTE
    _printf_s                                0x00000000   Number         0  stubs.o ABSOLUTE
    _printf_sizespec                         0x00000000   Number         0  stubs.o ABSOLUTE
    _printf_str                              0x00000000   Number         0  stubs.o ABSOLUTE
    _printf_truncate_signed                  0x00000000   Number         0  stubs.o ABSOLUTE
    _printf_truncate_unsigned                0x00000000   Number         0  stubs.o ABSOLUTE
    _printf_u                                0x00000000   Number         0  stubs.o ABSOLUTE
    _printf_wc                               0x00000000   Number         0  stubs.o ABSOLUTE
    _printf_wctomb                           0x00000000   Number         0  stubs.o ABSOLUTE
    _printf_widthprec                        0x00000000   Number         0  stubs.o ABSOLUTE
    _printf_x                                0x00000000   Number         0  stubs.o ABSOLUTE
    __cpp_initialize__aeabi_                  - Undefined Weak Reference
    __cxa_finalize                            - Undefined Weak Reference
    __decompress                              - Undefined Weak Reference
    _clock_init                               - Undefined Weak Reference
    _microlib_exit                            - Undefined Weak Reference
    __Vectors_Size                           0x000000ec   Number         0  startup_stm32f103xb.o ABSOLUTE
    __Vectors                                0x08000000   Data           4  startup_stm32f103xb.o(RESET)
    __Vectors_End                            0x080000ec   Data           0  startup_stm32f103xb.o(RESET)
    __main                                   0x080000ed   Thumb Code     0  entry.o(.ARM.Collect$$$$00000000)
    _main_stk                                0x080000ed   Thumb Code     0  entry2.o(.ARM.Collect$$$$00000001)
    _main_scatterload                        0x080000f1   Thumb Code     0  entry5.o(.ARM.Collect$$$$00000004)
    __main_after_scatterload                 0x080000f5   Thumb Code     0  entry5.o(.ARM.Collect$$$$00000004)
    _main_clock                              0x080000f5   Thumb Code     0  entry7b.o(.ARM.Collect$$$$00000008)
    _main_cpp_init                           0x080000f5   Thumb Code     0  entry8b.o(.ARM.Collect$$$$0000000A)
    _main_init                               0x080000f5   Thumb Code     0  entry9a.o(.ARM.Collect$$$$0000000B)
    __rt_final_cpp                           0x080000fd   Thumb Code     0  entry10a.o(.ARM.Collect$$$$0000000D)
    __rt_final_exit                          0x080000fd   Thumb Code     0  entry11a.o(.ARM.Collect$$$$0000000F)
    SVC_Handler                              0x08000101   Thumb Code    32  port.o(.emb_text)
    __asm___6_port_c_39a90d8d__prvStartFirstTask 0x08000125   Thumb Code    28  port.o(.emb_text)
    PendSV_Handler                           0x08000145   Thumb Code    72  port.o(.emb_text)
    vPortGetIPSR                             0x08000191   Thumb Code     6  port.o(.emb_text)
    Reset_Handler                            0x08000199   Thumb Code     8  startup_stm32f103xb.o(.text)
    CAN1_RX1_IRQHandler                      0x080001b3   Thumb Code     0  startup_stm32f103xb.o(.text)
    CAN1_SCE_IRQHandler                      0x080001b3   Thumb Code     0  startup_stm32f103xb.o(.text)
    DMA1_Channel2_IRQHandler                 0x080001b3   Thumb Code     0  startup_stm32f103xb.o(.text)
    DMA1_Channel3_IRQHandler                 0x080001b3   Thumb Code     0  startup_stm32f103xb.o(.text)
    DMA1_Channel4_IRQHandler                 0x080001b3   Thumb Code     0  startup_stm32f103xb.o(.text)
    DMA1_Channel6_IRQHandler                 0x080001b3   Thumb Code     0  startup_stm32f103xb.o(.text)
    DMA1_Channel7_IRQHandler                 0x080001b3   Thumb Code     0  startup_stm32f103xb.o(.text)
    EXTI0_IRQHandler                         0x080001b3   Thumb Code     0  startup_stm32f103xb.o(.text)
    EXTI1_IRQHandler                         0x080001b3   Thumb Code     0  startup_stm32f103xb.o(.text)
    EXTI2_IRQHandler                         0x080001b3   Thumb Code     0  startup_stm32f103xb.o(.text)
    EXTI3_IRQHandler                         0x080001b3   Thumb Code     0  startup_stm32f103xb.o(.text)
    EXTI4_IRQHandler                         0x080001b3   Thumb Code     0  startup_stm32f103xb.o(.text)
    EXTI9_5_IRQHandler                       0x080001b3   Thumb Code     0  startup_stm32f103xb.o(.text)
    FLASH_IRQHandler                         0x080001b3   Thumb Code     0  startup_stm32f103xb.o(.text)
    I2C1_ER_IRQHandler                       0x080001b3   Thumb Code     0  startup_stm32f103xb.o(.text)
    I2C1_EV_IRQHandler                       0x080001b3   Thumb Code     0  startup_stm32f103xb.o(.text)
    I2C2_ER_IRQHandler                       0x080001b3   Thumb Code     0  startup_stm32f103xb.o(.text)
    I2C2_EV_IRQHandler                       0x080001b3   Thumb Code     0  startup_stm32f103xb.o(.text)
    PVD_IRQHandler                           0x080001b3   Thumb Code     0  startup_stm32f103xb.o(.text)
    RCC_IRQHandler                           0x080001b3   Thumb Code     0  startup_stm32f103xb.o(.text)
    RTC_Alarm_IRQHandler                     0x080001b3   Thumb Code     0  startup_stm32f103xb.o(.text)
    RTC_IRQHandler                           0x080001b3   Thumb Code     0  startup_stm32f103xb.o(.text)
    SPI1_IRQHandler                          0x080001b3   Thumb Code     0  startup_stm32f103xb.o(.text)
    SPI2_IRQHandler                          0x080001b3   Thumb Code     0  startup_stm32f103xb.o(.text)
    TAMPER_IRQHandler                        0x080001b3   Thumb Code     0  startup_stm32f103xb.o(.text)
    TIM1_BRK_IRQHandler                      0x080001b3   Thumb Code     0  startup_stm32f103xb.o(.text)
    TIM1_CC_IRQHandler                       0x080001b3   Thumb Code     0  startup_stm32f103xb.o(.text)
    TIM1_TRG_COM_IRQHandler                  0x080001b3   Thumb Code     0  startup_stm32f103xb.o(.text)
    TIM1_UP_IRQHandler                       0x080001b3   Thumb Code     0  startup_stm32f103xb.o(.text)
    TIM2_IRQHandler                          0x080001b3   Thumb Code     0  startup_stm32f103xb.o(.text)
    TIM3_IRQHandler                          0x080001b3   Thumb Code     0  startup_stm32f103xb.o(.text)
    TIM4_IRQHandler                          0x080001b3   Thumb Code     0  startup_stm32f103xb.o(.text)
    USART2_IRQHandler                        0x080001b3   Thumb Code     0  startup_stm32f103xb.o(.text)
    USART3_IRQHandler                        0x080001b3   Thumb Code     0  startup_stm32f103xb.o(.text)
    USBWakeUp_IRQHandler                     0x080001b3   Thumb Code     0  startup_stm32f103xb.o(.text)
    USB_HP_CAN1_TX_IRQHandler                0x080001b3   Thumb Code     0  startup_stm32f103xb.o(.text)
    USB_LP_CAN1_RX0_IRQHandler               0x080001b3   Thumb Code     0  startup_stm32f103xb.o(.text)
    WWDG_IRQHandler                          0x080001b3   Thumb Code     0  startup_stm32f103xb.o(.text)
    __aeabi_llsr                             0x080001bd   Thumb Code    32  llushr.o(.text)
    _ll_ushift_r                             0x080001bd   Thumb Code     0  llushr.o(.text)
    __aeabi_memcpy                           0x080001dd   Thumb Code    36  memcpya.o(.text)
    __aeabi_memcpy4                          0x080001dd   Thumb Code     0  memcpya.o(.text)
    __aeabi_memcpy8                          0x080001dd   Thumb Code     0  memcpya.o(.text)
    __aeabi_memset                           0x08000201   Thumb Code    14  memseta.o(.text)
    __aeabi_memset4                          0x08000201   Thumb Code     0  memseta.o(.text)
    __aeabi_memset8                          0x08000201   Thumb Code     0  memseta.o(.text)
    __aeabi_memclr                           0x0800020f   Thumb Code     4  memseta.o(.text)
    __aeabi_memclr4                          0x0800020f   Thumb Code     0  memseta.o(.text)
    __aeabi_memclr8                          0x0800020f   Thumb Code     0  memseta.o(.text)
    _memset$wrapper                          0x08000213   Thumb Code    18  memseta.o(.text)
    __aeabi_fadd                             0x08000225   Thumb Code   164  fadd.o(.text)
    __aeabi_fsub                             0x080002c9   Thumb Code     6  fadd.o(.text)
    __aeabi_frsub                            0x080002cf   Thumb Code     6  fadd.o(.text)
    __aeabi_fmul                             0x080002d5   Thumb Code   100  fmul.o(.text)
    __aeabi_fdiv                             0x08000339   Thumb Code   124  fdiv.o(.text)
    __ARM_scalbnf                            0x080003b5   Thumb Code    24  fscalb.o(.text)
    scalbnf                                  0x080003b5   Thumb Code     0  fscalb.o(.text)
    __aeabi_dmul                             0x080003cd   Thumb Code   228  dmul.o(.text)
    __ARM_scalbn                             0x080004b1   Thumb Code    46  dscalb.o(.text)
    scalbn                                   0x080004b1   Thumb Code     0  dscalb.o(.text)
    __aeabi_i2f                              0x080004df   Thumb Code    18  fflti.o(.text)
    __aeabi_ui2f                             0x080004f1   Thumb Code    10  ffltui.o(.text)
    __aeabi_f2iz                             0x080004fb   Thumb Code    50  ffixi.o(.text)
    __aeabi_f2uiz                            0x0800052d   Thumb Code    40  ffixui.o(.text)
    __aeabi_f2d                              0x08000555   Thumb Code    38  f2d.o(.text)
    __aeabi_d2f                              0x0800057b   Thumb Code    56  d2f.o(.text)
    __aeabi_uldivmod                         0x080005b3   Thumb Code    98  uldiv.o(.text)
    __I$use$fp                               0x08000615   Thumb Code     0  iusefp.o(.text)
    _float_round                             0x08000615   Thumb Code    18  fepilogue.o(.text)
    _float_epilogue                          0x08000627   Thumb Code    92  fepilogue.o(.text)
    _double_round                            0x08000683   Thumb Code    30  depilogue.o(.text)
    _double_epilogue                         0x080006a1   Thumb Code   156  depilogue.o(.text)
    __scatterload                            0x0800073d   Thumb Code    28  init.o(.text)
    __scatterload_rt2                        0x0800073d   Thumb Code     0  init.o(.text)
    __aeabi_llsl                             0x08000761   Thumb Code    30  llshl.o(.text)
    _ll_shift_l                              0x08000761   Thumb Code     0  llshl.o(.text)
    ADC1_2_IRQHandler                        0x08000781   Thumb Code     6  stm32f1xx_it.o(i.ADC1_2_IRQHandler)
    ADC_ConversionStop_Disable               0x0800078d   Thumb Code    76  stm32f1xx_hal_adc.o(i.ADC_ConversionStop_Disable)
    ADC_DMAConvCplt                          0x080007d9   Thumb Code    78  stm32f1xx_hal_adc.o(i.ADC_DMAConvCplt)
    ADC_DMAError                             0x08000827   Thumb Code    26  stm32f1xx_hal_adc.o(i.ADC_DMAError)
    ADC_DMAHalfConvCplt                      0x08000841   Thumb Code    10  stm32f1xx_hal_adc.o(i.ADC_DMAHalfConvCplt)
    ADC_Enable                               0x0800084d   Thumb Code   104  stm32f1xx_hal_adc.o(i.ADC_Enable)
    BusFault_Handler                         0x080008bd   Thumb Code     2  stm32f1xx_it.o(i.BusFault_Handler)
    DMA1_Channel1_IRQHandler                 0x080008c1   Thumb Code     6  stm32f1xx_it.o(i.DMA1_Channel1_IRQHandler)
    DMA1_Channel5_IRQHandler                 0x080008cd   Thumb Code     6  stm32f1xx_it.o(i.DMA1_Channel5_IRQHandler)
    DebugMon_Handler                         0x08000903   Thumb Code     2  stm32f1xx_it.o(i.DebugMon_Handler)
    EXTI15_10_IRQHandler                     0x08000905   Thumb Code     8  stm32f1xx_it.o(i.EXTI15_10_IRQHandler)
    Error_Handler                            0x0800090d   Thumb Code     2  main.o(i.Error_Handler)
    GP21_Init                                0x08000911   Thumb Code    80  tdc_gp21.o(i.GP21_Init)
    GetRevBytes                              0x08000969   Thumb Code    20  z_serial.o(i.GetRevBytes)
    Gp21TrigTask                             0x08000981   Thumb Code    52  z_freertos.o(i.Gp21TrigTask)
    HAL_ADCEx_Calibration_Start              0x080009c5   Thumb Code   194  stm32f1xx_hal_adc_ex.o(i.HAL_ADCEx_Calibration_Start)
    HAL_ADCEx_InjectedConvCpltCallback       0x08000a8d   Thumb Code     2  stm32f1xx_hal_adc_ex.o(i.HAL_ADCEx_InjectedConvCpltCallback)
    HAL_ADC_ConfigChannel                    0x08000a91   Thumb Code   240  stm32f1xx_hal_adc.o(i.HAL_ADC_ConfigChannel)
    HAL_ADC_ConvCpltCallback                 0x08000b8d   Thumb Code    16  z_analog.o(i.HAL_ADC_ConvCpltCallback)
    HAL_ADC_ConvHalfCpltCallback             0x08000ba1   Thumb Code     2  stm32f1xx_hal_adc.o(i.HAL_ADC_ConvHalfCpltCallback)
    HAL_ADC_ErrorCallback                    0x08000ba3   Thumb Code     2  stm32f1xx_hal_adc.o(i.HAL_ADC_ErrorCallback)
    HAL_ADC_IRQHandler                       0x08000ba5   Thumb Code   230  stm32f1xx_hal_adc.o(i.HAL_ADC_IRQHandler)
    HAL_ADC_Init                             0x08000c8d   Thumb Code   272  stm32f1xx_hal_adc.o(i.HAL_ADC_Init)
    HAL_ADC_LevelOutOfWindowCallback         0x08000da9   Thumb Code     2  stm32f1xx_hal_adc.o(i.HAL_ADC_LevelOutOfWindowCallback)
    HAL_ADC_MspInit                          0x08000dad   Thumb Code   136  adc.o(i.HAL_ADC_MspInit)
    HAL_ADC_Start_DMA                        0x08000e49   Thumb Code   246  stm32f1xx_hal_adc.o(i.HAL_ADC_Start_DMA)
    HAL_ADC_Stop_DMA                         0x08000f55   Thumb Code    76  stm32f1xx_hal_adc.o(i.HAL_ADC_Stop_DMA)
    HAL_DMA_Abort                            0x08000fa1   Thumb Code    48  stm32f1xx_hal_dma.o(i.HAL_DMA_Abort)
    HAL_DMA_Abort_IT                         0x08000fd1   Thumb Code   148  stm32f1xx_hal_dma.o(i.HAL_DMA_Abort_IT)
    HAL_DMA_IRQHandler                       0x08001069   Thumb Code   316  stm32f1xx_hal_dma.o(i.HAL_DMA_IRQHandler)
    HAL_DMA_Init                             0x080011bd   Thumb Code    84  stm32f1xx_hal_dma.o(i.HAL_DMA_Init)
    HAL_DMA_Start_IT                         0x08001219   Thumb Code   112  stm32f1xx_hal_dma.o(i.HAL_DMA_Start_IT)
    HAL_Delay                                0x08001289   Thumb Code    32  stm32f1xx_hal.o(i.HAL_Delay)
    HAL_GPIO_EXTI_Callback                   0x080012ad   Thumb Code    36  z_freertos.o(i.HAL_GPIO_EXTI_Callback)
    HAL_GPIO_EXTI_IRQHandler                 0x080012d9   Thumb Code    18  stm32f1xx_hal_gpio.o(i.HAL_GPIO_EXTI_IRQHandler)
    HAL_GPIO_Init                            0x080012f1   Thumb Code   408  stm32f1xx_hal_gpio.o(i.HAL_GPIO_Init)
    HAL_GPIO_WritePin                        0x080014ad   Thumb Code    10  stm32f1xx_hal_gpio.o(i.HAL_GPIO_WritePin)
    HAL_GetTick                              0x080014b9   Thumb Code     6  stm32f1xx_hal.o(i.HAL_GetTick)
    HAL_IncTick                              0x080014c5   Thumb Code    12  stm32f1xx_hal.o(i.HAL_IncTick)
    HAL_Init                                 0x080014d5   Thumb Code    32  stm32f1xx_hal.o(i.HAL_Init)
    HAL_InitTick                             0x080014f9   Thumb Code    54  stm32f1xx_hal.o(i.HAL_InitTick)
    HAL_MspInit                              0x08001539   Thumb Code    62  stm32f1xx_hal_msp_1.o(i.HAL_MspInit)
    HAL_NVIC_EnableIRQ                       0x08001581   Thumb Code    22  stm32f1xx_hal_cortex.o(i.HAL_NVIC_EnableIRQ)
    HAL_NVIC_SetPriority                     0x08001599   Thumb Code    60  stm32f1xx_hal_cortex.o(i.HAL_NVIC_SetPriority)
    HAL_NVIC_SetPriorityGrouping             0x080015d9   Thumb Code    26  stm32f1xx_hal_cortex.o(i.HAL_NVIC_SetPriorityGrouping)
    HAL_RCCEx_GetPeriphCLKFreq               0x080015fd   Thumb Code   166  stm32f1xx_hal_rcc_ex.o(i.HAL_RCCEx_GetPeriphCLKFreq)
    HAL_RCCEx_PeriphCLKConfig                0x080016c5   Thumb Code   224  stm32f1xx_hal_rcc_ex.o(i.HAL_RCCEx_PeriphCLKConfig)
    HAL_RCC_ClockConfig                      0x080017b1   Thumb Code   346  stm32f1xx_hal_rcc.o(i.HAL_RCC_ClockConfig)
    HAL_RCC_GetPCLK1Freq                     0x0800191d   Thumb Code    20  stm32f1xx_hal_rcc.o(i.HAL_RCC_GetPCLK1Freq)
    HAL_RCC_GetPCLK2Freq                     0x0800193d   Thumb Code    20  stm32f1xx_hal_rcc.o(i.HAL_RCC_GetPCLK2Freq)
    HAL_RCC_GetSysClockFreq                  0x0800195d   Thumb Code    74  stm32f1xx_hal_rcc.o(i.HAL_RCC_GetSysClockFreq)
    HAL_RCC_OscConfig                        0x080019c9   Thumb Code   750  stm32f1xx_hal_rcc.o(i.HAL_RCC_OscConfig)
    HAL_SPI_Init                             0x08001ccd   Thumb Code   130  stm32f1xx_hal_spi_ex.o(i.HAL_SPI_Init)
    HAL_SPI_MspInit                          0x08001d51   Thumb Code   152  spi.o(i.HAL_SPI_MspInit)
    HAL_SPI_Transmit                         0x08001dfd   Thumb Code   360  stm32f1xx_hal_spi.o(i.HAL_SPI_Transmit)
    HAL_SPI_TransmitReceive                  0x08001f65   Thumb Code   472  stm32f1xx_hal_spi.o(i.HAL_SPI_TransmitReceive)
    HAL_SYSTICK_Config                       0x0800213d   Thumb Code    40  stm32f1xx_hal_cortex.o(i.HAL_SYSTICK_Config)
    HAL_TIMEx_MasterConfigSynchronization    0x08002165   Thumb Code    80  stm32f1xx_hal_tim_ex.o(i.HAL_TIMEx_MasterConfigSynchronization)
    HAL_TIM_Base_Init                        0x080021b5   Thumb Code    54  stm32f1xx_hal_tim.o(i.HAL_TIM_Base_Init)
    HAL_TIM_Base_MspInit                     0x080021ed   Thumb Code    30  tim.o(i.HAL_TIM_Base_MspInit)
    HAL_TIM_ConfigClockSource                0x08002211   Thumb Code   242  stm32f1xx_hal_tim.o(i.HAL_TIM_ConfigClockSource)
    HAL_TIM_MspPostInit                      0x08002305   Thumb Code   102  tim.o(i.HAL_TIM_MspPostInit)
    HAL_TIM_PWM_ConfigChannel                0x0800237d   Thumb Code   208  stm32f1xx_hal_tim.o(i.HAL_TIM_PWM_ConfigChannel)
    HAL_TIM_PWM_Init                         0x0800244d   Thumb Code    54  stm32f1xx_hal_tim.o(i.HAL_TIM_PWM_Init)
    HAL_TIM_PWM_MspInit                      0x08002485   Thumb Code    30  tim.o(i.HAL_TIM_PWM_MspInit)
    HAL_TIM_PWM_Start                        0x080024ad   Thumb Code    42  stm32f1xx_hal_tim.o(i.HAL_TIM_PWM_Start)
    HAL_UART_DMAStop                         0x080024dd   Thumb Code    88  stm32f1xx_hal_uart.o(i.HAL_UART_DMAStop)
    HAL_UART_ErrorCallback                   0x08002535   Thumb Code     2  stm32f1xx_hal_uart.o(i.HAL_UART_ErrorCallback)
    HAL_UART_IRQHandler                      0x08002539   Thumb Code   266  stm32f1xx_hal_uart.o(i.HAL_UART_IRQHandler)
    HAL_UART_Init                            0x08002649   Thumb Code    98  stm32f1xx_hal_uart.o(i.HAL_UART_Init)
    HAL_UART_MspInit                         0x080026ad   Thumb Code   168  usart.o(i.HAL_UART_MspInit)
    HAL_UART_Receive_DMA                     0x0800276d   Thumb Code   138  stm32f1xx_hal_uart.o(i.HAL_UART_Receive_DMA)
    HAL_UART_RxCpltCallback                  0x08002805   Thumb Code     2  stm32f1xx_hal_uart.o(i.HAL_UART_RxCpltCallback)
    HAL_UART_RxHalfCpltCallback              0x08002807   Thumb Code     2  stm32f1xx_hal_uart.o(i.HAL_UART_RxHalfCpltCallback)
    HAL_UART_Transmit                        0x08002809   Thumb Code   186  stm32f1xx_hal_uart.o(i.HAL_UART_Transmit)
    HAL_UART_TxCpltCallback                  0x080028c3   Thumb Code     2  stm32f1xx_hal_uart.o(i.HAL_UART_TxCpltCallback)
    HardFault_Handler                        0x080028c5   Thumb Code     2  stm32f1xx_it.o(i.HardFault_Handler)
    MX_ADC1_Init                             0x080028c9   Thumb Code    68  adc.o(i.MX_ADC1_Init)
    MX_DMA_Init                              0x08002915   Thumb Code    56  dma.o(i.MX_DMA_Init)
    MX_FREERTOS_Init                         0x08002951   Thumb Code    34  freertos.o(i.MX_FREERTOS_Init)
    MX_GPIO_Init                             0x0800297d   Thumb Code   208  gpio.o(i.MX_GPIO_Init)
    MX_SPI1_Init                             0x08002a61   Thumb Code    62  spi.o(i.MX_SPI1_Init)
    MX_SPI2_Init                             0x08002aa9   Thumb Code    60  spi.o(i.MX_SPI2_Init)
    MX_TIM2_Init                             0x08002aed   Thumb Code   144  tim.o(i.MX_TIM2_Init)
    MX_TIM3_Init                             0x08002b81   Thumb Code   106  tim.o(i.MX_TIM3_Init)
    MX_USART1_UART_Init                      0x08002bf5   Thumb Code    48  usart.o(i.MX_USART1_UART_Init)
    MemManage_Handler                        0x08002c2d   Thumb Code     2  stm32f1xx_it.o(i.MemManage_Handler)
    NMI_Handler                              0x08002c2f   Thumb Code     2  stm32f1xx_it.o(i.NMI_Handler)
    Send_Pose_Data                           0x08002d07   Thumb Code   116  connect_format.o(i.Send_Pose_Data)
    SerialTask                               0x08002d7d   Thumb Code    42  z_freertos.o(i.SerialTask)
    StartDefaultTask                         0x08002dad   Thumb Code    12  freertos.o(i.StartDefaultTask)
    SysTick_Handler                          0x08002db9   Thumb Code    14  stm32f1xx_it.o(i.SysTick_Handler)
    SystemClock_Config                       0x08002dc7   Thumb Code   114  main.o(i.SystemClock_Config)
    SystemInit                               0x08002e39   Thumb Code    56  system_stm32f1xx.o(i.SystemInit)
    TF_Accept                                0x08002e81   Thumb Code    32  tinyframe.o(i.TF_Accept)
    TF_AcceptChar                            0x08002ea1   Thumb Code   440  tinyframe.o(i.TF_AcceptChar)
    TF_AddGenericListener                    0x080030cd   Thumb Code    56  tinyframe.o(i.TF_AddGenericListener)
    TF_InitStatic                            0x08003285   Thumb Code    44  tinyframe.o(i.TF_InitStatic)
    TIM_Base_SetConfig                       0x080032dd   Thumb Code    94  stm32f1xx_hal_tim.o(i.TIM_Base_SetConfig)
    TIM_CCxChannelCmd                        0x08003349   Thumb Code    22  stm32f1xx_hal_tim.o(i.TIM_CCxChannelCmd)
    TIM_OC2_SetConfig                        0x080033d5   Thumb Code    84  stm32f1xx_hal_tim.o(i.TIM_OC2_SetConfig)
    USART1_IRQHandler                        0x080038ad   Thumb Code    16  stm32f1xx_it.o(i.USART1_IRQHandler)
    UsageFault_Handler                       0x080038c1   Thumb Code     2  stm32f1xx_it.o(i.UsageFault_Handler)
    __0printf$8                              0x080038c5   Thumb Code    22  printf8.o(i.__0printf$8)
    __1printf$8                              0x080038c5   Thumb Code     0  printf8.o(i.__0printf$8)
    __2printf                                0x080038c5   Thumb Code     0  printf8.o(i.__0printf$8)
    __scatterload_copy                       0x080038e5   Thumb Code    14  handlers.o(i.__scatterload_copy)
    __scatterload_null                       0x080038f3   Thumb Code     2  handlers.o(i.__scatterload_null)
    __scatterload_zeroinit                   0x080038f5   Thumb Code    14  handlers.o(i.__scatterload_zeroinit)
    addUartDmaRevListen                      0x08003d69   Thumb Code    28  z_serial.o(i.addUartDmaRevListen)
    dataGetCmdSlect                          0x08003df5   Thumb Code    66  test.o(i.dataGetCmdSlect)
    fputc                                    0x08003e41   Thumb Code    20  z_serial.o(i.fputc)
    get_gp21_statu                           0x08003e59   Thumb Code    12  tdc_gp21.o(i.get_gp21_statu)
    get_revLens                              0x08003e65   Thumb Code     8  z_serial.o(i.get_revLens)
    gp21_defaultcofg                         0x08003e71   Thumb Code    68  tdc_gp21.o(i.gp21_defaultcofg)
    gp21_distance_cal                        0x08003ec5   Thumb Code   186  z_lk02.o(i.gp21_distance_cal)
    gp21_read_diatance                       0x08003f95   Thumb Code     6  tdc_gp21.o(i.gp21_read_diatance)
    gp21_read_dword                          0x08003f9d   Thumb Code    84  tdc_gp21.o(i.gp21_read_dword)
    gp21_write                               0x08003ff9   Thumb Code    46  tdc_gp21.o(i.gp21_write)
    gp21_write_cfg                           0x08004031   Thumb Code    84  tdc_gp21.o(i.gp21_write_cfg)
    main                                     0x0800408d   Thumb Code    50  main.o(i.main)
    myGenericListener                        0x080040cd   Thumb Code    48  test.o(i.myGenericListener)
    osDelay                                  0x08004101   Thumb Code    14  cmsis_os.o(i.osDelay)
    osKernelStart                            0x0800410f   Thumb Code    10  cmsis_os.o(i.osKernelStart)
    osSystickHandler                         0x08004119   Thumb Code    20  cmsis_os.o(i.osSystickHandler)
    osThreadCreate                           0x0800412d   Thumb Code    46  cmsis_os.o(i.osThreadCreate)
    paramDataSaveCMD                         0x0800415d   Thumb Code    50  test.o(i.paramDataSaveCMD)
    paramGetCmdSlect                         0x08004195   Thumb Code    10  test.o(i.paramGetCmdSlect)
    pvPortMalloc                             0x080048e9   Thumb Code   210  heap_4.o(i.pvPortMalloc)
    pvTaskIncrementMutexHeldCount            0x080049c1   Thumb Code    18  tasks.o(i.pvTaskIncrementMutexHeldCount)
    pxPortInitialiseStack                    0x080049d9   Thumb Code    32  port.o(i.pxPortInitialiseStack)
    rx_pwmHv                                 0x080049fd   Thumb Code    10  z_lk02.o(i.rx_pwmHv)
    tdc_agc_control                          0x08004a0d   Thumb Code   130  z_freertos.o(i.tdc_agc_control)
    tdc_board_init                           0x08004a95   Thumb Code    90  z_lk02.o(i.tdc_board_init)
    tdc_delay                                0x08004b01   Thumb Code     6  tdc_gp21.o(i.tdc_delay)
    tdc_rx_voltge_relese                     0x08004b09   Thumb Code    38  z_lk02.o(i.tdc_rx_voltge_relese)
    tinyRecFunc                              0x08004b35   Thumb Code    62  test.o(i.tinyRecFunc)
    tlc5618_send_16byte                      0x08004b79   Thumb Code    60  tlc5618.o(i.tlc5618_send_16byte)
    tlc5618_write                            0x08004bbd   Thumb Code    32  tlc5618.o(i.tlc5618_write)
    tlc5618_writeAchannal                    0x08004bdd   Thumb Code     8  tlc5618.o(i.tlc5618_writeAchannal)
    tlc5618_writeBchannal                    0x08004be5   Thumb Code    18  tlc5618.o(i.tlc5618_writeBchannal)
    tlc_rx_pwmHvStart                        0x08004bf9   Thumb Code     8  z_lk02.o(i.tlc_rx_pwmHvStart)
    trigEnough                               0x08004c05   Thumb Code    30  z_freertos.o(i.trigEnough)
    trigGetData                              0x08004c2d   Thumb Code    72  z_freertos.o(i.trigGetData)
    trigOnce                                 0x08004c7d   Thumb Code    22  z_freertos.o(i.trigOnce)
    usartIdleInt                             0x08004c99   Thumb Code    38  z_serial.o(i.usartIdleInt)
    uxListRemove                             0x08004cc5   Thumb Code    36  list.o(i.uxListRemove)
    vListInitialise                          0x08004ce9   Thumb Code    22  list.o(i.vListInitialise)
    vListInitialiseItem                      0x08004cff   Thumb Code     6  list.o(i.vListInitialiseItem)
    vListInsert                              0x08004d05   Thumb Code    48  list.o(i.vListInsert)
    vListInsertEnd                           0x08004d35   Thumb Code    24  list.o(i.vListInsertEnd)
    vPortEnterCritical                       0x08004d4d   Thumb Code    54  port.o(i.vPortEnterCritical)
    vPortExitCritical                        0x08004d8d   Thumb Code    34  port.o(i.vPortExitCritical)
    vPortFree                                0x08004db5   Thumb Code    88  heap_4.o(i.vPortFree)
    vPortSetupTimerInterrupt                 0x08004e11   Thumb Code    26  port.o(i.vPortSetupTimerInterrupt)
    vPortValidateInterruptPriority           0x08004e31   Thumb Code    74  port.o(i.vPortValidateInterruptPriority)
    vQueueAddToRegistry                      0x08004e85   Thumb Code    34  queue.o(i.vQueueAddToRegistry)
    vQueueWaitForMessageRestricted           0x08004ead   Thumb Code    68  queue.o(i.vQueueWaitForMessageRestricted)
    vTaskDelay                               0x08004ef1   Thumb Code    66  tasks.o(i.vTaskDelay)
    vTaskMissedYield                         0x08004f3d   Thumb Code     8  tasks.o(i.vTaskMissedYield)
    vTaskPlaceOnEventList                    0x08004f49   Thumb Code    44  tasks.o(i.vTaskPlaceOnEventList)
    vTaskPlaceOnEventListRestricted          0x08004f79   Thumb Code    52  tasks.o(i.vTaskPlaceOnEventListRestricted)
    vTaskPriorityInherit                     0x08004fb1   Thumb Code   124  tasks.o(i.vTaskPriorityInherit)
    vTaskResume                              0x08005035   Thumb Code   112  tasks.o(i.vTaskResume)
    vTaskSetTimeOutState                     0x080050b1   Thumb Code    30  tasks.o(i.vTaskSetTimeOutState)
    vTaskStartScheduler                      0x080050d5   Thumb Code    94  tasks.o(i.vTaskStartScheduler)
    vTaskSuspend                             0x08005145   Thumb Code   162  tasks.o(i.vTaskSuspend)
    vTaskSuspendAll                          0x080051f5   Thumb Code    10  tasks.o(i.vTaskSuspendAll)
    vTaskSwitchContext                       0x08005205   Thumb Code    82  tasks.o(i.vTaskSwitchContext)
    xPortStartScheduler                      0x08005261   Thumb Code   102  port.o(i.xPortStartScheduler)
    xPortSysTickHandler                      0x080052d5   Thumb Code    38  port.o(i.xPortSysTickHandler)
    xQueueGenericCreate                      0x08005301   Thumb Code    72  queue.o(i.xQueueGenericCreate)
    xQueueGenericReceive                     0x08005349   Thumb Code   360  queue.o(i.xQueueGenericReceive)
    xQueueGenericReset                       0x080054b5   Thumb Code   132  queue.o(i.xQueueGenericReset)
    xQueueGenericSend                        0x0800553d   Thumb Code   346  queue.o(i.xQueueGenericSend)
    xQueueGenericSendFromISR                 0x0800569d   Thumb Code   188  queue.o(i.xQueueGenericSendFromISR)
    xQueueGiveFromISR                        0x08005759   Thumb Code   156  queue.o(i.xQueueGiveFromISR)
    xTaskCheckForTimeOut                     0x080057f5   Thumb Code   102  tasks.o(i.xTaskCheckForTimeOut)
    xTaskCreate                              0x08005861   Thumb Code    86  tasks.o(i.xTaskCreate)
    xTaskGetSchedulerState                   0x080058b9   Thumb Code    22  tasks.o(i.xTaskGetSchedulerState)
    xTaskGetTickCount                        0x080058d5   Thumb Code     6  tasks.o(i.xTaskGetTickCount)
    xTaskIncrementTick                       0x080058e1   Thumb Code   192  tasks.o(i.xTaskIncrementTick)
    xTaskPriorityDisinherit                  0x080059a9   Thumb Code   144  tasks.o(i.xTaskPriorityDisinherit)
    xTaskRemoveFromEventList                 0x08005a41   Thumb Code   108  tasks.o(i.xTaskRemoveFromEventList)
    xTaskResumeAll                           0x08005ab5   Thumb Code   182  tasks.o(i.xTaskResumeAll)
    xTimerCreateTimerTask                    0x08005b79   Thumb Code    56  timers.o(i.xTimerCreateTimerTask)
    xTimerGenericCommand                     0x08005bc1   Thumb Code    98  timers.o(i.xTimerGenericCommand)
    z_ListenerInit                           0x08005c29   Thumb Code    26  test.o(i.z_ListenerInit)
    z_analog_convert                         0x08005c51   Thumb Code    60  z_analog.o(i.z_analog_convert)
    z_analog_covertDMA                       0x08005c95   Thumb Code    64  z_analog.o(i.z_analog_covertDMA)
    z_serialDriverTask                       0x08005ce5   Thumb Code    66  z_serial.o(i.z_serialDriverTask)
    z_serial_init                            0x08005d45   Thumb Code    34  z_serial.o(i.z_serial_init)
    z_serial_write                           0x08005d6d   Thumb Code    14  z_serial.o(i.z_serial_write)
    z_taskCreate                             0x08005d81   Thumb Code    68  z_freertos.o(i.z_taskCreate)
    z_tiny_test                              0x08005e05   Thumb Code    16  test.o(i.z_tiny_test)
    AHBPrescTable                            0x08005e2c   Data          16  system_stm32f1xx.o(.constdata)
    APBPrescTable                            0x08005e3c   Data           8  system_stm32f1xx.o(.constdata)
    Region$$Table$$Base                      0x08006050   Number         0  anon$$obj.o(Region$$Table)
    Region$$Table$$Limit                     0x08006070   Number         0  anon$$obj.o(Region$$Table)
    defaultTaskHandle                        0x20000000   Data           4  freertos.o(.data)
    uwTickFreq                               0x20000004   Data           1  stm32f1xx_hal.o(.data)
    uwTickPrio                               0x20000008   Data           4  stm32f1xx_hal.o(.data)
    uwTick                                   0x2000000c   Data           4  stm32f1xx_hal.o(.data)
    SystemCoreClock                          0x20000010   Data           4  system_stm32f1xx.o(.data)
    pxCurrentTCB                             0x20000014   Data           4  tasks.o(.data)
    gp21_statu                               0x20000088   Data           1  tdc_gp21.o(.data)
    tx_signalGpio                            0x2000008c   Data           4  tdc_gp21.o(.data)
    gp21_spi                                 0x20000090   Data           4  tdc_gp21.o(.data)
    rxbuf                                    0x20000094   Data           5  tdc_gp21.o(.data)
    id                                       0x20000099   Data           7  tdc_gp21.o(.data)
    rev_lens                                 0x200000a2   Data           2  z_serial.o(.data)
    z_serial                                 0x200000a4   Data           4  z_serial.o(.data)
    serialSemaphore                          0x200000a8   Data           4  z_serial.o(.data)
    adcDMAisComplete                         0x200000ac   Data           1  z_analog.o(.data)
    erro_count                               0x200000ad   Data           1  z_analog.o(.data)
    adc_value_DMA                            0x200000ae   Data           2  z_analog.o(.data)
    z_analog_value                           0x200000b0   Data           2  z_analog.o(.data)
    z_anlog                                  0x200000b4   Data           4  z_analog.o(.data)
    value                                    0x200000b8   Data           4  z_analog.o(.data)
    test_valuenum                            0x200000bc   Data           4  z_analog.o(.data)
    tlc5618_spi                              0x200000c0   Data           4  tlc5618.o(.data)
    semaExitphore                            0x200000c4   Data           4  z_lk02.o(.data)
    test_dit                                 0x200000c8   Data           4  z_lk02.o(.data)
    test_distf                               0x200000cc   Data           4  z_lk02.o(.data)
    z_rx_pwm_hvCtl                           0x200000d0   Data           8  z_lk02.o(.data)
    demo_tf                                  0x200000d8   Data           4  test.o(.data)
    cmdMsg                                   0x200000dc   Data           4  test.o(.data)
    lk_param_statu                           0x200000e0   Data           5  test.o(.data)
    lk_parm                                  0x200000e5   Data          10  test.o(.data)
    tdc_statu                                0x200000f0   Data           1  z_freertos.o(.data)
    trigCount                                0x200000f4   Data           4  z_freertos.o(.data)
    erroTimeOutCount                         0x200000f8   Data           4  z_freertos.o(.data)
    xHandleGp21Trig                          0x20000100   Data           4  z_freertos.o(.data)
    z_tx_pwm_signal                          0x20000108   Data           8  z_freertos.o(.data)
    paramBuff                                0x20000110   Data           8  z_freertos.o(.data)
    flashParam                               0x20000118   Data           8  z_freertos.o(.data)
    __stdout                                 0x20000120   Data           4  stdout.o(.data)
    hadc1                                    0x20000124   Data          48  adc.o(.bss)
    hdma_adc1                                0x20000154   Data          68  adc.o(.bss)
    hspi1                                    0x20000198   Data          88  spi.o(.bss)
    hspi2                                    0x200001f0   Data          88  spi.o(.bss)
    htim2                                    0x20000248   Data          64  tim.o(.bss)
    htim3                                    0x20000288   Data          64  tim.o(.bss)
    huart1                                   0x200002c8   Data          64  usart.o(.bss)
    hdma_usart1_rx                           0x20000308   Data          68  usart.o(.bss)
    xQueueRegistry                           0x2000034c   Data          64  queue.o(.bss)
    serial_rxbuf                             0x20002bb4   Data          50  z_serial.o(.bss)
    dma_listen                               0x20002be8   Data          40  z_serial.o(.bss)
    adc_buf                                  0x20002c10   Data          20  z_analog.o(.bss)
    _TDC_GP21                                0x20002c24   Data          60  z_lk02.o(.bss)
    zjk_tf                                   0x20002c60   Data        2392  test.o(.bss)
    __initial_sp                             0x200039b8   Data           0  startup_stm32f103xb.o(STACK)



==============================================================================

Memory Map of the image

  Image Entry point : 0x080000ed

  Load Region LR_IROM1 (Base: 0x08000000, Size: 0x00006194, Max: 0x00010000, ABSOLUTE)

    Execution Region ER_IROM1 (Exec base: 0x08000000, Load base: 0x08000000, Size: 0x00006070, Max: 0x00010000, ABSOLUTE)

    Exec Addr    Load Addr    Size         Type   Attr      Idx    E Section Name        Object

    0x08000000   0x08000000   0x000000ec   Data   RO            3    RESET               startup_stm32f103xb.o
    0x080000ec   0x080000ec   0x00000000   Code   RO         5508  * .ARM.Collect$$$$00000000  mc_w.l(entry.o)
    0x080000ec   0x080000ec   0x00000004   Code   RO         5832    .ARM.Collect$$$$00000001  mc_w.l(entry2.o)
    0x080000f0   0x080000f0   0x00000004   Code   RO         5835    .ARM.Collect$$$$00000004  mc_w.l(entry5.o)
    0x080000f4   0x080000f4   0x00000000   Code   RO         5837    .ARM.Collect$$$$00000008  mc_w.l(entry7b.o)
    0x080000f4   0x080000f4   0x00000000   Code   RO         5839    .ARM.Collect$$$$0000000A  mc_w.l(entry8b.o)
    0x080000f4   0x080000f4   0x00000008   Code   RO         5840    .ARM.Collect$$$$0000000B  mc_w.l(entry9a.o)
    0x080000fc   0x080000fc   0x00000000   Code   RO         5842    .ARM.Collect$$$$0000000D  mc_w.l(entry10a.o)
    0x080000fc   0x080000fc   0x00000000   Code   RO         5844    .ARM.Collect$$$$0000000F  mc_w.l(entry11a.o)
    0x080000fc   0x080000fc   0x00000004   Code   RO         5833    .ARM.Collect$$$$00002712  mc_w.l(entry2.o)
    0x08000100   0x08000100   0x00000096   Code   RO         4568    .emb_text           port.o
    0x08000196   0x08000196   0x00000002   PAD
    0x08000198   0x08000198   0x00000024   Code   RO            4    .text               startup_stm32f103xb.o
    0x080001bc   0x080001bc   0x00000020   Code   RO         5511    .text               mc_w.l(llushr.o)
    0x080001dc   0x080001dc   0x00000024   Code   RO         5513    .text               mc_w.l(memcpya.o)
    0x08000200   0x08000200   0x00000024   Code   RO         5515    .text               mc_w.l(memseta.o)
    0x08000224   0x08000224   0x000000b0   Code   RO         5808    .text               mf_w.l(fadd.o)
    0x080002d4   0x080002d4   0x00000064   Code   RO         5810    .text               mf_w.l(fmul.o)
    0x08000338   0x08000338   0x0000007c   Code   RO         5812    .text               mf_w.l(fdiv.o)
    0x080003b4   0x080003b4   0x00000018   Code   RO         5814    .text               mf_w.l(fscalb.o)
    0x080003cc   0x080003cc   0x000000e4   Code   RO         5816    .text               mf_w.l(dmul.o)
    0x080004b0   0x080004b0   0x0000002e   Code   RO         5818    .text               mf_w.l(dscalb.o)
    0x080004de   0x080004de   0x00000012   Code   RO         5820    .text               mf_w.l(fflti.o)
    0x080004f0   0x080004f0   0x0000000a   Code   RO         5822    .text               mf_w.l(ffltui.o)
    0x080004fa   0x080004fa   0x00000032   Code   RO         5824    .text               mf_w.l(ffixi.o)
    0x0800052c   0x0800052c   0x00000028   Code   RO         5826    .text               mf_w.l(ffixui.o)
    0x08000554   0x08000554   0x00000026   Code   RO         5828    .text               mf_w.l(f2d.o)
    0x0800057a   0x0800057a   0x00000038   Code   RO         5830    .text               mf_w.l(d2f.o)
    0x080005b2   0x080005b2   0x00000062   Code   RO         5849    .text               mc_w.l(uldiv.o)
    0x08000614   0x08000614   0x00000000   Code   RO         5853    .text               mc_w.l(iusefp.o)
    0x08000614   0x08000614   0x0000006e   Code   RO         5854    .text               mf_w.l(fepilogue.o)
    0x08000682   0x08000682   0x000000ba   Code   RO         5856    .text               mf_w.l(depilogue.o)
    0x0800073c   0x0800073c   0x00000024   Code   RO         5866    .text               mc_w.l(init.o)
    0x08000760   0x08000760   0x0000001e   Code   RO         5868    .text               mc_w.l(llshl.o)
    0x0800077e   0x0800077e   0x00000002   PAD
    0x08000780   0x08000780   0x0000000c   Code   RO          555    i.ADC1_2_IRQHandler  stm32f1xx_it.o
    0x0800078c   0x0800078c   0x0000004c   Code   RO          709    i.ADC_ConversionStop_Disable  stm32f1xx_hal_adc.o
    0x080007d8   0x080007d8   0x0000004e   Code   RO          710    i.ADC_DMAConvCplt   stm32f1xx_hal_adc.o
    0x08000826   0x08000826   0x0000001a   Code   RO          711    i.ADC_DMAError      stm32f1xx_hal_adc.o
    0x08000840   0x08000840   0x0000000a   Code   RO          712    i.ADC_DMAHalfConvCplt  stm32f1xx_hal_adc.o
    0x0800084a   0x0800084a   0x00000002   PAD
    0x0800084c   0x0800084c   0x00000070   Code   RO          713    i.ADC_Enable        stm32f1xx_hal_adc.o
    0x080008bc   0x080008bc   0x00000002   Code   RO          556    i.BusFault_Handler  stm32f1xx_it.o
    0x080008be   0x080008be   0x00000002   PAD
    0x080008c0   0x080008c0   0x0000000c   Code   RO          557    i.DMA1_Channel1_IRQHandler  stm32f1xx_it.o
    0x080008cc   0x080008cc   0x0000000c   Code   RO          558    i.DMA1_Channel5_IRQHandler  stm32f1xx_it.o
    0x080008d8   0x080008d8   0x0000002a   Code   RO         2888    i.DMA_SetConfig     stm32f1xx_hal_dma.o
    0x08000902   0x08000902   0x00000002   Code   RO          559    i.DebugMon_Handler  stm32f1xx_it.o
    0x08000904   0x08000904   0x00000008   Code   RO          560    i.EXTI15_10_IRQHandler  stm32f1xx_it.o
    0x0800090c   0x0800090c   0x00000002   Code   RO           13    i.Error_Handler     main.o
    0x0800090e   0x0800090e   0x00000002   PAD
    0x08000910   0x08000910   0x00000058   Code   RO         4648    i.GP21_Init         tdc_gp21.o
    0x08000968   0x08000968   0x00000018   Code   RO         4741    i.GetRevBytes       z_serial.o
    0x08000980   0x08000980   0x00000044   Code   RO         5436    i.Gp21TrigTask      z_freertos.o
    0x080009c4   0x080009c4   0x000000c8   Code   RO          889    i.HAL_ADCEx_Calibration_Start  stm32f1xx_hal_adc_ex.o
    0x08000a8c   0x08000a8c   0x00000002   Code   RO          891    i.HAL_ADCEx_InjectedConvCpltCallback  stm32f1xx_hal_adc_ex.o
    0x08000a8e   0x08000a8e   0x00000002   PAD
    0x08000a90   0x08000a90   0x000000fc   Code   RO          715    i.HAL_ADC_ConfigChannel  stm32f1xx_hal_adc.o
    0x08000b8c   0x08000b8c   0x00000014   Code   RO         4817    i.HAL_ADC_ConvCpltCallback  z_analog.o
    0x08000ba0   0x08000ba0   0x00000002   Code   RO          717    i.HAL_ADC_ConvHalfCpltCallback  stm32f1xx_hal_adc.o
    0x08000ba2   0x08000ba2   0x00000002   Code   RO          719    i.HAL_ADC_ErrorCallback  stm32f1xx_hal_adc.o
    0x08000ba4   0x08000ba4   0x000000e6   Code   RO          723    i.HAL_ADC_IRQHandler  stm32f1xx_hal_adc.o
    0x08000c8a   0x08000c8a   0x00000002   PAD
    0x08000c8c   0x08000c8c   0x0000011c   Code   RO          724    i.HAL_ADC_Init      stm32f1xx_hal_adc.o
    0x08000da8   0x08000da8   0x00000002   Code   RO          725    i.HAL_ADC_LevelOutOfWindowCallback  stm32f1xx_hal_adc.o
    0x08000daa   0x08000daa   0x00000002   PAD
    0x08000dac   0x08000dac   0x0000009c   Code   RO          233    i.HAL_ADC_MspInit   adc.o
    0x08000e48   0x08000e48   0x0000010c   Code   RO          731    i.HAL_ADC_Start_DMA  stm32f1xx_hal_adc.o
    0x08000f54   0x08000f54   0x0000004c   Code   RO          734    i.HAL_ADC_Stop_DMA  stm32f1xx_hal_adc.o
    0x08000fa0   0x08000fa0   0x00000030   Code   RO         2889    i.HAL_DMA_Abort     stm32f1xx_hal_dma.o
    0x08000fd0   0x08000fd0   0x00000098   Code   RO         2890    i.HAL_DMA_Abort_IT  stm32f1xx_hal_dma.o
    0x08001068   0x08001068   0x00000154   Code   RO         2894    i.HAL_DMA_IRQHandler  stm32f1xx_hal_dma.o
    0x080011bc   0x080011bc   0x0000005c   Code   RO         2895    i.HAL_DMA_Init      stm32f1xx_hal_dma.o
    0x08001218   0x08001218   0x00000070   Code   RO         2899    i.HAL_DMA_Start_IT  stm32f1xx_hal_dma.o
    0x08001288   0x08001288   0x00000024   Code   RO         2529    i.HAL_Delay         stm32f1xx_hal.o
    0x080012ac   0x080012ac   0x0000002c   Code   RO         5437    i.HAL_GPIO_EXTI_Callback  z_freertos.o
    0x080012d8   0x080012d8   0x00000018   Code   RO         2824    i.HAL_GPIO_EXTI_IRQHandler  stm32f1xx_hal_gpio.o
    0x080012f0   0x080012f0   0x000001bc   Code   RO         2825    i.HAL_GPIO_Init     stm32f1xx_hal_gpio.o
    0x080014ac   0x080014ac   0x0000000a   Code   RO         2829    i.HAL_GPIO_WritePin  stm32f1xx_hal_gpio.o
    0x080014b6   0x080014b6   0x00000002   PAD
    0x080014b8   0x080014b8   0x0000000c   Code   RO         2533    i.HAL_GetTick       stm32f1xx_hal.o
    0x080014c4   0x080014c4   0x00000010   Code   RO         2537    i.HAL_IncTick       stm32f1xx_hal.o
    0x080014d4   0x080014d4   0x00000024   Code   RO         2538    i.HAL_Init          stm32f1xx_hal.o
    0x080014f8   0x080014f8   0x00000040   Code   RO         2539    i.HAL_InitTick      stm32f1xx_hal.o
    0x08001538   0x08001538   0x00000048   Code   RO          649    i.HAL_MspInit       stm32f1xx_hal_msp_1.o
    0x08001580   0x08001580   0x00000016   Code   RO         2985    i.HAL_NVIC_EnableIRQ  stm32f1xx_hal_cortex.o
    0x08001596   0x08001596   0x00000002   PAD
    0x08001598   0x08001598   0x00000040   Code   RO         2991    i.HAL_NVIC_SetPriority  stm32f1xx_hal_cortex.o
    0x080015d8   0x080015d8   0x00000024   Code   RO         2992    i.HAL_NVIC_SetPriorityGrouping  stm32f1xx_hal_cortex.o
    0x080015fc   0x080015fc   0x000000c8   Code   RO         2787    i.HAL_RCCEx_GetPeriphCLKFreq  stm32f1xx_hal_rcc_ex.o
    0x080016c4   0x080016c4   0x000000ec   Code   RO         2788    i.HAL_RCCEx_PeriphCLKConfig  stm32f1xx_hal_rcc_ex.o
    0x080017b0   0x080017b0   0x0000016c   Code   RO         2685    i.HAL_RCC_ClockConfig  stm32f1xx_hal_rcc.o
    0x0800191c   0x0800191c   0x00000020   Code   RO         2692    i.HAL_RCC_GetPCLK1Freq  stm32f1xx_hal_rcc.o
    0x0800193c   0x0800193c   0x00000020   Code   RO         2693    i.HAL_RCC_GetPCLK2Freq  stm32f1xx_hal_rcc.o
    0x0800195c   0x0800195c   0x0000006c   Code   RO         2694    i.HAL_RCC_GetSysClockFreq  stm32f1xx_hal_rcc.o
    0x080019c8   0x080019c8   0x00000304   Code   RO         2697    i.HAL_RCC_OscConfig  stm32f1xx_hal_rcc.o
    0x08001ccc   0x08001ccc   0x00000082   Code   RO         1308    i.HAL_SPI_Init      stm32f1xx_hal_spi_ex.o
    0x08001d4e   0x08001d4e   0x00000002   PAD
    0x08001d50   0x08001d50   0x000000ac   Code   RO          400    i.HAL_SPI_MspInit   spi.o
    0x08001dfc   0x08001dfc   0x00000168   Code   RO         1004    i.HAL_SPI_Transmit  stm32f1xx_hal_spi.o
    0x08001f64   0x08001f64   0x000001d8   Code   RO         1005    i.HAL_SPI_TransmitReceive  stm32f1xx_hal_spi.o
    0x0800213c   0x0800213c   0x00000028   Code   RO         2996    i.HAL_SYSTICK_Config  stm32f1xx_hal_cortex.o
    0x08002164   0x08002164   0x00000050   Code   RO         1980    i.HAL_TIMEx_MasterConfigSynchronization  stm32f1xx_hal_tim_ex.o
    0x080021b4   0x080021b4   0x00000036   Code   RO         1334    i.HAL_TIM_Base_Init  stm32f1xx_hal_tim.o
    0x080021ea   0x080021ea   0x00000002   PAD
    0x080021ec   0x080021ec   0x00000024   Code   RO          448    i.HAL_TIM_Base_MspInit  tim.o
    0x08002210   0x08002210   0x000000f2   Code   RO         1343    i.HAL_TIM_ConfigClockSource  stm32f1xx_hal_tim.o
    0x08002302   0x08002302   0x00000002   PAD
    0x08002304   0x08002304   0x00000078   Code   RO          449    i.HAL_TIM_MspPostInit  tim.o
    0x0800237c   0x0800237c   0x000000d0   Code   RO         1400    i.HAL_TIM_PWM_ConfigChannel  stm32f1xx_hal_tim.o
    0x0800244c   0x0800244c   0x00000036   Code   RO         1403    i.HAL_TIM_PWM_Init  stm32f1xx_hal_tim.o
    0x08002482   0x08002482   0x00000002   PAD
    0x08002484   0x08002484   0x00000028   Code   RO          451    i.HAL_TIM_PWM_MspInit  tim.o
    0x080024ac   0x080024ac   0x00000030   Code   RO         1407    i.HAL_TIM_PWM_Start  stm32f1xx_hal_tim.o
    0x080024dc   0x080024dc   0x00000058   Code   RO         2215    i.HAL_UART_DMAStop  stm32f1xx_hal_uart.o
    0x08002534   0x08002534   0x00000002   Code   RO         2217    i.HAL_UART_ErrorCallback  stm32f1xx_hal_uart.o
    0x08002536   0x08002536   0x00000002   PAD
    0x08002538   0x08002538   0x00000110   Code   RO         2220    i.HAL_UART_IRQHandler  stm32f1xx_hal_uart.o
    0x08002648   0x08002648   0x00000062   Code   RO         2221    i.HAL_UART_Init     stm32f1xx_hal_uart.o
    0x080026aa   0x080026aa   0x00000002   PAD
    0x080026ac   0x080026ac   0x000000c0   Code   RO          514    i.HAL_UART_MspInit  usart.o
    0x0800276c   0x0800276c   0x00000098   Code   RO         2225    i.HAL_UART_Receive_DMA  stm32f1xx_hal_uart.o
    0x08002804   0x08002804   0x00000002   Code   RO         2227    i.HAL_UART_RxCpltCallback  stm32f1xx_hal_uart.o
    0x08002806   0x08002806   0x00000002   Code   RO         2228    i.HAL_UART_RxHalfCpltCallback  stm32f1xx_hal_uart.o
    0x08002808   0x08002808   0x000000ba   Code   RO         2229    i.HAL_UART_Transmit  stm32f1xx_hal_uart.o
    0x080028c2   0x080028c2   0x00000002   Code   RO         2232    i.HAL_UART_TxCpltCallback  stm32f1xx_hal_uart.o
    0x080028c4   0x080028c4   0x00000002   Code   RO          561    i.HardFault_Handler  stm32f1xx_it.o
    0x080028c6   0x080028c6   0x00000002   PAD
    0x080028c8   0x080028c8   0x0000004c   Code   RO          234    i.MX_ADC1_Init      adc.o
    0x08002914   0x08002914   0x0000003c   Code   RO          274    i.MX_DMA_Init       dma.o
    0x08002950   0x08002950   0x0000002c   Code   RO          298    i.MX_FREERTOS_Init  freertos.o
    0x0800297c   0x0800297c   0x000000e4   Code   RO          208    i.MX_GPIO_Init      gpio.o
    0x08002a60   0x08002a60   0x00000048   Code   RO          401    i.MX_SPI1_Init      spi.o
    0x08002aa8   0x08002aa8   0x00000044   Code   RO          402    i.MX_SPI2_Init      spi.o
    0x08002aec   0x08002aec   0x00000094   Code   RO          452    i.MX_TIM2_Init      tim.o
    0x08002b80   0x08002b80   0x00000074   Code   RO          453    i.MX_TIM3_Init      tim.o
    0x08002bf4   0x08002bf4   0x00000038   Code   RO          515    i.MX_USART1_UART_Init  usart.o
    0x08002c2c   0x08002c2c   0x00000002   Code   RO          562    i.MemManage_Handler  stm32f1xx_it.o
    0x08002c2e   0x08002c2e   0x00000002   Code   RO          563    i.NMI_Handler       stm32f1xx_it.o
    0x08002c30   0x08002c30   0x00000020   Code   RO         2998    i.NVIC_SetPriority  stm32f1xx_hal_cortex.o
    0x08002c50   0x08002c50   0x00000020   Code   RO         1020    i.SPI_CheckFlag_BSY  stm32f1xx_hal_spi.o
    0x08002c70   0x08002c70   0x00000096   Code   RO         1039    i.SPI_WaitFlagStateUntilTimeout  stm32f1xx_hal_spi.o
    0x08002d06   0x08002d06   0x00000074   Code   RO         4944    i.Send_Pose_Data    connect_format.o
    0x08002d7a   0x08002d7a   0x00000002   PAD
    0x08002d7c   0x08002d7c   0x00000030   Code   RO         5439    i.SerialTask        z_freertos.o
    0x08002dac   0x08002dac   0x0000000c   Code   RO          299    i.StartDefaultTask  freertos.o
    0x08002db8   0x08002db8   0x0000000e   Code   RO          564    i.SysTick_Handler   stm32f1xx_it.o
    0x08002dc6   0x08002dc6   0x00000072   Code   RO           14    i.SystemClock_Config  main.o
    0x08002e38   0x08002e38   0x00000048   Code   RO         3414    i.SystemInit        system_stm32f1xx.o
    0x08002e80   0x08002e80   0x00000020   Code   RO         5202    i.TF_Accept         tinyframe.o
    0x08002ea0   0x08002ea0   0x0000022c   Code   RO         5203    i.TF_AcceptChar     tinyframe.o
    0x080030cc   0x080030cc   0x00000060   Code   RO         5204    i.TF_AddGenericListener  tinyframe.o
    0x0800312c   0x0800312c   0x00000014   Code   RO         5207    i.TF_CksumAdd       tinyframe.o
    0x08003140   0x08003140   0x00000144   Code   RO         5210    i.TF_HandleReceivedMessage  tinyframe.o
    0x08003284   0x08003284   0x00000058   Code   RO         5212    i.TF_InitStatic     tinyframe.o
    0x080032dc   0x080032dc   0x0000006c   Code   RO         1418    i.TIM_Base_SetConfig  stm32f1xx_hal_tim.o
    0x08003348   0x08003348   0x00000016   Code   RO         1419    i.TIM_CCxChannelCmd  stm32f1xx_hal_tim.o
    0x0800335e   0x0800335e   0x00000014   Code   RO         1425    i.TIM_ETR_SetConfig  stm32f1xx_hal_tim.o
    0x08003372   0x08003372   0x00000010   Code   RO         1426    i.TIM_ITRx_SetConfig  stm32f1xx_hal_tim.o
    0x08003382   0x08003382   0x00000002   PAD
    0x08003384   0x08003384   0x00000050   Code   RO         1427    i.TIM_OC1_SetConfig  stm32f1xx_hal_tim.o
    0x080033d4   0x080033d4   0x00000058   Code   RO         1428    i.TIM_OC2_SetConfig  stm32f1xx_hal_tim.o
    0x0800342c   0x0800342c   0x00000058   Code   RO         1429    i.TIM_OC3_SetConfig  stm32f1xx_hal_tim.o
    0x08003484   0x08003484   0x00000044   Code   RO         1430    i.TIM_OC4_SetConfig  stm32f1xx_hal_tim.o
    0x080034c8   0x080034c8   0x00000022   Code   RO         1432    i.TIM_TI1_ConfigInputStage  stm32f1xx_hal_tim.o
    0x080034ea   0x080034ea   0x00000024   Code   RO         1434    i.TIM_TI2_ConfigInputStage  stm32f1xx_hal_tim.o
    0x0800350e   0x0800350e   0x00000010   Code   RO         2234    i.UART_DMAAbortOnError  stm32f1xx_hal_uart.o
    0x0800351e   0x0800351e   0x0000004a   Code   RO         2235    i.UART_DMAError     stm32f1xx_hal_uart.o
    0x08003568   0x08003568   0x0000003c   Code   RO         2236    i.UART_DMAReceiveCplt  stm32f1xx_hal_uart.o
    0x080035a4   0x080035a4   0x0000000a   Code   RO         2238    i.UART_DMARxHalfCplt  stm32f1xx_hal_uart.o
    0x080035ae   0x080035ae   0x0000001c   Code   RO         2244    i.UART_EndRxTransfer  stm32f1xx_hal_uart.o
    0x080035ca   0x080035ca   0x00000012   Code   RO         2245    i.UART_EndTxTransfer  stm32f1xx_hal_uart.o
    0x080035dc   0x080035dc   0x00000096   Code   RO         2246    i.UART_Receive_IT   stm32f1xx_hal_uart.o
    0x08003672   0x08003672   0x00000002   PAD
    0x08003674   0x08003674   0x00000170   Code   RO         2247    i.UART_SetConfig    stm32f1xx_hal_uart.o
    0x080037e4   0x080037e4   0x00000062   Code   RO         2248    i.UART_Transmit_IT  stm32f1xx_hal_uart.o
    0x08003846   0x08003846   0x00000064   Code   RO         2249    i.UART_WaitOnFlagUntilTimeout  stm32f1xx_hal_uart.o
    0x080038aa   0x080038aa   0x00000002   PAD
    0x080038ac   0x080038ac   0x00000014   Code   RO          565    i.USART1_IRQHandler  stm32f1xx_it.o
    0x080038c0   0x080038c0   0x00000002   Code   RO          566    i.UsageFault_Handler  stm32f1xx_it.o
    0x080038c2   0x080038c2   0x00000002   PAD
    0x080038c4   0x080038c4   0x00000020   Code   RO         5726    i.__0printf$8       mc_w.l(printf8.o)
    0x080038e4   0x080038e4   0x0000000e   Code   RO         5874    i.__scatterload_copy  mc_w.l(handlers.o)
    0x080038f2   0x080038f2   0x00000002   Code   RO         5875    i.__scatterload_null  mc_w.l(handlers.o)
    0x080038f4   0x080038f4   0x0000000e   Code   RO         5876    i.__scatterload_zeroinit  mc_w.l(handlers.o)
    0x08003902   0x08003902   0x00000002   PAD
    0x08003904   0x08003904   0x00000410   Code   RO         5733    i._printf_core      mc_w.l(printf8.o)
    0x08003d14   0x08003d14   0x00000024   Code   RO         5734    i._printf_post_padding  mc_w.l(printf8.o)
    0x08003d38   0x08003d38   0x0000002e   Code   RO         5735    i._printf_pre_padding  mc_w.l(printf8.o)
    0x08003d66   0x08003d66   0x00000002   PAD
    0x08003d68   0x08003d68   0x00000024   Code   RO         4742    i.addUartDmaRevListen  z_serial.o
    0x08003d8c   0x08003d8c   0x00000014   Code   RO         5234    i.cleanup_generic_listener  tinyframe.o
    0x08003da0   0x08003da0   0x0000003e   Code   RO         5235    i.cleanup_id_listener  tinyframe.o
    0x08003dde   0x08003dde   0x00000014   Code   RO         5236    i.cleanup_type_listener  tinyframe.o
    0x08003df2   0x08003df2   0x00000002   PAD
    0x08003df4   0x08003df4   0x0000004c   Code   RO         5098    i.dataGetCmdSlect   test.o
    0x08003e40   0x08003e40   0x00000018   Code   RO         4743    i.fputc             z_serial.o
    0x08003e58   0x08003e58   0x0000000c   Code   RO         4649    i.get_gp21_statu    tdc_gp21.o
    0x08003e64   0x08003e64   0x0000000c   Code   RO         4744    i.get_revLens       z_serial.o
    0x08003e70   0x08003e70   0x00000054   Code   RO         4650    i.gp21_defaultcofg  tdc_gp21.o
    0x08003ec4   0x08003ec4   0x000000d0   Code   RO         4997    i.gp21_distance_cal  z_lk02.o
    0x08003f94   0x08003f94   0x00000006   Code   RO         4654    i.gp21_read_diatance  tdc_gp21.o
    0x08003f9a   0x08003f9a   0x00000002   PAD
    0x08003f9c   0x08003f9c   0x0000005c   Code   RO         4655    i.gp21_read_dword   tdc_gp21.o
    0x08003ff8   0x08003ff8   0x00000038   Code   RO         4657    i.gp21_write        tdc_gp21.o
    0x08004030   0x08004030   0x0000005c   Code   RO         4658    i.gp21_write_cfg    tdc_gp21.o
    0x0800408c   0x0800408c   0x00000032   Code   RO           15    i.main              main.o
    0x080040be   0x080040be   0x0000000c   Code   RO         4146    i.makeFreeRtosPriority  cmsis_os.o
    0x080040ca   0x080040ca   0x00000002   PAD
    0x080040cc   0x080040cc   0x00000034   Code   RO         5099    i.myGenericListener  test.o
    0x08004100   0x08004100   0x0000000e   Code   RO         4148    i.osDelay           cmsis_os.o
    0x0800410e   0x0800410e   0x0000000a   Code   RO         4151    i.osKernelStart     cmsis_os.o
    0x08004118   0x08004118   0x00000014   Code   RO         4184    i.osSystickHandler  cmsis_os.o
    0x0800412c   0x0800412c   0x0000002e   Code   RO         4185    i.osThreadCreate    cmsis_os.o
    0x0800415a   0x0800415a   0x00000002   PAD
    0x0800415c   0x0800415c   0x00000038   Code   RO         5100    i.paramDataSaveCMD  test.o
    0x08004194   0x08004194   0x00000010   Code   RO         5101    i.paramGetCmdSlect  test.o
    0x080041a4   0x080041a4   0x00000070   Code   RO         3729    i.prvAddCurrentTaskToDelayedList  tasks.o
    0x08004214   0x08004214   0x000000d0   Code   RO         3730    i.prvAddNewTaskToReadyList  tasks.o
    0x080042e4   0x080042e4   0x00000050   Code   RO         4015    i.prvCheckForValidListAndQueue  timers.o
    0x08004334   0x08004334   0x00000050   Code   RO         3731    i.prvCheckTasksWaitingTermination  tasks.o
    0x08004384   0x08004384   0x00000026   Code   RO         3583    i.prvCopyDataFromQueue  queue.o
    0x080043aa   0x080043aa   0x0000006c   Code   RO         3584    i.prvCopyDataToQueue  queue.o
    0x08004416   0x08004416   0x00000014   Code   RO         3732    i.prvDeleteTCB      tasks.o
    0x0800442a   0x0800442a   0x00000002   PAD
    0x0800442c   0x0800442c   0x00000048   Code   RO         4519    i.prvHeapInit       heap_4.o
    0x08004474   0x08004474   0x00000028   Code   RO         3733    i.prvIdleTask       tasks.o
    0x0800449c   0x0800449c   0x0000008e   Code   RO         3734    i.prvInitialiseNewTask  tasks.o
    0x0800452a   0x0800452a   0x00000002   PAD
    0x0800452c   0x0800452c   0x0000004c   Code   RO         4520    i.prvInsertBlockIntoFreeList  heap_4.o
    0x08004578   0x08004578   0x00000038   Code   RO         4016    i.prvInsertTimerInActiveList  timers.o
    0x080045b0   0x080045b0   0x0000001c   Code   RO         3585    i.prvIsQueueEmpty   queue.o
    0x080045cc   0x080045cc   0x000000c8   Code   RO         4017    i.prvProcessReceivedCommands  timers.o
    0x08004694   0x08004694   0x000000b4   Code   RO         4018    i.prvProcessTimerOrBlockTask  timers.o
    0x08004748   0x08004748   0x00000020   Code   RO         3735    i.prvResetNextTaskUnblockTime  tasks.o
    0x08004768   0x08004768   0x00000028   Code   RO         4019    i.prvSampleTimeNow  timers.o
    0x08004790   0x08004790   0x0000006c   Code   RO         4020    i.prvSwitchTimerLists  timers.o
    0x080047fc   0x080047fc   0x00000028   Code   RO         4569    i.prvTaskExitError  port.o
    0x08004824   0x08004824   0x00000034   Code   RO         3736    i.prvTaskIsTaskSuspended  tasks.o
    0x08004858   0x08004858   0x00000024   Code   RO         4021    i.prvTimerTask      timers.o
    0x0800487c   0x0800487c   0x0000006a   Code   RO         3586    i.prvUnlockQueue    queue.o
    0x080048e6   0x080048e6   0x00000002   PAD
    0x080048e8   0x080048e8   0x000000d8   Code   RO         4521    i.pvPortMalloc      heap_4.o
    0x080049c0   0x080049c0   0x00000018   Code   RO         3737    i.pvTaskIncrementMutexHeldCount  tasks.o
    0x080049d8   0x080049d8   0x00000024   Code   RO         4570    i.pxPortInitialiseStack  port.o
    0x080049fc   0x080049fc   0x00000010   Code   RO         4998    i.rx_pwmHv          z_lk02.o
    0x08004a0c   0x08004a0c   0x00000088   Code   RO         5440    i.tdc_agc_control   z_freertos.o
    0x08004a94   0x08004a94   0x0000006c   Code   RO         4999    i.tdc_board_init    z_lk02.o
    0x08004b00   0x08004b00   0x00000006   Code   RO         4659    i.tdc_delay         tdc_gp21.o
    0x08004b06   0x08004b06   0x00000002   PAD
    0x08004b08   0x08004b08   0x0000002c   Code   RO         5000    i.tdc_rx_voltge_relese  z_lk02.o
    0x08004b34   0x08004b34   0x00000044   Code   RO         5104    i.tinyRecFunc       test.o
    0x08004b78   0x08004b78   0x00000044   Code   RO         4881    i.tlc5618_send_16byte  tlc5618.o
    0x08004bbc   0x08004bbc   0x00000020   Code   RO         4883    i.tlc5618_write     tlc5618.o
    0x08004bdc   0x08004bdc   0x00000008   Code   RO         4884    i.tlc5618_writeAchannal  tlc5618.o
    0x08004be4   0x08004be4   0x00000012   Code   RO         4885    i.tlc5618_writeBchannal  tlc5618.o
    0x08004bf6   0x08004bf6   0x00000002   PAD
    0x08004bf8   0x08004bf8   0x0000000c   Code   RO         5001    i.tlc_rx_pwmHvStart  z_lk02.o
    0x08004c04   0x08004c04   0x00000028   Code   RO         5441    i.trigEnough        z_freertos.o
    0x08004c2c   0x08004c2c   0x00000050   Code   RO         5442    i.trigGetData       z_freertos.o
    0x08004c7c   0x08004c7c   0x0000001c   Code   RO         5443    i.trigOnce          z_freertos.o
    0x08004c98   0x08004c98   0x0000002c   Code   RO         4745    i.usartIdleInt      z_serial.o
    0x08004cc4   0x08004cc4   0x00000024   Code   RO         3546    i.uxListRemove      list.o
    0x08004ce8   0x08004ce8   0x00000016   Code   RO         3547    i.vListInitialise   list.o
    0x08004cfe   0x08004cfe   0x00000006   Code   RO         3548    i.vListInitialiseItem  list.o
    0x08004d04   0x08004d04   0x00000030   Code   RO         3549    i.vListInsert       list.o
    0x08004d34   0x08004d34   0x00000018   Code   RO         3550    i.vListInsertEnd    list.o
    0x08004d4c   0x08004d4c   0x00000040   Code   RO         4572    i.vPortEnterCritical  port.o
    0x08004d8c   0x08004d8c   0x00000028   Code   RO         4573    i.vPortExitCritical  port.o
    0x08004db4   0x08004db4   0x0000005c   Code   RO         4522    i.vPortFree         heap_4.o
    0x08004e10   0x08004e10   0x00000020   Code   RO         4574    i.vPortSetupTimerInterrupt  port.o
    0x08004e30   0x08004e30   0x00000054   Code   RO         4575    i.vPortValidateInterruptPriority  port.o
    0x08004e84   0x08004e84   0x00000028   Code   RO         3590    i.vQueueAddToRegistry  queue.o
    0x08004eac   0x08004eac   0x00000044   Code   RO         3593    i.vQueueWaitForMessageRestricted  queue.o
    0x08004ef0   0x08004ef0   0x0000004c   Code   RO         3743    i.vTaskDelay        tasks.o
    0x08004f3c   0x08004f3c   0x0000000c   Code   RO         3746    i.vTaskMissedYield  tasks.o
    0x08004f48   0x08004f48   0x00000030   Code   RO         3748    i.vTaskPlaceOnEventList  tasks.o
    0x08004f78   0x08004f78   0x00000038   Code   RO         3749    i.vTaskPlaceOnEventListRestricted  tasks.o
    0x08004fb0   0x08004fb0   0x00000084   Code   RO         3751    i.vTaskPriorityInherit  tasks.o
    0x08005034   0x08005034   0x0000007c   Code   RO         3753    i.vTaskResume       tasks.o
    0x080050b0   0x080050b0   0x00000024   Code   RO         3754    i.vTaskSetTimeOutState  tasks.o
    0x080050d4   0x080050d4   0x00000070   Code   RO         3755    i.vTaskStartScheduler  tasks.o
    0x08005144   0x08005144   0x000000b0   Code   RO         3756    i.vTaskSuspend      tasks.o
    0x080051f4   0x080051f4   0x00000010   Code   RO         3757    i.vTaskSuspendAll   tasks.o
    0x08005204   0x08005204   0x0000005c   Code   RO         3758    i.vTaskSwitchContext  tasks.o
    0x08005260   0x08005260   0x00000074   Code   RO         4576    i.xPortStartScheduler  port.o
    0x080052d4   0x080052d4   0x0000002c   Code   RO         4577    i.xPortSysTickHandler  port.o
    0x08005300   0x08005300   0x00000048   Code   RO         3595    i.xQueueGenericCreate  queue.o
    0x08005348   0x08005348   0x0000016c   Code   RO         3596    i.xQueueGenericReceive  queue.o
    0x080054b4   0x080054b4   0x00000088   Code   RO         3597    i.xQueueGenericReset  queue.o
    0x0800553c   0x0800553c   0x00000160   Code   RO         3598    i.xQueueGenericSend  queue.o
    0x0800569c   0x0800569c   0x000000bc   Code   RO         3599    i.xQueueGenericSendFromISR  queue.o
    0x08005758   0x08005758   0x0000009c   Code   RO         3600    i.xQueueGiveFromISR  queue.o
    0x080057f4   0x080057f4   0x0000006c   Code   RO         3759    i.xTaskCheckForTimeOut  tasks.o
    0x08005860   0x08005860   0x00000056   Code   RO         3760    i.xTaskCreate       tasks.o
    0x080058b6   0x080058b6   0x00000002   PAD
    0x080058b8   0x080058b8   0x0000001c   Code   RO         3764    i.xTaskGetSchedulerState  tasks.o
    0x080058d4   0x080058d4   0x0000000c   Code   RO         3765    i.xTaskGetTickCount  tasks.o
    0x080058e0   0x080058e0   0x000000c8   Code   RO         3767    i.xTaskIncrementTick  tasks.o
    0x080059a8   0x080059a8   0x00000098   Code   RO         3770    i.xTaskPriorityDisinherit  tasks.o
    0x08005a40   0x08005a40   0x00000074   Code   RO         3771    i.xTaskRemoveFromEventList  tasks.o
    0x08005ab4   0x08005ab4   0x000000c4   Code   RO         3773    i.xTaskResumeAll    tasks.o
    0x08005b78   0x08005b78   0x00000048   Code   RO         4025    i.xTimerCreateTimerTask  timers.o
    0x08005bc0   0x08005bc0   0x00000068   Code   RO         4026    i.xTimerGenericCommand  timers.o
    0x08005c28   0x08005c28   0x00000028   Code   RO         5106    i.z_ListenerInit    test.o
    0x08005c50   0x08005c50   0x00000044   Code   RO         4820    i.z_analog_convert  z_analog.o
    0x08005c94   0x08005c94   0x00000050   Code   RO         4822    i.z_analog_covertDMA  z_analog.o
    0x08005ce4   0x08005ce4   0x0000004c   Code   RO         4746    i.z_serialDriverTask  z_serial.o
    0x08005d30   0x08005d30   0x00000014   Code   RO         4747    i.z_serial_dma_start  z_serial.o
    0x08005d44   0x08005d44   0x00000028   Code   RO         4748    i.z_serial_init     z_serial.o
    0x08005d6c   0x08005d6c   0x00000014   Code   RO         4749    i.z_serial_write    z_serial.o
    0x08005d80   0x08005d80   0x00000084   Code   RO         5444    i.z_taskCreate      z_freertos.o
    0x08005e04   0x08005e04   0x00000014   Code   RO         5107    i.z_tiny_test       test.o
    0x08005e18   0x08005e18   0x00000014   Data   RO          300    .constdata          freertos.o
    0x08005e2c   0x08005e2c   0x00000010   Data   RO         3415    .constdata          system_stm32f1xx.o
    0x08005e3c   0x08005e3c   0x00000008   Data   RO         3416    .constdata          system_stm32f1xx.o
    0x08005e44   0x08005e44   0x00000200   Data   RO         5237    .constdata          tinyframe.o
    0x08006044   0x08006044   0x0000000c   Data   RO          301    .conststring        freertos.o
    0x08006050   0x08006050   0x00000020   Data   RO         5872    Region$$Table       anon$$obj.o


    Execution Region RW_IRAM1 (Exec base: 0x20000000, Load base: 0x08006070, Size: 0x000039b8, Max: 0x00005000, ABSOLUTE)

    Exec Addr    Load Addr    Size         Type   Attr      Idx    E Section Name        Object

    0x20000000   0x08006070   0x00000004   Data   RW          305    .data               freertos.o
    0x20000004   0x08006074   0x0000000c   Data   RW         2545    .data               stm32f1xx_hal.o
    0x20000010   0x08006080   0x00000004   Data   RW         3417    .data               system_stm32f1xx.o
    0x20000014   0x08006084   0x0000003c   Data   RW         3776    .data               tasks.o
    0x20000050   0x080060c0   0x00000014   Data   RW         4034    .data               timers.o
    0x20000064   0x080060d4   0x00000018   Data   RW         4527    .data               heap_4.o
    0x2000007c   0x080060ec   0x0000000c   Data   RW         4578    .data               port.o
    0x20000088   0x080060f8   0x00000018   Data   RW         4660    .data               tdc_gp21.o
    0x200000a0   0x08006110   0x0000000c   Data   RW         4751    .data               z_serial.o
    0x200000ac   0x0800611c   0x00000014   Data   RW         4824    .data               z_analog.o
    0x200000c0   0x08006130   0x00000004   Data   RW         4887    .data               tlc5618.o
    0x200000c4   0x08006134   0x00000014   Data   RW         5003    .data               z_lk02.o
    0x200000d8   0x08006148   0x00000017   Data   RW         5110    .data               test.o
    0x200000ef   0x0800615f   0x00000001   PAD
    0x200000f0   0x08006160   0x00000030   Data   RW         5445    .data               z_freertos.o
    0x20000120   0x08006190   0x00000004   Data   RW         5846    .data               mc_w.l(stdout.o)
    0x20000124        -       0x00000074   Zero   RW          235    .bss                adc.o
    0x20000198        -       0x000000b0   Zero   RW          403    .bss                spi.o
    0x20000248        -       0x00000080   Zero   RW          454    .bss                tim.o
    0x200002c8        -       0x00000084   Zero   RW          516    .bss                usart.o
    0x2000034c        -       0x00000040   Zero   RW         3605    .bss                queue.o
    0x2000038c        -       0x000000f0   Zero   RW         3775    .bss                tasks.o
    0x2000047c        -       0x00000028   Zero   RW         4033    .bss                timers.o
    0x200004a4        -       0x00002710   Zero   RW         4526    .bss                heap_4.o
    0x20002bb4        -       0x0000005c   Zero   RW         4750    .bss                z_serial.o
    0x20002c10        -       0x00000014   Zero   RW         4823    .bss                z_analog.o
    0x20002c24        -       0x0000003c   Zero   RW         5002    .bss                z_lk02.o
    0x20002c60        -       0x00000958   Zero   RW         5109    .bss                test.o
    0x200035b8        -       0x00000400   Zero   RW            1    STACK               startup_stm32f103xb.o


==============================================================================

Image component sizes


      Code (inc. data)   RO Data    RW Data    ZI Data      Debug   Object Name

       232         28          0          0        116       1571   adc.o
       102          0          0          0          0      12936   cmsis_os.o
       116          0          0          0          0       1157   connect_format.o
        60          4          0          0          0        682   dma.o
         0          0          0          0          0       9476   event_groups.o
        56         10         32          4          0       8233   freertos.o
       228         20          0          0          0        875   gpio.o
       456         22          0         24      10000       4491   heap_4.o
       136          0          0          0          0       3210   list.o
       166          0          0          0          0     477556   main.o
       606         72          0         12          0      10677   port.o
      1656         20          0          0         64      14749   queue.o
       312         38          0          0        176       2090   spi.o
        36          8        236          0       1024        772   startup_stm32f103xb.o
       164         28          0         12          0       5665   stm32f1xx_hal.o
      1418         54          0          0          0       9618   stm32f1xx_hal_adc.o
       202          6          0          0          0       1871   stm32f1xx_hal_adc_ex.o
       194         14          0          0          0      25571   stm32f1xx_hal_cortex.o
       786         36          0          0          0       4686   stm32f1xx_hal_dma.o
       478         42          0          0          0       3351   stm32f1xx_hal_gpio.o
        72         10          0          0          0        786   stm32f1xx_hal_msp_1.o
      1308         98          0          0          0       5040   stm32f1xx_hal_rcc.o
       436         46          0          0          0       2445   stm32f1xx_hal_rcc_ex.o
      1014          0          0          0          0       4717   stm32f1xx_hal_spi.o
       130          0          0          0          0       1007   stm32f1xx_hal_spi_ex.o
      1166         40          0          0          0      10884   stm32f1xx_hal_tim.o
        80          0          0          0          0       1212   stm32f1xx_hal_tim_ex.o
      1726         24          0          0          0      12771   stm32f1xx_hal_uart.o
        90         22          0          0          0       4856   stm32f1xx_it.o
        72         16         24          4          0       1067   system_stm32f1xx.o
      2488        212          0         60        240      24676   tasks.o
       436         50          0         24          0       5178   tdc_gp21.o
       328         50          0         23       2392       8322   test.o
       460         48          0          0        128       3231   tim.o
       876         82          0         20         40      17167   timers.o
      1218        250        512          0          0       8737   tinyframe.o
       126          8          0          4          0       3230   tlc5618.o
       248         32          0          0        132       1649   usart.o
       168         28          0         20         20       2581   z_analog.o
       576        124          0         48          0       5475   z_freertos.o
       388         56          0         20         60       5306   z_lk02.o
       296         56          0         12         92       5151   z_serial.o

    ----------------------------------------------------------------------
     21168       1654        836        288      14484     734725   Object Totals
         0          0         32          0          0          0   (incl. Generated)
        62          0          0          1          0          0   (incl. Padding)

    ----------------------------------------------------------------------

      Code (inc. data)   RO Data    RW Data    ZI Data      Debug   Library Member Name

         0          0          0          0          0          0   entry.o
         0          0          0          0          0          0   entry10a.o
         0          0          0          0          0          0   entry11a.o
         8          4          0          0          0          0   entry2.o
         4          0          0          0          0          0   entry5.o
         0          0          0          0          0          0   entry7b.o
         0          0          0          0          0          0   entry8b.o
         8          4          0          0          0          0   entry9a.o
        30          0          0          0          0          0   handlers.o
        36          8          0          0          0         68   init.o
         0          0          0          0          0          0   iusefp.o
        30          0          0          0          0         68   llshl.o
        32          0          0          0          0         68   llushr.o
        36          0          0          0          0         68   memcpya.o
        36          0          0          0          0        108   memseta.o
      1154         54          0          0          0        352   printf8.o
         0          0          0          4          0          0   stdout.o
        98          0          0          0          0         92   uldiv.o
        56          0          0          0          0         88   d2f.o
       186          0          0          0          0        176   depilogue.o
       228          0          0          0          0         96   dmul.o
        46          0          0          0          0         80   dscalb.o
        38          0          0          0          0         68   f2d.o
       176          0          0          0          0        140   fadd.o
       124          0          0          0          0         88   fdiv.o
       110          0          0          0          0        168   fepilogue.o
        50          0          0          0          0         68   ffixi.o
        40          0          0          0          0         68   ffixui.o
        18          0          0          0          0         68   fflti.o
        10          0          0          0          0         68   ffltui.o
       100          0          0          0          0         76   fmul.o
        24          0          0          0          0         68   fscalb.o

    ----------------------------------------------------------------------
      2684         70          0          4          0       2144   Library Totals
         6          0          0          0          0          0   (incl. Padding)

    ----------------------------------------------------------------------

      Code (inc. data)   RO Data    RW Data    ZI Data      Debug   Library Name

      1472         70          0          4          0        824   mc_w.l
      1206          0          0          0          0       1320   mf_w.l

    ----------------------------------------------------------------------
      2684         70          0          4          0       2144   Library Totals

    ----------------------------------------------------------------------

==============================================================================


      Code (inc. data)   RO Data    RW Data    ZI Data      Debug   

     23852       1724        836        292      14484     723605   Grand Totals
     23852       1724        836        292      14484     723605   ELF Image Totals
     23852       1724        836        292          0          0   ROM Totals

==============================================================================

    Total RO  Size (Code + RO Data)                24688 (  24.11kB)
    Total RW  Size (RW Data + ZI Data)             14776 (  14.43kB)
    Total ROM Size (Code + RO Data + RW Data)      24980 (  24.39kB)

==============================================================================

